Microchip MPLAB XC8 Compiler V2.10 ()

Linker command line:

-W-3 --edf=C:\Program Files (x86)\Microchip\xc8\v2.10\pic\dat\en_msgs.txt \
  -cs -h+dist/default/production\timer_driver_lab4.X.production.sym \
  --cmf=dist/default/production\timer_driver_lab4.X.production.cmf -z \
  -Q18F8722 -oC:\Users\Tuan\AppData\Local\Temp\sf5c.2 \
  --defsym=__MPLAB_BUILD=1 \
  -Mdist/default/production/timer_driver_lab4.X.production.map -E1 -ver=XC8 \
  --acfsm=1493 -ASTACK=0290h-0F5Fh -pstack=STACK -ACODE=00h-01FFFFh \
  -ACONST=00h-01FFFFh -ASMALLCONST=01000h-010FFhx496 \
  -AMEDIUMCONST=01000h-0FFFFh,011000h-01FFFFh -ACOMRAM=01h-05Fh \
  -AABS1=00h-0F5Fh -ABIGRAM=01h-0F5Fh \
  -ARAM=060h-0FFh,0100h-01FFhx14,0F00h-0F5Fh -ABANK0=060h-0FFh \
  -ABANK1=0100h-01FFh -ABANK2=0200h-02FFh -ABANK3=0300h-03FFh \
  -ABANK4=0400h-04FFh -ABANK5=0500h-05FFh -ABANK6=0600h-06FFh \
  -ABANK7=0700h-07FFh -ABANK8=0800h-08FFh -ABANK9=0900h-09FFh \
  -ABANK10=0A00h-0AFFh -ABANK11=0B00h-0BFFh -ABANK12=0C00h-0CFFh \
  -ABANK13=0D00h-0DFFh -ABANK14=0E00h-0EFFh -ABANK15=0F00h-0F5Fh \
  -ASFR=0F60h-0FFFh -preset_vec=00h,intcode=08h,intcodelo,powerup,init \
  -pramtop=01000h -psmallconst=SMALLCONST -pmediumconst=MEDIUMCONST \
  -pconst=CONST -AFARRAM=00h-00h -ACONFIG=0300000h-030000Dh -pconfig=CONFIG \
  -AIDLOC=0200000h-0200007h -pidloc=IDLOC -AEEDATA=0F00000h-0F003FFh \
  -peeprom_data=EEDATA \
  -prdata=COMRAM,nvrram=COMRAM,nvbit=COMRAM,rbss=COMRAM,rbit=COMRAM \
  -pfarbss=FARRAM,fardata=FARRAM,nvFARRAM=FARRAM \
  -pintsave_regs=BIGRAM,bigbss=BIGRAM,bigdata=BIGRAM -pbss=RAM \
  -pidata=CODE,irdata=CODE,ibigdata=CODE,ifardata=CODE -prparam=COMRAM \
  C:\Users\Tuan\AppData\Local\Temp\sf5c.o \
  dist/default/production\timer_driver_lab4.X.production.o 

Object code version is 3.11

Machine type is 18F8722

Call graph: (short form)




                Name                               Link     Load   Length Selector   Space Scale
C:\Users\Tuan\AppData\Local\Temp\sf5c.o
                init                                  E        E        4        4       0
                reset_vec                             0        0        4        0       0
                idloc                            200000   200000        8   200000       0
                config                           300000   300000        E   300000       0
dist/default/production\timer_driver_lab4.X.production.o
                intcode                               8        8        6        4       0
                temp                                 4D       4D        1        1       1
                smallconst                         1000     1000       10      800       0
                text55                             2F86     2F86       B0      808       0
                text54                             3A52     3A52       2A      808       0
                text53                             3B4A     3B4A       1C      808       0
                text52                             3AA4     3AA4       26      808       0
                text51                             30E2     30E2       AC      808       0
                text50                             3B80     3B80       18      808       0
                text49                             2586     2586      19C      808       0
                text48                             14D2     14D2      4B2      808       0
                intcode_body                       3416     3416       90      808       0
                text46                             3A7C     3A7C       28      808       0
                text45                             2ED4     2ED4       B2      808       0
                text44                             3A26     3A26       2C      808       0
                text43                             39F0     39F0       36      808       0
                text42                             32DE     32DE       A2      808       0
                text41                             379A     379A       52      808       0
                text40                             3748     3748       52      808       0
                text39                             35B4     35B4       6A      808       0
                text38                             3AEE     3AEE       20      808       0
                text37                             38B8     38B8       42      808       0
                text36                             3978     3978       3E      808       0
                text35                             3876     3876       42      808       0
                text34                             38FA     38FA       40      808       0
                text33                             3834     3834       42      808       0
                text32                             393A     393A       3E      808       0
                text31                             2D52     2D52       C6      808       0
                text30                             3036     3036       AC      808       0
                text29                             1984     1984      42C      808       0
                text28                             2A8E     2A8E      108      808       0
                text27                             2150     2150      27E      808       0
                text26                             3238     3238       A6      808       0
                text25                             34A6     34A6       8A      808       0
                text24                             3BAA     3BAA       12      808       0
                text23                             2E18     2E18       BC      808       0
                text22                             2B96     2B96       E8      808       0
                text21                             1010     1010      4C2      808       0
                text20                             37EC     37EC       48      808       0
                text19                             23CE     23CE      1B8      808       0
                text18                             318E     318E       AA      808       0
                text17                             2C7E     2C7E       D4      808       0
                text16                             2722     2722      136      808       0
                text15                             3682     3682       64      808       0
                text14                             3BD0     3BD0        6      808       0
                text13                             3B66     3B66       1A      808       0
                text12                             1DB0     1DB0      3A0      808       0
                text11                             39B6     39B6       3A      808       0
                text10                             3B98     3B98       12      808       0
                text9                              3B2C     3B2C       1E      808       0
                text8                              361E     361E       64      808       0
                text7                              3BCA     3BCA        6      808       0
                text6                              3BC4     3BC4        6      808       0
                text5                              3ACA     3ACA       24      808       0
                text4                              3530     3530       84      808       0
                text3                              2980     2980      10E      808       0
                text2                              3380     3380       96      808       0
                text1                              3B0E     3B0E       1E      808       0
                text0                              2858     2858      128      808       0
                cstackCOMRAM                          1        1       33        1       1
                cstackBANK0                          60       60       45       60       1
                bssBIGRAM                           164      164      12C      164       1
                bssBANK1                            100      100       64      100       1
                dataBANK0                            CF       CF        8       60       1
                bssBANK0                             A5       A5       2A       60       1
                bssCOMRAM                            34       34       19        1       1
                cinit                              36E6     36E6       62      808       0
                idataBANK0                         3BBC     3BBC        8      808       0

TOTAL           Name                               Link     Load   Length     Space
        CLASS   STACK          

        CLASS   CODE           
                intcode                               8        8        6         0
                init                                  E        E        4         0
                reset_vec                             0        0        4         0
                text55                             2F86     2F86       B0         0
                text54                             3A52     3A52       2A         0
                text53                             3B4A     3B4A       1C         0
                text52                             3AA4     3AA4       26         0
                text51                             30E2     30E2       AC         0
                text50                             3B80     3B80       18         0
                text49                             2586     2586      19C         0
                text48                             14D2     14D2      4B2         0
                intcode_body                       3416     3416       90         0
                text46                             3A7C     3A7C       28         0
                text45                             2ED4     2ED4       B2         0
                text44                             3A26     3A26       2C         0
                text43                             39F0     39F0       36         0
                text42                             32DE     32DE       A2         0
                text41                             379A     379A       52         0
                text40                             3748     3748       52         0
                text39                             35B4     35B4       6A         0
                text38                             3AEE     3AEE       20         0
                text37                             38B8     38B8       42         0
                text36                             3978     3978       3E         0
                text35                             3876     3876       42         0
                text34                             38FA     38FA       40         0
                text33                             3834     3834       42         0
                text32                             393A     393A       3E         0
                text31                             2D52     2D52       C6         0
                text30                             3036     3036       AC         0
                text29                             1984     1984      42C         0
                text28                             2A8E     2A8E      108         0
                text27                             2150     2150      27E         0
                text26                             3238     3238       A6         0
                text25                             34A6     34A6       8A         0
                text24                             3BAA     3BAA       12         0
                text23                             2E18     2E18       BC         0
                text22                             2B96     2B96       E8         0
                text21                             1010     1010      4C2         0
                text20                             37EC     37EC       48         0
                text19                             23CE     23CE      1B8         0
                text18                             318E     318E       AA         0
                text17                             2C7E     2C7E       D4         0
                text16                             2722     2722      136         0
                text15                             3682     3682       64         0
                text14                             3BD0     3BD0        6         0
                text13                             3B66     3B66       1A         0
                text12                             1DB0     1DB0      3A0         0
                text11                             39B6     39B6       3A         0
                text10                             3B98     3B98       12         0
                text9                              3B2C     3B2C       1E         0
                text8                              361E     361E       64         0
                text7                              3BCA     3BCA        6         0
                text6                              3BC4     3BC4        6         0
                text5                              3ACA     3ACA       24         0
                text4                              3530     3530       84         0
                text3                              2980     2980      10E         0
                text2                              3380     3380       96         0
                text1                              3B0E     3B0E       1E         0
                text0                              2858     2858      128         0
                cinit                              36E6     36E6       62         0
                idataBANK0                         3BBC     3BBC        8         0

        CLASS   CONST          

        CLASS   SMALLCONST     
                smallconst                         1000     1000       10         0

        CLASS   MEDIUMCONST    

        CLASS   COMRAM         
                temp                                 4D       4D        1         1
                cstackCOMRAM                          1        1       33         1
                bssCOMRAM                            34       34       19         1

        CLASS   ABS1           

        CLASS   BIGRAM         
                bssBIGRAM                           164      164      12C         1

        CLASS   RAM            

        CLASS   BANK0          
                cstackBANK0                          60       60       45         1
                dataBANK0                            CF       CF        8         1
                bssBANK0                             A5       A5       2A         1

        CLASS   BANK1          
                bssBANK1                            100      100       64         1

        CLASS   BANK2          

        CLASS   BANK3          

        CLASS   BANK4          

        CLASS   BANK5          

        CLASS   BANK6          

        CLASS   BANK7          

        CLASS   BANK8          

        CLASS   BANK9          

        CLASS   BANK10         

        CLASS   BANK11         

        CLASS   BANK12         

        CLASS   BANK13         

        CLASS   BANK14         

        CLASS   BANK15         

        CLASS   SFR            

        CLASS   FARRAM         

        CLASS   CONFIG         
                config                           300000   300000        E         0

        CLASS   IDLOC          
                idloc                            200000   200000        8         0

        CLASS   EEDATA         



SEGMENTS        Name                           Load    Length   Top    Selector   Space  Class

                reset_vec                      000000  000004  000004         0       0  CODE    
                cstackCOMRAM                   000001  00004D  00004E         1       1  COMRAM  
                intcode                        000008  00000A  000012         4       0  CODE    
                cstackBANK0                    000060  000077  0000D7        60       1  BANK0   
                bssBANK1                       000100  000064  000164       100       1  BANK1   
                bssBIGRAM                      000164  00012C  000290       164       1  BIGRAM  
                smallconst                     001000  000010  001010       800       0  SMALLCON
                text21                         001010  002BC6  003BD6       808       0  CODE    
                idloc                          200000  000008  200008    200000       0  IDLOC   
                config                         300000  00000E  30000E    300000       0  CONFIG  


UNUSED ADDRESS RANGES

        Name                Unused          Largest block    Delta
        BANK0            0000D7-0000FF               29
        BANK10           000A00-000AFF              100
        BANK11           000B00-000BFF              100
        BANK12           000C00-000CFF              100
        BANK13           000D00-000DFF              100
        BANK14           000E00-000EFF              100
        BANK15           000F00-000F5F               60
        BANK2            000290-0002FF               70
        BANK3            000300-0003FF              100
        BANK4            000400-0004FF              100
        BANK5            000500-0005FF              100
        BANK6            000600-0006FF              100
        BANK7            000700-0007FF              100
        BANK8            000800-0008FF              100
        BANK9            000900-0009FF              100
        BIGRAM           00004E-00005F               12
                         0000D7-0000FF               29
                         000290-000F5F              CD0
        CODE             000004-000007                4
                         000012-000FFF              FEE
                         003BD6-01FFFF            1C42A
        COMRAM           00004E-00005F               12
        CONST            000004-000007                4
                         000012-000FFF              FEE
                         003BD6-01FFFF            1C42A
        EEDATA           F00000-F003FF              400
        MEDIUMCONST      003BD6-00FFFF             C42A
                         011000-01FFFF             F000
        RAM              0000D7-0000FF               29
                         000290-000F5F              100
        SFR              000F60-000FFF               A0
        SMALLCONST       003BD6-01FFFF              100
        STACK            000290-000F5F              CD0

                                  Symbol Table

?___awdiv                      cstackBANK0  000060
?___awmod                      cstackBANK0  000060
?___fladd                      cstackBANK0  000087
?___flmul                      cstackBANK0  00006E
?___flsub                      cstackBANK0  000097
?___fltol                      cstackBANK0  000060
?___lldiv                      cstackBANK0  000060
?___llmod                      cstackBANK0  000060
?___wmul                       cstackBANK0  000060
?___xxtofl                     cstackBANK0  000060
?_dequeue                      cstackBANK0  000068
?_get_time                     cstackBANK0  000060
?_readButtonRA5                cstackBANK0  000060
?_readButtonRB0                cstackBANK0  000060
?i2___awmod                    cstackCOMRAM 000001
?i2___wmul                     cstackCOMRAM 000001
LCDMoveCursor@line             cstackBANK0  000067
LCDMoveCursor@pos              cstackBANK0  000066
LCDMoveCursor@position         cstackBANK0  00006A
LCDPrint@line                  cstackBANK0  00006E
LCDPrint@pos                   cstackBANK0  00006B
LCDPrint@ptr                   cstackBANK0  00006C
LCDPrintChar@ch                cstackBANK0  00006C
LCDPrintChar@line              cstackBANK0  00006D
LCDPrintChar@pos               cstackBANK0  00006B
LCDPutChar@ch                  cstackBANK0  000065
LCDPutInst@ch                  cstackBANK0  000065
LCDPutStr@ptr                  cstackBANK0  000066
Port_BBSPIInit@port_dir        cstackBANK0  000063
SendByteBBSPI@bitcount         cstackBANK0  000061
SendByteBBSPI@input            cstackBANK0  000062
SendByteBBSPI@output           cstackBANK0  000060
WritePort_BBSPI@a              cstackBANK0  000063
WritePort_BBSPI@port_add       cstackBANK0  000064
_ADCON1                        (abs)        000FC1
_INTCONbits                    (abs)        000FF2
_InitBBSPI                     text10       003B98
_LATA                          (abs)        000F89
_LATAbits                      (abs)        000F89
_LATB                          (abs)        000F8A
_LATC                          (abs)        000F8B
_LATCbits                      (abs)        000F8B
_LATD                          (abs)        000F8C
_LATFbits                      (abs)        000F8E
_LCDInit                       text8        00361E
_LCDMoveCursor                 text36       003978
_LCDMoveCursor$1079            cstackBANK0  000068
_LCDPrint                      text33       003834
_LCDPrintChar                  text32       00393A
_LCDPutChar                    text35       003876
_LCDPutInst                    text37       0038B8
_LCDPutStr                     text34       0038FA
_OSCCON                        (abs)        000FD3
_PIE1bits                      (abs)        000F9D
_PIR1bits                      (abs)        000F9E
_PORTAbits                     (abs)        000F80
_PORTBbits                     (abs)        000F81
_PORTCbits                     (abs)        000F82
_Port_BBSPIInit                text9        003B2C
_RA5_pressed                   bssBANK0     0000C6
_RB0_pressed                   bssBANK0     0000C5
_SendByteBBSPI                 text39       0035B4
_T0CON                         (abs)        000FD5
_T1CON                         (abs)        000FCD
_TMR0L                         (abs)        000FD6
_TMR1H                         (abs)        000FCF
_TMR1L                         (abs)        000FCE
_TRISA                         (abs)        000F92
_TRISAbits                     (abs)        000F92
_TRISB                         (abs)        000F93
_TRISC                         (abs)        000F94
_TRISCbits                     (abs)        000F94
_TRISD                         (abs)        000F95
_TRISFbits                     (abs)        000F97
_WritePort_BBSPI               text38       003AEE
__CFG_BOREN$OFF                (abs)        000000
__CFG_FCMEN$OFF                (abs)        000000
__CFG_IESO$OFF                 (abs)        000000
__CFG_LVP$OFF                  (abs)        000000
__CFG_MCLRE$ON                 (abs)        000000
__CFG_OSC$INTIO7               (abs)        000000
__CFG_PWRT$OFF                 (abs)        000000
__CFG_WDT$OFF                  (abs)        000000
__CFG_XINST$OFF                (abs)        000000
__HRAM                         (abs)        000000
__Habs1                        abs1         000000
__Hbank0                       bank0        000000
__Hbank1                       bank1        000000
__Hbank10                      bank10       000000
__Hbank11                      bank11       000000
__Hbank12                      bank12       000000
__Hbank13                      bank13       000000
__Hbank14                      bank14       000000
__Hbank15                      bank15       000000
__Hbank2                       bank2        000000
__Hbank3                       bank3        000000
__Hbank4                       bank4        000000
__Hbank5                       bank5        000000
__Hbank6                       bank6        000000
__Hbank7                       bank7        000000
__Hbank8                       bank8        000000
__Hbank9                       bank9        000000
__Hbigbss                      bigbss       000000
__Hbigdata                     bigdata      000000
__Hbigram                      bigram       000000
__Hbss                         bss          000000
__HbssBANK0                    bssBANK0     000000
__HbssBANK1                    bssBANK1     000000
__HbssBIGRAM                   bssBIGRAM    000000
__HbssCOMRAM                   bssCOMRAM    000000
__Hcinit                       cinit        000000
__Hclrtext                     clrtext      000000
__Hcomram                      comram       000000
__Hconfig                      config       30000E
__Hconst                       const        000000
__HcstackBANK0                 cstackBANK0  000000
__HcstackCOMRAM                cstackCOMRAM 000000
__Hdata                        data         000000
__HdataBANK0                   dataBANK0    000000
__Heeprom_data                 eeprom_data  000000
__Hfarbss                      farbss       000000
__Hfardata                     fardata      000000
__Hibigdata                    ibigdata     000000
__Hidata                       idata        000000
__HidataBANK0                  idataBANK0   000000
__Hidloc                       idloc        200008
__Hifardata                    ifardata     000000
__Hinit                        init         000012
__Hintcode                     intcode      00000E
__Hintcode_body                intcode_body 000000
__Hintcodelo                   intcodelo    00000E
__Hintentry                    intentry     000000
__Hintret                      intret       000000
__Hintsave_regs                intsave_regs 000000
__Hirdata                      irdata       000000
__Hmediumconst                 mediumconst  000000
__HnvFARRAM                    nvFARRAM     000000
__Hnvbit                       nvbit        000000
__Hnvrram                      nvrram       000000
__Hparam                       rparam       000000
__Hpowerup                     powerup      00000E
__Hram                         ram          000000
__Hramtop                      ramtop       001000
__Hrbit                        rbit         000000
__Hrbss                        rbss         000000
__Hrdata                       rdata        000000
__Hreset_vec                   reset_vec    000004
__Hrparam                      rparam       000000
__Hsfr                         sfr          000000
__Hsmallconst                  smallconst   001010
__Hspace_0                     (abs)        30000E
__Hspace_1                     (abs)        000290
__Hspace_2                     (abs)        000000
__Hstack                       stack        000000
__Hstruct                      struct       000000
__Htemp                        temp         00004E
__Htext                        text         000000
__Htext0                       text0        000000
__Htext1                       text1        000000
__Htext10                      text10       000000
__Htext11                      text11       000000
__Htext12                      text12       000000
__Htext13                      text13       000000
__Htext14                      text14       000000
__Htext15                      text15       000000
__Htext16                      text16       000000
__Htext17                      text17       000000
__Htext18                      text18       000000
__Htext19                      text19       000000
__Htext2                       text2        000000
__Htext20                      text20       000000
__Htext21                      text21       000000
__Htext22                      text22       000000
__Htext23                      text23       000000
__Htext24                      text24       000000
__Htext25                      text25       000000
__Htext26                      text26       000000
__Htext27                      text27       000000
__Htext28                      text28       000000
__Htext29                      text29       000000
__Htext3                       text3        000000
__Htext30                      text30       000000
__Htext31                      text31       000000
__Htext32                      text32       000000
__Htext33                      text33       000000
__Htext34                      text34       000000
__Htext35                      text35       000000
__Htext36                      text36       000000
__Htext37                      text37       000000
__Htext38                      text38       000000
__Htext39                      text39       000000
__Htext4                       text4        000000
__Htext40                      text40       000000
__Htext41                      text41       000000
__Htext42                      text42       000000
__Htext43                      text43       000000
__Htext44                      text44       000000
__Htext45                      text45       000000
__Htext46                      text46       000000
__Htext48                      text48       000000
__Htext49                      text49       000000
__Htext5                       text5        000000
__Htext50                      text50       000000
__Htext51                      text51       000000
__Htext52                      text52       000000
__Htext53                      text53       000000
__Htext54                      text54       000000
__Htext55                      text55       000000
__Htext56                      text56       000000
__Htext6                       text6        000000
__Htext7                       text7        000000
__Htext8                       text8        000000
__Htext9                       text9        000000
__LRAM                         (abs)        000001
__Labs1                        abs1         000000
__Lbank0                       bank0        000000
__Lbank1                       bank1        000000
__Lbank10                      bank10       000000
__Lbank11                      bank11       000000
__Lbank12                      bank12       000000
__Lbank13                      bank13       000000
__Lbank14                      bank14       000000
__Lbank15                      bank15       000000
__Lbank2                       bank2        000000
__Lbank3                       bank3        000000
__Lbank4                       bank4        000000
__Lbank5                       bank5        000000
__Lbank6                       bank6        000000
__Lbank7                       bank7        000000
__Lbank8                       bank8        000000
__Lbank9                       bank9        000000
__Lbigbss                      bigbss       000000
__Lbigdata                     bigdata      000000
__Lbigram                      bigram       000000
__Lbss                         bss          000000
__LbssBANK0                    bssBANK0     000000
__LbssBANK1                    bssBANK1     000000
__LbssBIGRAM                   bssBIGRAM    000000
__LbssCOMRAM                   bssCOMRAM    000000
__Lcinit                       cinit        000000
__Lclrtext                     clrtext      000000
__Lcomram                      comram       000000
__Lconfig                      config       300000
__Lconst                       const        000000
__LcstackBANK0                 cstackBANK0  000000
__LcstackCOMRAM                cstackCOMRAM 000000
__Ldata                        data         000000
__LdataBANK0                   dataBANK0    000000
__Leeprom_data                 eeprom_data  000000
__Lfarbss                      farbss       000000
__Lfardata                     fardata      000000
__Libigdata                    ibigdata     000000
__Lidata                       idata        000000
__LidataBANK0                  idataBANK0   000000
__Lidloc                       idloc        200000
__Lifardata                    ifardata     000000
__Linit                        init         00000E
__Lintcode                     intcode      000008
__Lintcode_body                intcode_body 000000
__Lintcodelo                   intcodelo    00000E
__Lintentry                    intentry     000000
__Lintret                      intret       000000
__Lintsave_regs                intsave_regs 000000
__Lirdata                      irdata       000000
__Lmediumconst                 mediumconst  000000
__LnvFARRAM                    nvFARRAM     000000
__Lnvbit                       nvbit        000000
__Lnvrram                      nvrram       000000
__Lparam                       rparam       000000
__Lpowerup                     powerup      00000E
__Lram                         ram          000000
__Lramtop                      ramtop       001000
__Lrbit                        rbit         000000
__Lrbss                        rbss         000000
__Lrdata                       rdata        000000
__Lreset_vec                   reset_vec    000000
__Lrparam                      rparam       000000
__Lsfr                         sfr          000000
__Lsmallconst                  smallconst   001000
__Lspace_0                     (abs)        000000
__Lspace_1                     (abs)        000000
__Lspace_2                     (abs)        000000
__Lstack                       stack        000000
__Lstruct                      struct       000000
__Ltemp                        temp         00004D
__Ltext                        text         000000
__Ltext0                       text0        000000
__Ltext1                       text1        000000
__Ltext10                      text10       000000
__Ltext11                      text11       000000
__Ltext12                      text12       000000
__Ltext13                      text13       000000
__Ltext14                      text14       000000
__Ltext15                      text15       000000
__Ltext16                      text16       000000
__Ltext17                      text17       000000
__Ltext18                      text18       000000
__Ltext19                      text19       000000
__Ltext2                       text2        000000
__Ltext20                      text20       000000
__Ltext21                      text21       000000
__Ltext22                      text22       000000
__Ltext23                      text23       000000
__Ltext24                      text24       000000
__Ltext25                      text25       000000
__Ltext26                      text26       000000
__Ltext27                      text27       000000
__Ltext28                      text28       000000
__Ltext29                      text29       000000
__Ltext3                       text3        000000
__Ltext30                      text30       000000
__Ltext31                      text31       000000
__Ltext32                      text32       000000
__Ltext33                      text33       000000
__Ltext34                      text34       000000
__Ltext35                      text35       000000
__Ltext36                      text36       000000
__Ltext37                      text37       000000
__Ltext38                      text38       000000
__Ltext39                      text39       000000
__Ltext4                       text4        000000
__Ltext40                      text40       000000
__Ltext41                      text41       000000
__Ltext42                      text42       000000
__Ltext43                      text43       000000
__Ltext44                      text44       000000
__Ltext45                      text45       000000
__Ltext46                      text46       000000
__Ltext48                      text48       000000
__Ltext49                      text49       000000
__Ltext5                       text5        000000
__Ltext50                      text50       000000
__Ltext51                      text51       000000
__Ltext52                      text52       000000
__Ltext53                      text53       000000
__Ltext54                      text54       000000
__Ltext55                      text55       000000
__Ltext56                      text56       000000
__Ltext6                       text6        000000
__Ltext7                       text7        000000
__Ltext8                       text8        000000
__Ltext9                       text9        000000
__S0                           (abs)        30000E
__S1                           (abs)        000290
__S2                           (abs)        000000
___awdiv                       text31       002D52
___awdiv@counter               cstackBANK0  000064
___awdiv@dividend              cstackBANK0  000060
___awdiv@divisor               cstackBANK0  000062
___awdiv@quotient              cstackBANK0  000066
___awdiv@sign                  cstackBANK0  000065
___awmod                       text45       002ED4
___awmod@counter               cstackBANK0  000064
___awmod@dividend              cstackBANK0  000060
___awmod@divisor               cstackBANK0  000062
___awmod@sign                  cstackBANK0  000065
___extmem_base                 (abs)        020000
___fladd                       text21       001010
___fladd@a                     cstackBANK0  00008B
___fladd@aexp                  cstackBANK0  000094
___fladd@b                     cstackBANK0  000087
___fladd@bexp                  cstackBANK0  000095
___fladd@grs                   cstackBANK0  000096
___fladd@signs                 cstackBANK0  000093
___fleq                        text30       003036
___fleq@ff1                    cstackBANK0  000060
___fleq@ff2                    cstackBANK0  000064
___flmul                       text29       001984
___flmul@a                     cstackBANK0  000072
___flmul@aexp                  cstackBANK0  00007F
___flmul@b                     cstackBANK0  00006E
___flmul@bexp                  cstackBANK0  000080
___flmul@grs                   cstackBANK0  00007B
___flmul@prod                  cstackBANK0  000081
___flmul@sign                  cstackBANK0  00007A
___flmul@temp                  cstackBANK0  000085
___flsub                       text20       0037EC
___flsub@a                     cstackBANK0  00009B
___flsub@b                     cstackBANK0  000097
___fltol                       text28       002A8E
___fltol@exp1                  cstackBANK0  000069
___fltol@f1                    cstackBANK0  000060
___fltol@sign1                 cstackBANK0  000068
___inthi_sp                    stack        000000
___intlo_sp                    stack        000000
___lldiv                       text26       003238
___lldiv@counter               cstackBANK0  00006C
___lldiv@dividend              cstackBANK0  000060
___lldiv@divisor               cstackBANK0  000064
___lldiv@quotient              cstackBANK0  000068
___llmod                       text25       0034A6
___llmod@counter               cstackBANK0  000068
___llmod@dividend              cstackBANK0  000060
___llmod@divisor               cstackBANK0  000064
___param_bank                  (abs)        000000
___rparam_used                 (abs)        000001
___sp                          stack        000000
___wmul                        text46       003A7C
___wmul@multiplicand           cstackBANK0  000062
___wmul@multiplier             cstackBANK0  000060
___wmul@product                cstackBANK0  000064
___xxtofl                      text19       0023CE
___xxtofl@arg                  cstackBANK0  00006A
___xxtofl@exp                  cstackBANK0  000069
___xxtofl@sign                 cstackBANK0  000068
___xxtofl@val                  cstackBANK0  000060
__accesstop                    (abs)        000060
__activetblptr                 (abs)        000003
__end_of_InitBBSPI             text10       003BAA
__end_of_LCDInit               text8        003682
__end_of_LCDMoveCursor         text36       0039B6
__end_of_LCDPrint              text33       003876
__end_of_LCDPrintChar          text32       003978
__end_of_LCDPutChar            text35       0038B8
__end_of_LCDPutInst            text37       0038FA
__end_of_LCDPutStr             text34       00393A
__end_of_Port_BBSPIInit        text9        003B4A
__end_of_SendByteBBSPI         text39       00361E
__end_of_WritePort_BBSPI       text38       003B0E
__end_of___awdiv               text31       002E18
__end_of___awmod               text45       002F86
__end_of___fladd               text21       0014D2
__end_of___fleq                text30       0030E2
__end_of___flmul               text29       001DB0
__end_of___flsub               text20       003834
__end_of___fltol               text28       002B96
__end_of___lldiv               text26       0032DE
__end_of___llmod               text25       003530
__end_of___wmul                text46       003AA4
__end_of___xxtofl              text19       002586
__end_of__initialization       cinit        00373E
__end_of_addTask               text12       002150
__end_of_dequeue               text42       003380
__end_of_dispatch              text14       003BD6
__end_of_enqueue               text51       00318E
__end_of_getByte               text18       003238
__end_of_getSizeQueue          text44       003A52
__end_of_get_time              text24       003BBC
__end_of_handleButton          text22       002C7E
__end_of_handleListHead        text48       001984
__end_of_initializeTaskList    text3        002A8E
__end_of_interrupt_initialize  text7        003BD0
__end_of_isEmptyList           text50       003B98
__end_of_isEmptyQueue          text43       003A26
__end_of_isFullList            text13       003B80
__end_of_isFullQueue           text53       003B66
__end_of_main                  text0        002980
__end_of_osc_initialize        text6        003BCA
__end_of_pin_initialize        text5        003AEE
__end_of_printTempAndHumid     text27       0023CE
__end_of_printTime_ms          text23       002ED4
__end_of_queueInitialize       text4        0035B4
__end_of_readButtonRA5         text41       0037EC
__end_of_readButtonRB0         text40       00379A
__end_of_readDHT               text17       002D52
__end_of_readTempAndHumid      text16       002858
__end_of_register_timer        text11       0039F0
__end_of_removeTask            text49       002722
__end_of_selectReadyTask       text15       0036E6
__end_of_start_timer           text2        003416
__end_of_system_initialize     text1        003B2C
__end_of_timer_interrupt       intcode_body 0034A6
__end_ofi2___awmod             text55       003036
__end_ofi2___wmul              text52       003ACA
__end_ofi2_getSizeQueue        text54       003A7C
__initialization               cinit        0036E6
__mediumconst                  mediumconst  000000
__pbssBANK0                    bssBANK0     0000A5
__pbssBANK1                    bssBANK1     000100
__pbssBIGRAM                   bssBIGRAM    000164
__pbssCOMRAM                   bssCOMRAM    000034
__pcinit                       cinit        0036E6
__pcstackBANK0                 cstackBANK0  000060
__pcstackCOMRAM                cstackCOMRAM 000001
__pdataBANK0                   dataBANK0    0000CF
__pidataBANK0                  idataBANK0   003BBC
__pintcode                     intcode      000008
__pintcode_body                intcode_body 003416
__psmallconst                  smallconst   001000
__ptext0                       text0        002858
__ptext1                       text1        003B0E
__ptext10                      text10       003B98
__ptext11                      text11       0039B6
__ptext12                      text12       001DB0
__ptext13                      text13       003B66
__ptext14                      text14       003BD0
__ptext15                      text15       003682
__ptext16                      text16       002722
__ptext17                      text17       002C7E
__ptext18                      text18       00318E
__ptext19                      text19       0023CE
__ptext2                       text2        003380
__ptext20                      text20       0037EC
__ptext21                      text21       001010
__ptext22                      text22       002B96
__ptext23                      text23       002E18
__ptext24                      text24       003BAA
__ptext25                      text25       0034A6
__ptext26                      text26       003238
__ptext27                      text27       002150
__ptext28                      text28       002A8E
__ptext29                      text29       001984
__ptext3                       text3        002980
__ptext30                      text30       003036
__ptext31                      text31       002D52
__ptext32                      text32       00393A
__ptext33                      text33       003834
__ptext34                      text34       0038FA
__ptext35                      text35       003876
__ptext36                      text36       003978
__ptext37                      text37       0038B8
__ptext38                      text38       003AEE
__ptext39                      text39       0035B4
__ptext4                       text4        003530
__ptext40                      text40       003748
__ptext41                      text41       00379A
__ptext42                      text42       0032DE
__ptext43                      text43       0039F0
__ptext44                      text44       003A26
__ptext45                      text45       002ED4
__ptext46                      text46       003A7C
__ptext48                      text48       0014D2
__ptext49                      text49       002586
__ptext5                       text5        003ACA
__ptext50                      text50       003B80
__ptext51                      text51       0030E2
__ptext52                      text52       003AA4
__ptext53                      text53       003B4A
__ptext54                      text54       003A52
__ptext55                      text55       002F86
__ptext56                      text56       000000
__ptext6                       text6        003BC4
__ptext7                       text7        003BCA
__ptext8                       text8        00361E
__ptext9                       text9        003B2C
__ramtop                       ramtop       001000
__size_of_InitBBSPI            (abs)        000000
__size_of_LCDInit              (abs)        000000
__size_of_LCDMoveCursor        (abs)        000000
__size_of_LCDPrint             (abs)        000000
__size_of_LCDPrintChar         (abs)        000000
__size_of_LCDPutChar           (abs)        000000
__size_of_LCDPutInst           (abs)        000000
__size_of_LCDPutStr            (abs)        000000
__size_of_Port_BBSPIInit       (abs)        000000
__size_of_SendByteBBSPI        (abs)        000000
__size_of_WritePort_BBSPI      (abs)        000000
__size_of___awdiv              (abs)        000000
__size_of___awmod              (abs)        000000
__size_of___fladd              (abs)        000000
__size_of___fleq               (abs)        000000
__size_of___flmul              (abs)        000000
__size_of___flsub              (abs)        000000
__size_of___fltol              (abs)        000000
__size_of___lldiv              (abs)        000000
__size_of___llmod              (abs)        000000
__size_of___wmul               (abs)        000000
__size_of___xxtofl             (abs)        000000
__size_of_addTask              (abs)        000000
__size_of_dequeue              (abs)        000000
__size_of_dispatch             (abs)        000000
__size_of_enqueue              (abs)        000000
__size_of_getByte              (abs)        000000
__size_of_getSizeQueue         (abs)        000000
__size_of_get_time             (abs)        000000
__size_of_handleButton         (abs)        000000
__size_of_handleListHead       (abs)        000000
__size_of_initializeTaskList   (abs)        000000
__size_of_interrupt_initialize (abs)        000000
__size_of_isEmptyList          (abs)        000000
__size_of_isEmptyQueue         (abs)        000000
__size_of_isFullList           (abs)        000000
__size_of_isFullQueue          (abs)        000000
__size_of_main                 (abs)        000000
__size_of_osc_initialize       (abs)        000000
__size_of_pin_initialize       (abs)        000000
__size_of_printTempAndHumid    (abs)        000000
__size_of_printTime_ms         (abs)        000000
__size_of_queueInitialize      (abs)        000000
__size_of_readButtonRA5        (abs)        000000
__size_of_readButtonRB0        (abs)        000000
__size_of_readDHT              (abs)        000000
__size_of_readTempAndHumid     (abs)        000000
__size_of_register_timer       (abs)        000000
__size_of_removeTask           (abs)        000000
__size_of_selectReadyTask      (abs)        000000
__size_of_start_timer          (abs)        000000
__size_of_system_initialize    (abs)        000000
__size_of_timer_interrupt      (abs)        000000
__size_ofi2___awmod            (abs)        000000
__size_ofi2___wmul             (abs)        000000
__size_ofi2_getSizeQueue       (abs)        000000
__smallconst                   smallconst   001000
_addTask                       text12       001DB0
_count                         bssCOMRAM    000048
_countRA5                      bssCOMRAM    000040
_countRA5_1                    bssCOMRAM    00003C
_countRB0                      bssCOMRAM    000038
_countRB0_1                    bssCOMRAM    000034
_dequeue                       text42       0032DE
_dispatch                      text14       003BD0
_enqueue                       text51       0030E2
_firstReadRA5                  dataBANK0    0000D6
_firstReadRB0                  dataBANK0    0000D4
_front                         dataBANK0    0000D1
_getByte                       text18       00318E
_getSizeQueue                  text44       003A26
_get_time                      text24       003BAA
_handleButton                  text22       002B96
_handleListHead                text48       0014D2
_handleListHead$1979           cstackCOMRAM 00001F
_handleListHead$1984           cstackCOMRAM 000022
_handleListHead$1985           cstackCOMRAM 000024
_head                          bssBANK0     0000C3
_humidity_dht11                bssBANK0     0000BD
_humidity_value                bssBANK0     0000C7
_initializeTaskList            text3        002980
_interrupt_initialize          text7        003BCA
_isEmptyList                   text50       003B80
_isEmptyQueue                  text43       0039F0
_isFullList                    text13       003B66
_isFullQueue                   text53       003B4A
_main                          text0        002858
_num_task                      bssBANK0     0000C4
_osc_initialize                text6        003BC4
_pin_initialize                text5        003ACA
_prev_time_ms                  bssCOMRAM    000044
_printTempAndHumid             text27       002150
_printTempAndHumid$115         cstackBANK0  000087
_printTempAndHumid$117         cstackBANK0  00008B
_printTime_ms                  text23       002E18
_queueInitialize               text4        003530
_readButtonRA5                 text41       00379A
_readButtonRB0                 text40       003748
_readDHT                       text17       002C7E
_readTempAndHumid              text16       002722
_ready_queue                   bssBANK1     000100
_rear                          dataBANK0    0000CF
_register_timer                text11       0039B6
_removeTask                    text49       002586
_remove_task_counter           bssCOMRAM    00004A
_secondReadRA5                 dataBANK0    0000D5
_secondReadRB0                 dataBANK0    0000D3
_selectReadyTask               text15       003682
_start_timer                   text2        003380
_stateRA5                      bssBANK0     0000C2
_stateRB0                      bssBANK0     0000C1
_system_initialize             text1        003B0E
_task_id                       bssBANK0     0000A5
_task_list                     bssBIGRAM    000164
_temperature_dht11             bssBANK0     0000BF
_temperature_value             bssBANK0     0000CB
_time_ms                       bssBANK0     0000B9
_timer_interrupt               intcode      000008
_value                         bssCOMRAM    00004C
addTask@cur                    cstackBANK0  000083
addTask@data                   cstackBANK0  000071
addTask@delay                  cstackBANK0  00006A
addTask@idx                    cstackBANK0  000085
addTask@period                 cstackBANK0  000066
addTask@prev                   cstackBANK0  00007F
addTask@ptr                    cstackBANK0  00006E
addTask@sum                    cstackBANK0  000081
btemp                          temp         00004D
dequeue@idx                    cstackBANK0  00006D
dequeue@temp                   cstackBANK0  00006F
end_of_initialization          cinit        00373E
enqueue@data                   cstackCOMRAM 00000D
enqueue@ptr                    cstackCOMRAM 00000A
getByte@byteReceived           cstackBANK0  000060
getByte@i                      cstackBANK0  000063
getByte@timeOut                cstackBANK0  000061
handleButton@checkRA5          cstackBANK0  000072
handleButton@checkRB0          cstackBANK0  000074
handleButton@data_ptr          cstackBANK0  00006E
handleListHead@cur             cstackCOMRAM 00002A
handleListHead@pos             cstackCOMRAM 00002C
handleListHead@prev            cstackCOMRAM 000026
handleListHead@sum             cstackCOMRAM 000028
i2___awmod                     text55       002F86
i2___awmod@counter             cstackCOMRAM 000005
i2___awmod@dividend            cstackCOMRAM 000001
i2___awmod@divisor             cstackCOMRAM 000003
i2___awmod@sign                cstackCOMRAM 000006
i2___wmul                      text52       003AA4
i2___wmul@multiplicand         cstackCOMRAM 000003
i2___wmul@multiplier           cstackCOMRAM 000001
i2___wmul@product              cstackCOMRAM 000005
i2_getSizeQueue                text54       003A52
initializeTaskList@i           cstackBANK0  000068
int$flags                      temp         00004D
int_func                       intcode_body 003416
intlevel0                      text         000000
intlevel1                      text         000000
intlevel2                      text         000000
intlevel3                      text         000000
printTempAndHumid@humid        cstackBANK0  000091
printTempAndHumid@temp         cstackBANK0  00008F
printTime_ms@current_time      cstackBANK0  000072
printTime_ms@i                 cstackBANK0  000071
printTime_ms@temp              cstackBANK0  000070
queueInitialize@i              cstackBANK0  000066
readDHT@checkSum               cstackBANK0  000065
readDHT@timeOut                cstackBANK0  000066
register_timer@callback        cstackBANK0  00008E
register_timer@data            cstackBANK0  000091
register_timer@delay           cstackBANK0  00008A
register_timer@period          cstackBANK0  000086
removeTask@idx                 cstackCOMRAM 000006
removeTask@pos                 cstackCOMRAM 000005
selectReadyTask@node           cstackBANK0  0000A0
stackhi                        (abs)        000F5F
stacklo                        (abs)        000290
start                          init         00000E
start_initialization           cinit        0036E6
start_timer@timer_vaddr        cstackBANK0  00006C
ttemp5                         temp         00004E
ttemp6                         temp         000051
ttemp7                         temp         000055
wtemp8                         temp         00004E


FUNCTION INFORMATION:

 *************** function _main *****************
 Defined at:
		line 76 in file "main.c"
 Parameters:    Size  Location     Type
		None
 Auto vars:     Size  Location     Type
		None
 Return value:  Size  Location     Type
                  1    wreg      void 
 Registers used:
		wreg, fsr0l, fsr0h, fsr1l, fsr1h, fsr2l, fsr2h, status,2, status,0, pclath, tosl, tblptrl, tblptrh, tblptru, prodl, prodh, cstack
 Tracked objects:
		On entry : 
		On exit  : 
		Unchanged: 
 Data sizes:     COMRAM   BANK0   BANK1   BANK2   BANK3   BANK4   BANK5   BANK6   BANK7   BANK8   BANK9  BANK10  BANK11  BANK12  BANK13  BANK14  BANK15
      Params:         0       0       0       0       0       0       0       0       0       0       0       0       0       0       0       0       0
      Locals:         0       0       0       0       0       0       0       0       0       0       0       0       0       0       0       0       0
      Temps:          0       0       0       0       0       0       0       0       0       0       0       0       0       0       0       0       0
      Totals:         0       0       0       0       0       0       0       0       0       0       0       0       0       0       0       0       0
Total ram usage:        0 bytes
 Hardware stack levels required when called:   14
 This function calls:
		_LCDPrint
		_dispatch
		_register_timer
		_system_initialize
 This function is called by:
		Startup code after reset
 This function uses a non-reentrant model


 *************** function _system_initialize *****************
 Defined at:
		line 30 in file "mcc.c"
 Parameters:    Size  Location     Type
		None
 Auto vars:     Size  Location     Type
		None
 Return value:  Size  Location     Type
                  1    wreg      void 
 Registers used:
		wreg, fsr2l, fsr2h, status,2, status,0, prodl, prodh, cstack
 Tracked objects:
		On entry : 
		On exit  : 
		Unchanged: 
 Data sizes:     COMRAM   BANK0   BANK1   BANK2   BANK3   BANK4   BANK5   BANK6   BANK7   BANK8   BANK9  BANK10  BANK11  BANK12  BANK13  BANK14  BANK15
      Params:         0       0       0       0       0       0       0       0       0       0       0       0       0       0       0       0       0
      Locals:         0       0       0       0       0       0       0       0       0       0       0       0       0       0       0       0       0
      Temps:          0       0       0       0       0       0       0       0       0       0       0       0       0       0       0       0       0
      Totals:         0       0       0       0       0       0       0       0       0       0       0       0       0       0       0       0       0
Total ram usage:        0 bytes
 Hardware stack levels used:    1
 Hardware stack levels required when called:   10
 This function calls:
		_LCDInit
		_interrupt_initialize
		_osc_initialize
		_pin_initialize
		_start_timer
 This function is called by:
		_main
 This function uses a non-reentrant model


 *************** function _start_timer *****************
 Defined at:
		line 5 in file "clock.c"
 Parameters:    Size  Location     Type
  timer_vaddr     1    wreg     unsigned char 
 Auto vars:     Size  Location     Type
  timer_vaddr     1   12[BANK0 ] unsigned char 
 Return value:  Size  Location     Type
                  2  103[None  ] int 
 Registers used:
		wreg, fsr2l, fsr2h, status,2, status,0, prodl, prodh, cstack
 Tracked objects:
		On entry : 
		On exit  : 
		Unchanged: 
 Data sizes:     COMRAM   BANK0   BANK1   BANK2   BANK3   BANK4   BANK5   BANK6   BANK7   BANK8   BANK9  BANK10  BANK11  BANK12  BANK13  BANK14  BANK15
      Params:         0       0       0       0       0       0       0       0       0       0       0       0       0       0       0       0       0
      Locals:         0       1       0       0       0       0       0       0       0       0       0       0       0       0       0       0       0
      Temps:          0       2       0       0       0       0       0       0       0       0       0       0       0       0       0       0       0
      Totals:         0       3       0       0       0       0       0       0       0       0       0       0       0       0       0       0       0
Total ram usage:        3 bytes
 Hardware stack levels used:    1
 Hardware stack levels required when called:    9
 This function calls:
		_initializeTaskList
 This function is called by:
		_system_initialize
 This function uses a non-reentrant model


 *************** function _initializeTaskList *****************
 Defined at:
		line 11 in file "task.c"
 Parameters:    Size  Location     Type
		None
 Auto vars:     Size  Location     Type
  i               2    8[BANK0 ] int 
 Return value:  Size  Location     Type
                  1    wreg      void 
 Registers used:
		wreg, fsr2l, fsr2h, status,2, status,0, prodl, prodh, cstack
 Tracked objects:
		On entry : 
		On exit  : 
		Unchanged: 
 Data sizes:     COMRAM   BANK0   BANK1   BANK2   BANK3   BANK4   BANK5   BANK6   BANK7   BANK8   BANK9  BANK10  BANK11  BANK12  BANK13  BANK14  BANK15
      Params:         0       0       0       0       0       0       0       0       0       0       0       0       0       0       0       0       0
      Locals:         0       2       0       0       0       0       0       0       0       0       0       0       0       0       0       0       0
      Temps:          0       0       0       0       0       0       0       0       0       0       0       0       0       0       0       0       0
      Totals:         0       2       0       0       0       0       0       0       0       0       0       0       0       0       0       0       0
Total ram usage:        2 bytes
 Hardware stack levels used:    1
 Hardware stack levels required when called:    8
 This function calls:
		___wmul
		_queueInitialize
 This function is called by:
		_start_timer
 This function uses a non-reentrant model


 *************** function _queueInitialize *****************
 Defined at:
		line 3 in file "ready_queue.c"
 Parameters:    Size  Location     Type
		None
 Auto vars:     Size  Location     Type
  i               2    6[BANK0 ] int 
 Return value:  Size  Location     Type
                  1    wreg      void 
 Registers used:
		wreg, fsr2l, fsr2h, status,2, status,0, prodl, prodh, cstack
 Tracked objects:
		On entry : 
		On exit  : 
		Unchanged: 
 Data sizes:     COMRAM   BANK0   BANK1   BANK2   BANK3   BANK4   BANK5   BANK6   BANK7   BANK8   BANK9  BANK10  BANK11  BANK12  BANK13  BANK14  BANK15
      Params:         0       0       0       0       0       0       0       0       0       0       0       0       0       0       0       0       0
      Locals:         0       2       0       0       0       0       0       0       0       0       0       0       0       0       0       0       0
      Temps:          0       0       0       0       0       0       0       0       0       0       0       0       0       0       0       0       0
      Totals:         0       2       0       0       0       0       0       0       0       0       0       0       0       0       0       0       0
Total ram usage:        2 bytes
 Hardware stack levels used:    1
 Hardware stack levels required when called:    7
 This function calls:
		___wmul
 This function is called by:
		_initializeTaskList
 This function uses a non-reentrant model


 *************** function _pin_initialize *****************
 Defined at:
		line 7 in file "mcc.c"
 Parameters:    Size  Location     Type
		None
 Auto vars:     Size  Location     Type
		None
 Return value:  Size  Location     Type
                  1    wreg      void 
 Registers used:
		wreg, status,2
 Tracked objects:
		On entry : 
		On exit  : 
		Unchanged: 
 Data sizes:     COMRAM   BANK0   BANK1   BANK2   BANK3   BANK4   BANK5   BANK6   BANK7   BANK8   BANK9  BANK10  BANK11  BANK12  BANK13  BANK14  BANK15
      Params:         0       0       0       0       0       0       0       0       0       0       0       0       0       0       0       0       0
      Locals:         0       0       0       0       0       0       0       0       0       0       0       0       0       0       0       0       0
      Temps:          0       0       0       0       0       0       0       0       0       0       0       0       0       0       0       0       0
      Totals:         0       0       0       0       0       0       0       0       0       0       0       0       0       0       0       0       0
Total ram usage:        0 bytes
 Hardware stack levels used:    1
 Hardware stack levels required when called:    6
 This function calls:
		Nothing
 This function is called by:
		_system_initialize
 This function uses a non-reentrant model


 *************** function _osc_initialize *****************
 Defined at:
		line 3 in file "mcc.c"
 Parameters:    Size  Location     Type
		None
 Auto vars:     Size  Location     Type
		None
 Return value:  Size  Location     Type
                  1    wreg      void 
 Registers used:
		wreg, status,2
 Tracked objects:
		On entry : 
		On exit  : 
		Unchanged: 
 Data sizes:     COMRAM   BANK0   BANK1   BANK2   BANK3   BANK4   BANK5   BANK6   BANK7   BANK8   BANK9  BANK10  BANK11  BANK12  BANK13  BANK14  BANK15
      Params:         0       0       0       0       0       0       0       0       0       0       0       0       0       0       0       0       0
      Locals:         0       0       0       0       0       0       0       0       0       0       0       0       0       0       0       0       0
      Temps:          0       0       0       0       0       0       0       0       0       0       0       0       0       0       0       0       0
      Totals:         0       0       0       0       0       0       0       0       0       0       0       0       0       0       0       0       0
Total ram usage:        0 bytes
 Hardware stack levels used:    1
 Hardware stack levels required when called:    6
 This function calls:
		Nothing
 This function is called by:
		_system_initialize
 This function uses a non-reentrant model


 *************** function _interrupt_initialize *****************
 Defined at:
		line 25 in file "mcc.c"
 Parameters:    Size  Location     Type
		None
 Auto vars:     Size  Location     Type
		None
 Return value:  Size  Location     Type
                  1    wreg      void 
 Registers used:
		None
 Tracked objects:
		On entry : 
		On exit  : 
		Unchanged: 
 Data sizes:     COMRAM   BANK0   BANK1   BANK2   BANK3   BANK4   BANK5   BANK6   BANK7   BANK8   BANK9  BANK10  BANK11  BANK12  BANK13  BANK14  BANK15
      Params:         0       0       0       0       0       0       0       0       0       0       0       0       0       0       0       0       0
      Locals:         0       0       0       0       0       0       0       0       0       0       0       0       0       0       0       0       0
      Temps:          0       0       0       0       0       0       0       0       0       0       0       0       0       0       0       0       0
      Totals:         0       0       0       0       0       0       0       0       0       0       0       0       0       0       0       0       0
Total ram usage:        0 bytes
 Hardware stack levels used:    1
 Hardware stack levels required when called:    6
 This function calls:
		Nothing
 This function is called by:
		_system_initialize
 This function uses a non-reentrant model


 *************** function _LCDInit *****************
 Defined at:
		line 45 in file "lcd.c"
 Parameters:    Size  Location     Type
		None
 Auto vars:     Size  Location     Type
		None
 Return value:  Size  Location     Type
                  1    wreg      void 
 Registers used:
		wreg, status,2, status,0, cstack
 Tracked objects:
		On entry : 
		On exit  : 
		Unchanged: 
 Data sizes:     COMRAM   BANK0   BANK1   BANK2   BANK3   BANK4   BANK5   BANK6   BANK7   BANK8   BANK9  BANK10  BANK11  BANK12  BANK13  BANK14  BANK15
      Params:         0       0       0       0       0       0       0       0       0       0       0       0       0       0       0       0       0
      Locals:         0       0       0       0       0       0       0       0       0       0       0       0       0       0       0       0       0
      Temps:          0       1       0       0       0       0       0       0       0       0       0       0       0       0       0       0       0
      Totals:         0       1       0       0       0       0       0       0       0       0       0       0       0       0       0       0       0
Total ram usage:        1 bytes
 Hardware stack levels used:    1
 Hardware stack levels required when called:    9
 This function calls:
		_InitBBSPI
		_LCDPutInst
		_Port_BBSPIInit
		_WritePort_BBSPI
 This function is called by:
		_system_initialize
 This function uses a non-reentrant model


 *************** function _Port_BBSPIInit *****************
 Defined at:
		line 123 in file "lcd.c"
 Parameters:    Size  Location     Type
  port_dir        1    wreg     unsigned char 
 Auto vars:     Size  Location     Type
  port_dir        1    3[BANK0 ] unsigned char 
 Return value:  Size  Location     Type
                  1    wreg      void 
 Registers used:
		wreg, status,2, status,0, cstack
 Tracked objects:
		On entry : 
		On exit  : 
		Unchanged: 
 Data sizes:     COMRAM   BANK0   BANK1   BANK2   BANK3   BANK4   BANK5   BANK6   BANK7   BANK8   BANK9  BANK10  BANK11  BANK12  BANK13  BANK14  BANK15
      Params:         0       0       0       0       0       0       0       0       0       0       0       0       0       0       0       0       0
      Locals:         0       1       0       0       0       0       0       0       0       0       0       0       0       0       0       0       0
      Temps:          0       0       0       0       0       0       0       0       0       0       0       0       0       0       0       0       0
      Totals:         0       1       0       0       0       0       0       0       0       0       0       0       0       0       0       0       0
Total ram usage:        1 bytes
 Hardware stack levels used:    1
 Hardware stack levels required when called:    7
 This function calls:
		_SendByteBBSPI
 This function is called by:
		_LCDInit
 This function uses a non-reentrant model


 *************** function _InitBBSPI *****************
 Defined at:
		line 70 in file "lcd.c"
 Parameters:    Size  Location     Type
		None
 Auto vars:     Size  Location     Type
		None
 Return value:  Size  Location     Type
                  1    wreg      void 
 Registers used:
		None
 Tracked objects:
		On entry : 
		On exit  : 
		Unchanged: 
 Data sizes:     COMRAM   BANK0   BANK1   BANK2   BANK3   BANK4   BANK5   BANK6   BANK7   BANK8   BANK9  BANK10  BANK11  BANK12  BANK13  BANK14  BANK15
      Params:         0       0       0       0       0       0       0       0       0       0       0       0       0       0       0       0       0
      Locals:         0       0       0       0       0       0       0       0       0       0       0       0       0       0       0       0       0
      Temps:          0       0       0       0       0       0       0       0       0       0       0       0       0       0       0       0       0
      Totals:         0       0       0       0       0       0       0       0       0       0       0       0       0       0       0       0       0
Total ram usage:        0 bytes
 Hardware stack levels used:    1
 Hardware stack levels required when called:    6
 This function calls:
		Nothing
 This function is called by:
		_LCDInit
 This function uses a non-reentrant model


 *************** function _register_timer *****************
 Defined at:
		line 38 in file "clock.c"
 Parameters:    Size  Location     Type
  period          4   38[BANK0 ] unsigned long 
  delay           4   42[BANK0 ] unsigned long 
  callback        3   46[BANK0 ] PTR FTN(PTR void ,)void 
		 -> readTempAndHumid(1), handleButton(1), printTempAndHumid(1), printTime_ms(1), 
  data            2   49[BANK0 ] PTR void 
		 -> NULL(0), 
 Auto vars:     Size  Location     Type
		None
 Return value:  Size  Location     Type
                  1    wreg      unsigned char 
 Registers used:
		wreg, fsr2l, fsr2h, status,2, status,0, prodl, prodh, cstack
 Tracked objects:
		On entry : 
		On exit  : 
		Unchanged: 
 Data sizes:     COMRAM   BANK0   BANK1   BANK2   BANK3   BANK4   BANK5   BANK6   BANK7   BANK8   BANK9  BANK10  BANK11  BANK12  BANK13  BANK14  BANK15
      Params:         0      13       0       0       0       0       0       0       0       0       0       0       0       0       0       0       0
      Locals:         0       0       0       0       0       0       0       0       0       0       0       0       0       0       0       0       0
      Temps:          0       0       0       0       0       0       0       0       0       0       0       0       0       0       0       0       0
      Totals:         0      13       0       0       0       0       0       0       0       0       0       0       0       0       0       0       0
Total ram usage:       13 bytes
 Hardware stack levels used:    1
 Hardware stack levels required when called:    8
 This function calls:
		_addTask
 This function is called by:
		_main
 This function uses a non-reentrant model


 *************** function _addTask *****************
 Defined at:
		line 24 in file "task.c"
 Parameters:    Size  Location     Type
  period          4    6[BANK0 ] unsigned long 
  delay           4   10[BANK0 ] unsigned long 
  ptr             3   14[BANK0 ] PTR FTN(PTR void ,)void 
		 -> readTempAndHumid(1), handleButton(1), printTempAndHumid(1), printTime_ms(1), 
  data            2   17[BANK0 ] PTR void 
		 -> NULL(0), 
 Auto vars:     Size  Location     Type
  cur             2   35[BANK0 ] int 
  prev            2   31[BANK0 ] int 
  sum             2   33[BANK0 ] int 
  idx             1   37[BANK0 ] unsigned char 
 Return value:  Size  Location     Type
                  1    wreg      unsigned char 
 Registers used:
		wreg, fsr2l, fsr2h, status,2, status,0, prodl, prodh, cstack
 Tracked objects:
		On entry : 
		On exit  : 
		Unchanged: 
 Data sizes:     COMRAM   BANK0   BANK1   BANK2   BANK3   BANK4   BANK5   BANK6   BANK7   BANK8   BANK9  BANK10  BANK11  BANK12  BANK13  BANK14  BANK15
      Params:         0      13       0       0       0       0       0       0       0       0       0       0       0       0       0       0       0
      Locals:         0       7       0       0       0       0       0       0       0       0       0       0       0       0       0       0       0
      Temps:          0      12       0       0       0       0       0       0       0       0       0       0       0       0       0       0       0
      Totals:         0      32       0       0       0       0       0       0       0       0       0       0       0       0       0       0       0
Total ram usage:       32 bytes
 Hardware stack levels used:    1
 Hardware stack levels required when called:    7
 This function calls:
		___wmul
		_isFullList
 This function is called by:
		_register_timer
 This function uses a non-reentrant model


 *************** function _isFullList *****************
 Defined at:
		line 7 in file "task.c"
 Parameters:    Size  Location     Type
		None
 Auto vars:     Size  Location     Type
		None
 Return value:  Size  Location     Type
                  1    wreg      unsigned char 
 Registers used:
		wreg, status,2, status,0
 Tracked objects:
		On entry : 
		On exit  : 
		Unchanged: 
 Data sizes:     COMRAM   BANK0   BANK1   BANK2   BANK3   BANK4   BANK5   BANK6   BANK7   BANK8   BANK9  BANK10  BANK11  BANK12  BANK13  BANK14  BANK15
      Params:         0       0       0       0       0       0       0       0       0       0       0       0       0       0       0       0       0
      Locals:         0       0       0       0       0       0       0       0       0       0       0       0       0       0       0       0       0
      Temps:          0       0       0       0       0       0       0       0       0       0       0       0       0       0       0       0       0
      Totals:         0       0       0       0       0       0       0       0       0       0       0       0       0       0       0       0       0
Total ram usage:        0 bytes
 Hardware stack levels used:    1
 Hardware stack levels required when called:    6
 This function calls:
		Nothing
 This function is called by:
		_addTask
 This function uses a non-reentrant model


 *************** function _dispatch *****************
 Defined at:
		line 69 in file "clock.c"
 Parameters:    Size  Location     Type
		None
 Auto vars:     Size  Location     Type
		None
 Return value:  Size  Location     Type
                  1    wreg      void 
 Registers used:
		wreg, fsr0l, fsr0h, fsr1l, fsr1h, fsr2l, fsr2h, status,2, status,0, pclath, tosl, tblptrl, tblptrh, tblptru, prodl, prodh, cstack
 Tracked objects:
		On entry : 
		On exit  : 
		Unchanged: 
 Data sizes:     COMRAM   BANK0   BANK1   BANK2   BANK3   BANK4   BANK5   BANK6   BANK7   BANK8   BANK9  BANK10  BANK11  BANK12  BANK13  BANK14  BANK15
      Params:         0       0       0       0       0       0       0       0       0       0       0       0       0       0       0       0       0
      Locals:         0       0       0       0       0       0       0       0       0       0       0       0       0       0       0       0       0
      Temps:          0       0       0       0       0       0       0       0       0       0       0       0       0       0       0       0       0
      Totals:         0       0       0       0       0       0       0       0       0       0       0       0       0       0       0       0       0
Total ram usage:        0 bytes
 Hardware stack levels used:    1
 Hardware stack levels required when called:   13
 This function calls:
		_selectReadyTask
 This function is called by:
		_main
 This function uses a non-reentrant model


 *************** function _selectReadyTask *****************
 Defined at:
		line 123 in file "task.c"
 Parameters:    Size  Location     Type
		None
 Auto vars:     Size  Location     Type
  node            5   64[BANK0 ] struct .
 Return value:  Size  Location     Type
                  1    wreg      void 
 Registers used:
		wreg, fsr0l, fsr0h, fsr1l, fsr1h, fsr2l, fsr2h, status,2, status,0, pclath, tosl, tblptrl, tblptrh, tblptru, prodl, prodh, cstack
 Tracked objects:
		On entry : 
		On exit  : 
		Unchanged: 
 Data sizes:     COMRAM   BANK0   BANK1   BANK2   BANK3   BANK4   BANK5   BANK6   BANK7   BANK8   BANK9  BANK10  BANK11  BANK12  BANK13  BANK14  BANK15
      Params:         0       0       0       0       0       0       0       0       0       0       0       0       0       0       0       0       0
      Locals:         0       5       0       0       0       0       0       0       0       0       0       0       0       0       0       0       0
      Temps:          0       0       0       0       0       0       0       0       0       0       0       0       0       0       0       0       0
      Totals:         0       5       0       0       0       0       0       0       0       0       0       0       0       0       0       0       0
Total ram usage:        5 bytes
 Hardware stack levels used:    1
 Hardware stack levels required when called:   12
 This function calls:
		_dequeue
		_handleButton
		_isEmptyQueue
		_printTempAndHumid
		_printTime_ms
		_readTempAndHumid
 This function is called by:
		_dispatch
 This function uses a non-reentrant model


 *************** function _readTempAndHumid *****************
 Defined at:
		line 67 in file "dht11.c"
 Parameters:    Size  Location     Type
		None
 Auto vars:     Size  Location     Type
		None
 Return value:  Size  Location     Type
                  1    wreg      void 
 Registers used:
		wreg, status,2, status,0, prodl, prodh, cstack
 Tracked objects:
		On entry : 
		On exit  : 
		Unchanged: 
 Data sizes:     COMRAM   BANK0   BANK1   BANK2   BANK3   BANK4   BANK5   BANK6   BANK7   BANK8   BANK9  BANK10  BANK11  BANK12  BANK13  BANK14  BANK15
      Params:         0       0       0       0       0       0       0       0       0       0       0       0       0       0       0       0       0
[...]
 Defined at:
		line 15 in file "C:\Program Files (x86)\Microchip\xc8\v2.10\pic\sources\c99\common\Umul16.c"
 Parameters:    Size  Location     Type
  multiplier      2    0[BANK0 ] unsigned int 
  multiplicand    2    2[BANK0 ] unsigned int 
 Auto vars:     Size  Location     Type
  product         2    4[BANK0 ] unsigned int 
 Return value:  Size  Location     Type
                  2    0[BANK0 ] unsigned int 
 Registers used:
		wreg, status,2, status,0, prodl, prodh
 Tracked objects:
		On entry : 
		On exit  : 
		Unchanged: 
 Data sizes:     COMRAM   BANK0   BANK1   BANK2   BANK3   BANK4   BANK5   BANK6   BANK7   BANK8   BANK9  BANK10  BANK11  BANK12  BANK13  BANK14  BANK15
      Params:         0       4       0       0       0       0       0       0       0       0       0       0       0       0       0       0       0
      Locals:         0       2       0       0       0       0       0       0       0       0       0       0       0       0       0       0       0
      Temps:          0       0       0       0       0       0       0       0       0       0       0       0       0       0       0       0       0
      Totals:         0       6       0       0       0       0       0       0       0       0       0       0       0       0       0       0       0
Total ram usage:        6 bytes
 Hardware stack levels used:    1
 Hardware stack levels required when called:    6
 This function calls:
		Nothing
 This function is called by:
		_queueInitialize
		_dequeue
		_initializeTaskList
		_addTask
 This function uses a non-reentrant model


 *************** function _timer_interrupt *****************
 Defined at:
		line 55 in file "clock.c"
 Parameters:    Size  Location     Type
		None
 Auto vars:     Size  Location     Type
		None
 Return value:  Size  Location     Type
                  1    wreg      void 
 Registers used:
		wreg, fsr1l, fsr1h, fsr2l, fsr2h, status,2, status,0, prodl, prodh, cstack
 Tracked objects:
		On entry : 
		On exit  : 
		Unchanged: 
 Data sizes:     COMRAM   BANK0   BANK1   BANK2   BANK3   BANK4   BANK5   BANK6   BANK7   BANK8   BANK9  BANK10  BANK11  BANK12  BANK13  BANK14  BANK15
      Params:         0       0       0       0       0       0       0       0       0       0       0       0       0       0       0       0       0
      Locals:         0       0       0       0       0       0       0       0       0       0       0       0       0       0       0       0       0
      Temps:          6       0       0       0       0       0       0       0       0       0       0       0       0       0       0       0       0
      Totals:         6       0       0       0       0       0       0       0       0       0       0       0       0       0       0       0       0
Total ram usage:        6 bytes
 Hardware stack levels used:    1
 Hardware stack levels required when called:    5
 This function calls:
		_handleListHead
 This function is called by:
		Interrupt level 2
 This function uses a non-reentrant model


 *************** function _handleListHead *****************
 Defined at:
		line 86 in file "task.c"
 Parameters:    Size  Location     Type
		None
 Auto vars:     Size  Location     Type
  cur             2   41[COMRAM] int 
  prev            2   37[COMRAM] int 
  sum             2   39[COMRAM] int 
  pos             2   43[COMRAM] int 
 Return value:  Size  Location     Type
                  1    wreg      void 
 Registers used:
		wreg, fsr1l, fsr1h, fsr2l, fsr2h, status,2, status,0, prodl, prodh, cstack
 Tracked objects:
		On entry : 
		On exit  : 
		Unchanged: 
 Data sizes:     COMRAM   BANK0   BANK1   BANK2   BANK3   BANK4   BANK5   BANK6   BANK7   BANK8   BANK9  BANK10  BANK11  BANK12  BANK13  BANK14  BANK15
      Params:         0       0       0       0       0       0       0       0       0       0       0       0       0       0       0       0       0
      Locals:        15       0       0       0       0       0       0       0       0       0       0       0       0       0       0       0       0
      Temps:         16       0       0       0       0       0       0       0       0       0       0       0       0       0       0       0       0
      Totals:        31       0       0       0       0       0       0       0       0       0       0       0       0       0       0       0       0
Total ram usage:       31 bytes
 Hardware stack levels used:    1
 Hardware stack levels required when called:    4
 This function calls:
		_enqueue
		_removeTask
		i2___wmul
 This function is called by:
		_timer_interrupt
 This function uses a non-reentrant model


 *************** function _removeTask *****************
 Defined at:
		line 63 in file "task.c"
 Parameters:    Size  Location     Type
  idx             1    wreg     unsigned char 
 Auto vars:     Size  Location     Type
  idx             1    5[COMRAM] unsigned char 
  pos             1    4[COMRAM] unsigned char 
 Return value:  Size  Location     Type
                  1    wreg      unsigned char 
 Registers used:
		wreg, fsr1l, fsr1h, fsr2l, fsr2h, status,2, status,0, prodl, prodh, cstack
 Tracked objects:
		On entry : 
		On exit  : 
		Unchanged: 
 Data sizes:     COMRAM   BANK0   BANK1   BANK2   BANK3   BANK4   BANK5   BANK6   BANK7   BANK8   BANK9  BANK10  BANK11  BANK12  BANK13  BANK14  BANK15
      Params:         0       0       0       0       0       0       0       0       0       0       0       0       0       0       0       0       0
      Locals:         2       0       0       0       0       0       0       0       0       0       0       0       0       0       0       0       0
      Temps:          4       0       0       0       0       0       0       0       0       0       0       0       0       0       0       0       0
      Totals:         6       0       0       0       0       0       0       0       0       0       0       0       0       0       0       0       0
Total ram usage:        6 bytes
 Hardware stack levels used:    1
 Hardware stack levels required when called:    1
 This function calls:
		_isEmptyList
 This function is called by:
		_handleListHead
		_remove_timer
 This function uses a non-reentrant model


 *************** function _isEmptyList *****************
 Defined at:
		line 3 in file "task.c"
 Parameters:    Size  Location     Type
		None
 Auto vars:     Size  Location     Type
		None
 Return value:  Size  Location     Type
                  1    wreg      unsigned char 
 Registers used:
		wreg, status,2
 Tracked objects:
		On entry : 
		On exit  : 
		Unchanged: 
 Data sizes:     COMRAM   BANK0   BANK1   BANK2   BANK3   BANK4   BANK5   BANK6   BANK7   BANK8   BANK9  BANK10  BANK11  BANK12  BANK13  BANK14  BANK15
      Params:         0       0       0       0       0       0       0       0       0       0       0       0       0       0       0       0       0
      Locals:         0       0       0       0       0       0       0       0       0       0       0       0       0       0       0       0       0
      Temps:          0       0       0       0       0       0       0       0       0       0       0       0       0       0       0       0       0
      Totals:         0       0       0       0       0       0       0       0       0       0       0       0       0       0       0       0       0
Total ram usage:        0 bytes
 Hardware stack levels used:    1
 This function calls:
		Nothing
 This function is called by:
		_removeTask
 This function uses a non-reentrant model


 *************** function _enqueue *****************
 Defined at:
		line 24 in file "ready_queue.c"
 Parameters:    Size  Location     Type
  ptr             3    9[COMRAM] PTR FTN(PTR void ,)void 
		 -> readTempAndHumid(1), handleButton(1), NULL(0), printTempAndHumid(1), 
		 -> printTime_ms(1), 
  data            2   12[COMRAM] PTR void 
		 -> NULL(0), 
 Auto vars:     Size  Location     Type
		None
 Return value:  Size  Location     Type
                  1    wreg      unsigned char 
 Registers used:
		wreg, fsr2l, fsr2h, status,2, status,0, prodl, prodh, cstack
 Tracked objects:
		On entry : 
		On exit  : 
		Unchanged: 
 Data sizes:     COMRAM   BANK0   BANK1   BANK2   BANK3   BANK4   BANK5   BANK6   BANK7   BANK8   BANK9  BANK10  BANK11  BANK12  BANK13  BANK14  BANK15
      Params:         5       0       0       0       0       0       0       0       0       0       0       0       0       0       0       0       0
      Locals:         0       0       0       0       0       0       0       0       0       0       0       0       0       0       0       0       0
      Temps:          0       0       0       0       0       0       0       0       0       0       0       0       0       0       0       0       0
      Totals:         5       0       0       0       0       0       0       0       0       0       0       0       0       0       0       0       0
Total ram usage:        5 bytes
 Hardware stack levels used:    1
 Hardware stack levels required when called:    3
 This function calls:
		_isFullQueue
		i2___awmod
		i2___wmul
 This function is called by:
		_handleListHead
 This function uses a non-reentrant model


 *************** function i2___wmul *****************
 Defined at:
		line 15 in file "C:\Program Files (x86)\Microchip\xc8\v2.10\pic\sources\c99\common\Umul16.c"
 Parameters:    Size  Location     Type
  multiplier      2    0[COMRAM] unsigned int 
  multiplicand    2    2[COMRAM] unsigned int 
 Auto vars:     Size  Location     Type
  __wmul          2    4[COMRAM] unsigned int 
 Return value:  Size  Location     Type
                  2    0[COMRAM] unsigned int 
 Registers used:
		wreg, status,2, status,0, prodl, prodh
 Tracked objects:
		On entry : 
		On exit  : 
		Unchanged: 
 Data sizes:     COMRAM   BANK0   BANK1   BANK2   BANK3   BANK4   BANK5   BANK6   BANK7   BANK8   BANK9  BANK10  BANK11  BANK12  BANK13  BANK14  BANK15
      Params:         4       0       0       0       0       0       0       0       0       0       0       0       0       0       0       0       0
      Locals:         2       0       0       0       0       0       0       0       0       0       0       0       0       0       0       0       0
      Temps:          0       0       0       0       0       0       0       0       0       0       0       0       0       0       0       0       0
      Totals:         6       0       0       0       0       0       0       0       0       0       0       0       0       0       0       0       0
Total ram usage:        6 bytes
 Hardware stack levels used:    1
 This function calls:
		Nothing
 This function is called by:
		_enqueue
		_handleListHead
 This function uses a non-reentrant model


 *************** function _isFullQueue *****************
 Defined at:
		line 14 in file "ready_queue.c"
 Parameters:    Size  Location     Type
		None
 Auto vars:     Size  Location     Type
		None
 Return value:  Size  Location     Type
                  1    wreg      unsigned char 
 Registers used:
		wreg, status,2, status,0, cstack
 Tracked objects:
		On entry : 
		On exit  : 
		Unchanged: 
 Data sizes:     COMRAM   BANK0   BANK1   BANK2   BANK3   BANK4   BANK5   BANK6   BANK7   BANK8   BANK9  BANK10  BANK11  BANK12  BANK13  BANK14  BANK15
      Params:         0       0       0       0       0       0       0       0       0       0       0       0       0       0       0       0       0
      Locals:         0       0       0       0       0       0       0       0       0       0       0       0       0       0       0       0       0
      Temps:          1       0       0       0       0       0       0       0       0       0       0       0       0       0       0       0       0
      Totals:         1       0       0       0       0       0       0       0       0       0       0       0       0       0       0       0       0
Total ram usage:        1 bytes
 Hardware stack levels used:    1
 Hardware stack levels required when called:    2
 This function calls:
		i2_getSizeQueue
 This function is called by:
		_enqueue
 This function uses a non-reentrant model


 *************** function i2_getSizeQueue *****************
 Defined at:
		line 10 in file "ready_queue.c"
 Parameters:    Size  Location     Type
		None
 Auto vars:     Size  Location     Type
		None
 Return value:  Size  Location     Type
                  1    wreg      unsigned char 
 Registers used:
		wreg, status,2, status,0, cstack
 Tracked objects:
		On entry : 
		On exit  : 
		Unchanged: 
 Data sizes:     COMRAM   BANK0   BANK1   BANK2   BANK3   BANK4   BANK5   BANK6   BANK7   BANK8   BANK9  BANK10  BANK11  BANK12  BANK13  BANK14  BANK15
      Params:         0       0       0       0       0       0       0       0       0       0       0       0       0       0       0       0       0
      Locals:         0       0       0       0       0       0       0       0       0       0       0       0       0       0       0       0       0
      Temps:          2       0       0       0       0       0       0       0       0       0       0       0       0       0       0       0       0
      Totals:         2       0       0       0       0       0       0       0       0       0       0       0       0       0       0       0       0
Total ram usage:        2 bytes
 Hardware stack levels used:    1
 Hardware stack levels required when called:    1
 This function calls:
		i2___awmod
 This function is called by:
		_isFullQueue
 This function uses a non-reentrant model


 *************** function i2___awmod *****************
 Defined at:
		line 7 in file "C:\Program Files (x86)\Microchip\xc8\v2.10\pic\sources\c99\common\awmod.c"
 Parameters:    Size  Location     Type
  dividend        2    0[COMRAM] int 
  divisor         2    2[COMRAM] int 
 Auto vars:     Size  Location     Type
  __awmod         1    5[COMRAM] unsigned char 
  __awmod         1    4[COMRAM] unsigned char 
 Return value:  Size  Location     Type
                  2    0[COMRAM] int 
 Registers used:
		wreg, status,2, status,0
 Tracked objects:
		On entry : 
		On exit  : 
		Unchanged: 
 Data sizes:     COMRAM   BANK0   BANK1   BANK2   BANK3   BANK4   BANK5   BANK6   BANK7   BANK8   BANK9  BANK10  BANK11  BANK12  BANK13  BANK14  BANK15
      Params:         4       0       0       0       0       0       0       0       0       0       0       0       0       0       0       0       0
      Locals:         2       0       0       0       0       0       0       0       0       0       0       0       0       0       0       0       0
      Temps:          0       0       0       0       0       0       0       0       0       0       0       0       0       0       0       0       0
      Totals:         6       0       0       0       0       0       0       0       0       0       0       0       0       0       0       0       0
Total ram usage:        6 bytes
 Hardware stack levels used:    1
 This function calls:
		Nothing
 This function is called by:
		_enqueue
		i2_getSizeQueue
 This function uses a non-reentrant model



MODULE INFORMATION

Module		Function		Class		Link	Load	Size
C:\Program Files (x86)\Microchip\xc8\v2.10\pic\sources\c99\common\fleq.c
		___fleq        		CODE           	3036	0000	173

C:\Program Files (x86)\Microchip\xc8\v2.10\pic\sources\c99\common\fleq.c estimated size: 173

clock.c
		_timer_interrupt		CODE           	0008	0000	151
		_start_timer   		CODE           	3380	0000	151
		_register_timer		CODE           	39B6	0000	59
		_get_time      		CODE           	3BAA	0000	19
		_dispatch      		CODE           	3BD0	0000	7

clock.c estimated size: 387

C:\Program Files (x86)\Microchip\xc8\v2.10\pic\sources\c99\common\xxtofl.c
		___xxtofl      		CODE           	23CE	0000	441

C:\Program Files (x86)\Microchip\xc8\v2.10\pic\sources\c99\common\xxtofl.c estimated size: 441

task.c
		_isEmptyList   		CODE           	3B80	0000	25
		_handleListHead		CODE           	14D2	0000	1203
		_removeTask    		CODE           	2586	0000	413
		_initializeTaskList		CODE           	2980	0000	271
		_addTask       		CODE           	1DB0	0000	929
		_selectReadyTask		CODE           	3682	0000	101
		_isFullList    		CODE           	3B66	0000	27

task.c estimated size: 2969

C:\Program Files (x86)\Microchip\xc8\v2.10\pic\sources\c99\common\awdiv.c
		___awdiv       		CODE           	2D52	0000	199

C:\Program Files (x86)\Microchip\xc8\v2.10\pic\sources\c99\common\awdiv.c estimated size: 199

C:\Program Files (x86)\Microchip\xc8\v2.10\pic\sources\c99\common\fltol.c
		___fltol       		CODE           	2A8E	0000	265

C:\Program Files (x86)\Microchip\xc8\v2.10\pic\sources\c99\common\fltol.c estimated size: 265

C:\Program Files (x86)\Microchip\xc8\v2.10\pic\sources\c99\common\sprcmul.c
		___flmul       		CODE           	1984	0000	1069

C:\Program Files (x86)\Microchip\xc8\v2.10\pic\sources\c99\common\sprcmul.c estimated size: 1069

C:\Program Files (x86)\Microchip\xc8\v2.10\pic\sources\c99\common\__lldiv.c
		___lldiv       		CODE           	3238	0000	167

C:\Program Files (x86)\Microchip\xc8\v2.10\pic\sources\c99\common\__lldiv.c estimated size: 167

buttons.c
		_handleButton  		CODE           	2B96	0000	233
		_readButtonRB0 		CODE           	3748	0000	83
		_readButtonRA5 		CODE           	379A	0000	83

buttons.c estimated size: 399

shared
		i2___wmul      		CODE           	3AA4	0000	39
		__initialization		CODE           	36E6	0000	89
		i2___awmod     		CODE           	2F86	0000	177
		i2_getSizeQueue		CODE           	3A52	0000	43

shared estimated size: 348

mcc.c
		_system_initialize		CODE           	3B0E	0000	31
		_osc_initialize		CODE           	3BC4	0000	7
		_pin_initialize		CODE           	3ACA	0000	37
		_interrupt_initialize		CODE           	3BCA	0000	7

mcc.c estimated size: 82

C:\Program Files (x86)\Microchip\xc8\v2.10\pic\sources\c99\common\sprcadd.c
		___flsub       		CODE           	37EC	0000	73
		___fladd       		CODE           	1010	0000	1219

C:\Program Files (x86)\Microchip\xc8\v2.10\pic\sources\c99\common\sprcadd.c estimated size: 1292

lcd.c
		_LCDMoveCursor 		CODE           	3978	0000	63
		_LCDPutStr     		CODE           	38FA	0000	65
		_LCDPutChar    		CODE           	3876	0000	67
		_SendByteBBSPI 		CODE           	35B4	0000	107
		_LCDInit       		CODE           	361E	0000	101
		_LCDPutInst    		CODE           	38B8	0000	67
		_LCDPrint      		CODE           	3834	0000	67
		_LCDPrintChar  		CODE           	393A	0000	63
		_WritePort_BBSPI		CODE           	3AEE	0000	33
		_InitBBSPI     		CODE           	3B98	0000	19
		_Port_BBSPIInit		CODE           	3B2C	0000	31

lcd.c estimated size: 683

C:\Program Files (x86)\Microchip\xc8\v2.10\pic\sources\c99\common\Umul16.c
		___wmul        		CODE           	3A7C	0000	41

C:\Program Files (x86)\Microchip\xc8\v2.10\pic\sources\c99\common\Umul16.c estimated size: 41

ready_queue.c
		_getSizeQueue  		CODE           	3A26	0000	45
		_isFullQueue   		CODE           	3B4A	0000	29
		_dequeue       		CODE           	32DE	0000	163
		_isEmptyQueue  		CODE           	39F0	0000	55
		_enqueue       		CODE           	30E2	0000	173
		_queueInitialize		CODE           	3530	0000	133

ready_queue.c estimated size: 598

dht11.c
		_getByte       		CODE           	318E	0000	171
		_readDHT       		CODE           	2C7E	0000	213
		_readTempAndHumid		CODE           	2722	0000	311

dht11.c estimated size: 695

C:\Program Files (x86)\Microchip\xc8\v2.10\pic\sources\c99\common\awmod.c
		___awmod       		CODE           	2ED4	0000	179

C:\Program Files (x86)\Microchip\xc8\v2.10\pic\sources\c99\common\awmod.c estimated size: 179

main.c
		_printTempAndHumid		CODE           	2150	0000	639
		_main          		CODE           	2858	0000	297
		_printTime_ms  		CODE           	2E18	0000	189

main.c estimated size: 1125

C:\Program Files (x86)\Microchip\xc8\v2.10\pic\sources\c99\common\llmod.c
		___llmod       		CODE           	34A6	0000	139

C:\Program Files (x86)\Microchip\xc8\v2.10\pic\sources\c99\common\llmod.c estimated size: 139

