Microchip MPLAB XC8 Compiler V2.10 ()

Linker command line:

-W-3 --edf=C:\Program Files (x86)\Microchip\xc8\v2.10\pic\dat\en_msgs.txt \
  -cs -h+dist/default/production\timer_driver_lab4.X.production.sym \
  --cmf=dist/default/production\timer_driver_lab4.X.production.cmf -z \
  -Q18F8722 -oC:\Users\Tuan\AppData\Local\Temp\s38k.2 \
  --defsym=__MPLAB_BUILD=1 \
  -Mdist/default/production/timer_driver_lab4.X.production.map -E1 -ver=XC8 \
  --acfsm=1493 -ASTACK=0290h-0F5Fh -pstack=STACK -ACODE=00h-01FFFFh \
  -ACONST=00h-01FFFFh -ASMALLCONST=01000h-010FFhx496 \
  -AMEDIUMCONST=01000h-0FFFFh,011000h-01FFFFh -ACOMRAM=01h-05Fh \
  -AABS1=00h-0F5Fh -ABIGRAM=01h-0F5Fh \
  -ARAM=060h-0FFh,0100h-01FFhx14,0F00h-0F5Fh -ABANK0=060h-0FFh \
  -ABANK1=0100h-01FFh -ABANK2=0200h-02FFh -ABANK3=0300h-03FFh \
  -ABANK4=0400h-04FFh -ABANK5=0500h-05FFh -ABANK6=0600h-06FFh \
  -ABANK7=0700h-07FFh -ABANK8=0800h-08FFh -ABANK9=0900h-09FFh \
  -ABANK10=0A00h-0AFFh -ABANK11=0B00h-0BFFh -ABANK12=0C00h-0CFFh \
  -ABANK13=0D00h-0DFFh -ABANK14=0E00h-0EFFh -ABANK15=0F00h-0F5Fh \
  -ASFR=0F60h-0FFFh -preset_vec=00h,intcode=08h,intcodelo,powerup,init \
  -pramtop=01000h -psmallconst=SMALLCONST -pmediumconst=MEDIUMCONST \
  -pconst=CONST -AFARRAM=00h-00h -ACONFIG=0300000h-030000Dh -pconfig=CONFIG \
  -AIDLOC=0200000h-0200007h -pidloc=IDLOC -AEEDATA=0F00000h-0F003FFh \
  -peeprom_data=EEDATA \
  -prdata=COMRAM,nvrram=COMRAM,nvbit=COMRAM,rbss=COMRAM,rbit=COMRAM \
  -pfarbss=FARRAM,fardata=FARRAM,nvFARRAM=FARRAM \
  -pintsave_regs=BIGRAM,bigbss=BIGRAM,bigdata=BIGRAM -pbss=RAM \
  -pidata=CODE,irdata=CODE,ibigdata=CODE,ifardata=CODE -prparam=COMRAM \
  C:\Users\Tuan\AppData\Local\Temp\s38k.o \
  dist/default/production\timer_driver_lab4.X.production.o 

Object code version is 3.11

Machine type is 18F8722

Call graph: (short form)




                Name                               Link     Load   Length Selector   Space Scale
C:\Users\Tuan\AppData\Local\Temp\s38k.o
                init                                  E        E        4        4       0
                reset_vec                             0        0        4        0       0
                idloc                            200000   200000        8   200000       0
                config                           300000   300000        E   300000       0
dist/default/production\timer_driver_lab4.X.production.o
                intcode                               8        8        6        4       0
                temp                                 58       58        1        1       1
                text27                             1152     1152       B0        4       0
                text26                             15F0     15F0       28        4       0
                text25                             1662     1662       1C        4       0
                text24                             1618     1618       26        4       0
                text23                             1202     1202       AA        4       0
                text22                             16B2     16B2       18        4       0
                text21                              D32      D32      1AC        4       0
                text20                               12       12      550        4       0
                intcode_body                       10A2     10A2       B0        4       0
                text18                              B5E      B5E      1D4        4       0
                text17                             15C8     15C8       28        4       0
                text16                              FF0      FF0       B2        4       0
                text15                             159C     159C       2C        4       0
                text14                             1568     1568       34        4       0
                text13                             12AC     12AC       A2        4       0
                text12                             1468     1468       64        4       0
                text11                             16DE     16DE        6        4       0
                text10                             1698     1698       1A        4       0
                text9                               562      562      41C        4       0
                text8                              152E     152E       3A        4       0
                text7                              16D8     16D8        6        4       0
                text6                              16D2     16D2        6        4       0
                text5                              163E     163E       24        4       0
                text4                              13E4     13E4       84        4       0
                text3                               EDE      EDE      112        4       0
                text2                              134E     134E       96        4       0
                text1                              167E     167E       1A        4       0
                text0                               97E      97E      1E0        4       0
                cstackCOMRAM                          1        1       2D        1       1
                cstackBANK0                          60       60       2D       60       1
                bssBIGRAM                           164      164      12C      164       1
                bssBANK1                            100      100       64      100       1
                bssBANK0                             8D       8D        C       60       1
                dataCOMRAM                           50       50        8        1       1
                bssCOMRAM                            2E       2E       22        1       1
                cinit                              14CC     14CC       62        4       0
                idataCOMRAM                        16CA     16CA        8        4       0

TOTAL           Name                               Link     Load   Length     Space
        CLASS   STACK          

        CLASS   CODE           
                intcode                               8        8        6         0
                init                                  E        E        4         0
                reset_vec                             0        0        4         0
                text27                             1152     1152       B0         0
                text26                             15F0     15F0       28         0
                text25                             1662     1662       1C         0
                text24                             1618     1618       26         0
                text23                             1202     1202       AA         0
                text22                             16B2     16B2       18         0
                text21                              D32      D32      1AC         0
                text20                               12       12      550         0
                intcode_body                       10A2     10A2       B0         0
                text18                              B5E      B5E      1D4         0
                text17                             15C8     15C8       28         0
                text16                              FF0      FF0       B2         0
                text15                             159C     159C       2C         0
                text14                             1568     1568       34         0
                text13                             12AC     12AC       A2         0
                text12                             1468     1468       64         0
                text11                             16DE     16DE        6         0
                text10                             1698     1698       1A         0
                text9                               562      562      41C         0
                text8                              152E     152E       3A         0
                text7                              16D8     16D8        6         0
                text6                              16D2     16D2        6         0
                text5                              163E     163E       24         0
                text4                              13E4     13E4       84         0
                text3                               EDE      EDE      112         0
                text2                              134E     134E       96         0
                text1                              167E     167E       1A         0
                text0                               97E      97E      1E0         0
                cinit                              14CC     14CC       62         0
                idataCOMRAM                        16CA     16CA        8         0

        CLASS   CONST          

        CLASS   SMALLCONST     

        CLASS   MEDIUMCONST    

        CLASS   COMRAM         
                temp                                 58       58        1         1
                cstackCOMRAM                          1        1       2D         1
                dataCOMRAM                           50       50        8         1
                bssCOMRAM                            2E       2E       22         1

        CLASS   ABS1           

        CLASS   BIGRAM         
                bssBIGRAM                           164      164      12C         1

        CLASS   RAM            

        CLASS   BANK0          
                cstackBANK0                          60       60       2D         1
                bssBANK0                             8D       8D        C         1

        CLASS   BANK1          
                bssBANK1                            100      100       64         1

        CLASS   BANK2          

        CLASS   BANK3          

        CLASS   BANK4          

        CLASS   BANK5          

        CLASS   BANK6          

        CLASS   BANK7          

        CLASS   BANK8          

        CLASS   BANK9          

        CLASS   BANK10         

        CLASS   BANK11         

        CLASS   BANK12         

        CLASS   BANK13         

        CLASS   BANK14         

        CLASS   BANK15         

        CLASS   SFR            

        CLASS   FARRAM         

        CLASS   CONFIG         
                config                           300000   300000        E         0

        CLASS   IDLOC          
                idloc                            200000   200000        8         0

        CLASS   EEDATA         



SEGMENTS        Name                           Load    Length   Top    Selector   Space  Class

                reset_vec                      000000  000004  000004         0       0  CODE    
                cstackCOMRAM                   000001  000058  000059         1       1  COMRAM  
                intcode                        000008  0016DC  0016E4         4       0  CODE    
                cstackBANK0                    000060  000039  000099        60       1  BANK0   
                bssBANK1                       000100  000064  000164       100       1  BANK1   
                bssBIGRAM                      000164  00012C  000290       164       1  BIGRAM  
                idloc                          200000  000008  200008    200000       0  IDLOC   
                config                         300000  00000E  30000E    300000       0  CONFIG  


UNUSED ADDRESS RANGES

        Name                Unused          Largest block    Delta
        BANK0            000099-0000FF               67
        BANK10           000A00-000AFF              100
        BANK11           000B00-000BFF              100
        BANK12           000C00-000CFF              100
        BANK13           000D00-000DFF              100
        BANK14           000E00-000EFF              100
        BANK15           000F00-000F5F               60
        BANK2            000290-0002FF               70
        BANK3            000300-0003FF              100
        BANK4            000400-0004FF              100
        BANK5            000500-0005FF              100
        BANK6            000600-0006FF              100
        BANK7            000700-0007FF              100
        BANK8            000800-0008FF              100
        BANK9            000900-0009FF              100
        BIGRAM           000059-00005F                7
                         000099-0000FF               67
                         000290-000F5F              CD0
        CODE             000004-000007                4
                         0016E4-01FFFF            1E91C
        COMRAM           000059-00005F                7
        CONST            000004-000007                4
                         0016E4-01FFFF            1E91C
        EEDATA           F00000-F003FF              400
        MEDIUMCONST      0016E4-00FFFF             E91C
                         011000-01FFFF             F000
        RAM              000099-0000FF               67
                         000290-000F5F              100
        SFR              000F60-000FFF               A0
        SMALLCONST       0016E4-01FFFF              100
        STACK            000290-000F5F              CD0

                                  Symbol Table

?___awmod                      cstackBANK0  000060
?___wmul                       cstackBANK0  000060
?_dequeue                      cstackBANK0  000068
?i2___awmod                    cstackCOMRAM 000001
?i2___wmul                     cstackCOMRAM 000001
_ADCON1                        (abs)        000FC1
_INTCONbits                    (abs)        000FF2
_LATA                          (abs)        000F89
_LATB                          (abs)        000F8A
_LATC                          (abs)        000F8B
_LATD                          (abs)        000F8C
_LATDbits                      (abs)        000F8C
_LED_state                     bssCOMRAM    00002E
_OSCCON                        (abs)        000FD3
_PIE1bits                      (abs)        000F9D
_PIR1bits                      (abs)        000F9E
_PORTAbits                     (abs)        000F80
_PORTBbits                     (abs)        000F81
_RA5_pressed                   bssCOMRAM    00004F
_RB0_pressed                   bssCOMRAM    00004E
_T0CON                         (abs)        000FD5
_T1CON                         (abs)        000FCD
_TMR0L                         (abs)        000FD6
_TMR1H                         (abs)        000FCF
_TMR1L                         (abs)        000FCE
_TRISA                         (abs)        000F92
_TRISB                         (abs)        000F93
_TRISC                         (abs)        000F94
_TRISD                         (abs)        000F95
__CFG_BOREN$OFF                (abs)        000000
__CFG_FCMEN$OFF                (abs)        000000
__CFG_IESO$OFF                 (abs)        000000
__CFG_LVP$OFF                  (abs)        000000
__CFG_MCLRE$ON                 (abs)        000000
__CFG_OSC$INTIO7               (abs)        000000
__CFG_PWRT$OFF                 (abs)        000000
__CFG_WDT$OFF                  (abs)        000000
__CFG_XINST$OFF                (abs)        000000
__HRAM                         (abs)        000000
__Habs1                        abs1         000000
__Hbank0                       bank0        000000
__Hbank1                       bank1        000000
__Hbank10                      bank10       000000
__Hbank11                      bank11       000000
__Hbank12                      bank12       000000
__Hbank13                      bank13       000000
__Hbank14                      bank14       000000
__Hbank15                      bank15       000000
__Hbank2                       bank2        000000
__Hbank3                       bank3        000000
__Hbank4                       bank4        000000
__Hbank5                       bank5        000000
__Hbank6                       bank6        000000
__Hbank7                       bank7        000000
__Hbank8                       bank8        000000
__Hbank9                       bank9        000000
__Hbigbss                      bigbss       000000
__Hbigdata                     bigdata      000000
__Hbigram                      bigram       000000
__Hbss                         bss          000000
__HbssBANK0                    bssBANK0     000000
__HbssBANK1                    bssBANK1     000000
__HbssBIGRAM                   bssBIGRAM    000000
__HbssCOMRAM                   bssCOMRAM    000000
__Hcinit                       cinit        000000
__Hclrtext                     clrtext      000000
__Hcomram                      comram       000000
__Hconfig                      config       30000E
__Hconst                       const        000000
__HcstackBANK0                 cstackBANK0  000000
__HcstackCOMRAM                cstackCOMRAM 000000
__Hdata                        data         000000
__HdataCOMRAM                  dataCOMRAM   000000
__Heeprom_data                 eeprom_data  000000
__Hfarbss                      farbss       000000
__Hfardata                     fardata      000000
__Hibigdata                    ibigdata     000000
__Hidata                       idata        000000
__HidataCOMRAM                 idataCOMRAM  000000
__Hidloc                       idloc        200008
__Hifardata                    ifardata     000000
__Hinit                        init         000012
__Hintcode                     intcode      00000E
__Hintcode_body                intcode_body 000000
__Hintcodelo                   intcodelo    00000E
__Hintentry                    intentry     000000
__Hintret                      intret       000000
__Hintsave_regs                intsave_regs 000000
__Hirdata                      irdata       000000
__Hmediumconst                 mediumconst  000000
__HnvFARRAM                    nvFARRAM     000000
__Hnvbit                       nvbit        000000
__Hnvrram                      nvrram       000000
__Hparam                       rparam       000000
__Hpowerup                     powerup      00000E
__Hram                         ram          000000
__Hramtop                      ramtop       001000
__Hrbit                        rbit         000000
__Hrbss                        rbss         000000
__Hrdata                       rdata        000000
__Hreset_vec                   reset_vec    000004
__Hrparam                      rparam       000000
__Hsfr                         sfr          000000
__Hsmallconst                  smallconst   000000
__Hspace_0                     (abs)        30000E
__Hspace_1                     (abs)        000290
__Hspace_2                     (abs)        000000
__Hstack                       stack        000000
__Hstruct                      struct       000000
__Htemp                        temp         000059
__Htext                        text         000000
__Htext0                       text0        000000
__Htext1                       text1        000000
__Htext10                      text10       000000
__Htext11                      text11       000000
__Htext12                      text12       000000
__Htext13                      text13       000000
__Htext14                      text14       000000
__Htext15                      text15       000000
__Htext16                      text16       000000
__Htext17                      text17       000000
__Htext18                      text18       000000
__Htext2                       text2        000000
__Htext20                      text20       000000
__Htext21                      text21       000000
__Htext22                      text22       000000
__Htext23                      text23       000000
__Htext24                      text24       000000
__Htext25                      text25       000000
__Htext26                      text26       000000
__Htext27                      text27       000000
__Htext28                      text28       000000
__Htext3                       text3        000000
__Htext4                       text4        000000
__Htext5                       text5        000000
__Htext6                       text6        000000
__Htext7                       text7        000000
__Htext8                       text8        000000
__Htext9                       text9        000000
__LRAM                         (abs)        000001
__Labs1                        abs1         000000
__Lbank0                       bank0        000000
__Lbank1                       bank1        000000
__Lbank10                      bank10       000000
__Lbank11                      bank11       000000
__Lbank12                      bank12       000000
__Lbank13                      bank13       000000
__Lbank14                      bank14       000000
__Lbank15                      bank15       000000
__Lbank2                       bank2        000000
__Lbank3                       bank3        000000
__Lbank4                       bank4        000000
__Lbank5                       bank5        000000
__Lbank6                       bank6        000000
__Lbank7                       bank7        000000
__Lbank8                       bank8        000000
__Lbank9                       bank9        000000
__Lbigbss                      bigbss       000000
__Lbigdata                     bigdata      000000
__Lbigram                      bigram       000000
__Lbss                         bss          000000
__LbssBANK0                    bssBANK0     000000
__LbssBANK1                    bssBANK1     000000
__LbssBIGRAM                   bssBIGRAM    000000
__LbssCOMRAM                   bssCOMRAM    000000
__Lcinit                       cinit        000000
__Lclrtext                     clrtext      000000
__Lcomram                      comram       000000
__Lconfig                      config       300000
__Lconst                       const        000000
__LcstackBANK0                 cstackBANK0  000000
__LcstackCOMRAM                cstackCOMRAM 000000
__Ldata                        data         000000
__LdataCOMRAM                  dataCOMRAM   000000
__Leeprom_data                 eeprom_data  000000
__Lfarbss                      farbss       000000
__Lfardata                     fardata      000000
__Libigdata                    ibigdata     000000
__Lidata                       idata        000000
__LidataCOMRAM                 idataCOMRAM  000000
__Lidloc                       idloc        200000
__Lifardata                    ifardata     000000
__Linit                        init         00000E
__Lintcode                     intcode      000008
__Lintcode_body                intcode_body 000000
__Lintcodelo                   intcodelo    00000E
__Lintentry                    intentry     000000
__Lintret                      intret       000000
__Lintsave_regs                intsave_regs 000000
__Lirdata                      irdata       000000
__Lmediumconst                 mediumconst  000000
__LnvFARRAM                    nvFARRAM     000000
__Lnvbit                       nvbit        000000
__Lnvrram                      nvrram       000000
__Lparam                       rparam       000000
__Lpowerup                     powerup      00000E
__Lram                         ram          000000
__Lramtop                      ramtop       001000
__Lrbit                        rbit         000000
__Lrbss                        rbss         000000
__Lrdata                       rdata        000000
__Lreset_vec                   reset_vec    000000
__Lrparam                      rparam       000000
__Lsfr                         sfr          000000
__Lsmallconst                  smallconst   000000
__Lspace_0                     (abs)        000000
__Lspace_1                     (abs)        000000
__Lspace_2                     (abs)        000000
__Lstack                       stack        000000
__Lstruct                      struct       000000
__Ltemp                        temp         000058
__Ltext                        text         000000
__Ltext0                       text0        000000
__Ltext1                       text1        000000
__Ltext10                      text10       000000
__Ltext11                      text11       000000
__Ltext12                      text12       000000
__Ltext13                      text13       000000
__Ltext14                      text14       000000
__Ltext15                      text15       000000
__Ltext16                      text16       000000
__Ltext17                      text17       000000
__Ltext18                      text18       000000
__Ltext2                       text2        000000
__Ltext20                      text20       000000
__Ltext21                      text21       000000
__Ltext22                      text22       000000
__Ltext23                      text23       000000
__Ltext24                      text24       000000
__Ltext25                      text25       000000
__Ltext26                      text26       000000
__Ltext27                      text27       000000
__Ltext28                      text28       000000
__Ltext3                       text3        000000
__Ltext4                       text4        000000
__Ltext5                       text5        000000
__Ltext6                       text6        000000
__Ltext7                       text7        000000
__Ltext8                       text8        000000
__Ltext9                       text9        000000
__S0                           (abs)        30000E
__S1                           (abs)        000290
__S2                           (abs)        000000
___awmod                       text16       000FF0
___awmod@counter               cstackBANK0  000064
___awmod@dividend              cstackBANK0  000060
___awmod@divisor               cstackBANK0  000062
___awmod@sign                  cstackBANK0  000065
___extmem_base                 (abs)        020000
___inthi_sp                    stack        000000
___intlo_sp                    stack        000000
___param_bank                  (abs)        000000
___rparam_used                 (abs)        000001
___sp                          stack        000000
___wmul                        text17       0015C8
___wmul@multiplicand           cstackBANK0  000062
___wmul@multiplier             cstackBANK0  000060
___wmul@product                cstackBANK0  000064
__accesstop                    (abs)        000060
__activetblptr                 (abs)        000003
__end_of___awmod               text16       0010A2
__end_of___wmul                text17       0015F0
__end_of__initialization       cinit        001524
__end_of_addTask               text9        00097E
__end_of_blink_LED             text18       000D32
__end_of_dequeue               text13       00134E
__end_of_dispatch              text11       0016E4
__end_of_enqueue               text23       0012AC
__end_of_getSizeQueue          text15       0015C8
__end_of_handleListHead        text20       000562
__end_of_initializeTaskList    text3        000FF0
__end_of_interrupt_initialize  text7        0016DE
__end_of_isEmptyList           text22       0016CA
__end_of_isEmptyQueue          text14       00159C
__end_of_isFullList            text10       0016B2
__end_of_isFullQueue           text25       00167E
__end_of_main                  text0        000B5E
__end_of_osc_initialize        text6        0016D8
__end_of_pin_initialize        text5        001662
__end_of_queueInitialize       text4        001468
__end_of_register_timer        text8        001568
__end_of_removeTask            text21       000EDE
__end_of_selectReadyTask       text12       0014CC
__end_of_start_timer           text2        0013E4
__end_of_system_initialize     text1        001698
__end_of_timer_interrupt       intcode_body 001152
__end_ofi2___awmod             text27       001202
__end_ofi2___wmul              text24       00163E
__end_ofi2_getSizeQueue        text26       001618
__initialization               cinit        0014CC
__mediumconst                  mediumconst  000000
__pbssBANK0                    bssBANK0     00008D
__pbssBANK1                    bssBANK1     000100
__pbssBIGRAM                   bssBIGRAM    000164
__pbssCOMRAM                   bssCOMRAM    00002E
__pcinit                       cinit        0014CC
__pcstackBANK0                 cstackBANK0  000060
__pcstackCOMRAM                cstackCOMRAM 000001
__pdataCOMRAM                  dataCOMRAM   000050
__pidataCOMRAM                 idataCOMRAM  0016CA
__pintcode                     intcode      000008
__pintcode_body                intcode_body 0010A2
__ptext0                       text0        00097E
__ptext1                       text1        00167E
__ptext10                      text10       001698
__ptext11                      text11       0016DE
__ptext12                      text12       001468
__ptext13                      text13       0012AC
__ptext14                      text14       001568
__ptext15                      text15       00159C
__ptext16                      text16       000FF0
__ptext17                      text17       0015C8
__ptext18                      text18       000B5E
__ptext2                       text2        00134E
__ptext20                      text20       000012
__ptext21                      text21       000D32
__ptext22                      text22       0016B2
__ptext23                      text23       001202
__ptext24                      text24       001618
__ptext25                      text25       001662
__ptext26                      text26       0015F0
__ptext27                      text27       001152
__ptext28                      text28       000000
__ptext3                       text3        000EDE
__ptext4                       text4        0013E4
__ptext5                       text5        00163E
__ptext6                       text6        0016D2
__ptext7                       text7        0016D8
__ptext8                       text8        00152E
__ptext9                       text9        000562
__ramtop                       ramtop       001000
__size_of___awmod              (abs)        000000
__size_of___wmul               (abs)        000000
__size_of_addTask              (abs)        000000
__size_of_blink_LED            (abs)        000000
__size_of_dequeue              (abs)        000000
__size_of_dispatch             (abs)        000000
__size_of_enqueue              (abs)        000000
__size_of_getSizeQueue         (abs)        000000
__size_of_handleListHead       (abs)        000000
__size_of_initializeTaskList   (abs)        000000
__size_of_interrupt_initialize (abs)        000000
__size_of_isEmptyList          (abs)        000000
__size_of_isEmptyQueue         (abs)        000000
__size_of_isFullList           (abs)        000000
__size_of_isFullQueue          (abs)        000000
__size_of_main                 (abs)        000000
__size_of_osc_initialize       (abs)        000000
__size_of_pin_initialize       (abs)        000000
__size_of_queueInitialize      (abs)        000000
__size_of_register_timer       (abs)        000000
__size_of_removeTask           (abs)        000000
__size_of_selectReadyTask      (abs)        000000
__size_of_start_timer          (abs)        000000
__size_of_system_initialize    (abs)        000000
__size_of_timer_interrupt      (abs)        000000
__size_ofi2___awmod            (abs)        000000
__size_ofi2___wmul             (abs)        000000
__size_ofi2_getSizeQueue       (abs)        000000
__smallconst                   smallconst   000000
_addTask                       text9        000562
_blink_LED                     text18       000B5E
_count                         bssCOMRAM    00004A
_countRA5                      bssCOMRAM    000046
_countRA5_1                    bssCOMRAM    000042
_countRB0                      bssCOMRAM    00003E
_countRB0_1                    bssBANK0     00008D
_dequeue                       text13       0012AC
_dispatch                      text11       0016DE
_enqueue                       text23       001202
_firstReadRA5                  dataCOMRAM   000057
_firstReadRB0                  dataCOMRAM   000055
_front                         dataCOMRAM   000052
_getSizeQueue                  text15       00159C
_handleListHead                text20       000012
_handleListHead$1389           cstackCOMRAM 00001B
_handleListHead$1390           cstackCOMRAM 00001E
_handleListHead$1391           cstackCOMRAM 000020
_head                          bssBANK0     000095
_initializeTaskList            text3        000EDE
_interrupt_initialize          text7        0016D8
_isEmptyList                   text22       0016B2
_isEmptyQueue                  text14       001568
_isFullList                    text10       001698
_isFullQueue                   text25       001662
_main                          text0        00097E
_num_task                      bssBANK0     000097
_osc_initialize                text6        0016D2
_pin_initialize                text5        00163E
_queueInitialize               text4        0013E4
_ready_queue                   bssBANK1     000100
_rear                          dataCOMRAM   000050
_register_timer                text8        00152E
_removeTask                    text21       000D32
_secondReadRA5                 dataCOMRAM   000056
_secondReadRB0                 dataCOMRAM   000054
_selectReadyTask               text12       001468
_start_timer                   text2        00134E
_stateRA5                      bssCOMRAM    00004D
_stateRB0                      bssCOMRAM    00004C
_system_initialize             text1        00167E
_task_list                     bssBIGRAM    000164
_time_ms                       bssBANK0     000091
_timer_interrupt               intcode      000008
_value                         bssBANK0     000098
addTask@cur                    cstackBANK0  00007D
addTask@data                   cstackBANK0  000071
addTask@delay                  cstackBANK0  00006A
addTask@idx                    cstackBANK0  00007F
addTask@period                 cstackBANK0  000066
addTask@prev                   cstackBANK0  00007B
addTask@ptr                    cstackBANK0  00006E
blink_LED@data                 cstackBANK0  000060
blink_LED@idx                  cstackBANK0  000066
btemp                          temp         000058
dequeue@idx                    cstackBANK0  00006D
dequeue@temp                   cstackBANK0  00006F
end_of_initialization          cinit        001524
enqueue@data                   cstackCOMRAM 00000D
enqueue@ptr                    cstackCOMRAM 00000A
handleListHead@cur             cstackCOMRAM 000024
handleListHead@pos             cstackCOMRAM 000026
handleListHead@prev            cstackCOMRAM 000022
i2___awmod                     text27       001152
i2___awmod@counter             cstackCOMRAM 000005
i2___awmod@dividend            cstackCOMRAM 000001
i2___awmod@divisor             cstackCOMRAM 000003
i2___awmod@sign                cstackCOMRAM 000006
i2___wmul                      text24       001618
i2___wmul@multiplicand         cstackCOMRAM 000003
i2___wmul@multiplier           cstackCOMRAM 000001
i2___wmul@product              cstackCOMRAM 000005
i2_getSizeQueue                text26       0015F0
initializeTaskList@i           cstackBANK0  000068
int$flags                      temp         000058
int_func                       intcode_body 0010A2
intlevel0                      text         000000
intlevel1                      text         000000
intlevel2                      text         000000
intlevel3                      text         000000
queueInitialize@i              cstackBANK0  000066
register_timer@callback        cstackBANK0  000088
register_timer@data            cstackBANK0  00008B
register_timer@delay           cstackBANK0  000084
register_timer@period          cstackBANK0  000080
removeTask@idx                 cstackCOMRAM 000006
removeTask@pos                 cstackCOMRAM 000005
selectReadyTask@node           cstackBANK0  000074
stackhi                        (abs)        000F5F
stacklo                        (abs)        000290
start                          init         00000E
start_initialization           cinit        0014CC
start_timer@timer_vaddr        cstackBANK0  00006C
ttemp5                         temp         000059
ttemp6                         temp         00005C
ttemp7                         temp         000060
wtemp8                         temp         000059


FUNCTION INFORMATION:

 *************** function _main *****************
 Defined at:
		line 74 in file "main.c"
 Parameters:    Size  Location     Type
		None
 Auto vars:     Size  Location     Type
  idx7            1    0        unsigned char 
  idx6            1    0        unsigned char 
  idx5            1    0        unsigned char 
  idx4            1    0        unsigned char 
  idx3            1    0        unsigned char 
  idx2            1    0        unsigned char 
  idx1            1    0        unsigned char 
  idx0            1    0        unsigned char 
 Return value:  Size  Location     Type
                  1    wreg      void 
 Registers used:
		wreg, fsr0l, fsr0h, fsr1l, fsr1h, fsr2l, fsr2h, status,2, status,0, pclath, tosl, prodl, prodh, cstack
 Tracked objects:
		On entry : 
		On exit  : 
		Unchanged: 
 Data sizes:     COMRAM   BANK0   BANK1   BANK2   BANK3   BANK4   BANK5   BANK6   BANK7   BANK8   BANK9  BANK10  BANK11  BANK12  BANK13  BANK14  BANK15
      Params:         0       0       0       0       0       0       0       0       0       0       0       0       0       0       0       0       0
      Locals:         0       8       0       0       0       0       0       0       0       0       0       0       0       0       0       0       0
      Temps:          0       0       0       0       0       0       0       0       0       0       0       0       0       0       0       0       0
      Totals:         0       8       0       0       0       0       0       0       0       0       0       0       0       0       0       0       0
Total ram usage:        8 bytes
 Hardware stack levels required when called:   12
 This function calls:
		_dispatch
		_register_timer
		_system_initialize
 This function is called by:
		Startup code after reset
 This function uses a non-reentrant model


 *************** function _system_initialize *****************
 Defined at:
		line 30 in file "mcc.c"
 Parameters:    Size  Location     Type
		None
 Auto vars:     Size  Location     Type
		None
 Return value:  Size  Location     Type
                  1    wreg      void 
 Registers used:
		wreg, fsr2l, fsr2h, status,2, status,0, prodl, prodh, cstack
 Tracked objects:
		On entry : 
		On exit  : 
		Unchanged: 
 Data sizes:     COMRAM   BANK0   BANK1   BANK2   BANK3   BANK4   BANK5   BANK6   BANK7   BANK8   BANK9  BANK10  BANK11  BANK12  BANK13  BANK14  BANK15
      Params:         0       0       0       0       0       0       0       0       0       0       0       0       0       0       0       0       0
      Locals:         0       0       0       0       0       0       0       0       0       0       0       0       0       0       0       0       0
      Temps:          0       0       0       0       0       0       0       0       0       0       0       0       0       0       0       0       0
      Totals:         0       0       0       0       0       0       0       0       0       0       0       0       0       0       0       0       0
Total ram usage:        0 bytes
 Hardware stack levels used:    1
 Hardware stack levels required when called:   10
 This function calls:
		_interrupt_initialize
		_osc_initialize
		_pin_initialize
		_start_timer
 This function is called by:
		_main
 This function uses a non-reentrant model


 *************** function _start_timer *****************
 Defined at:
		line 5 in file "clock.c"
 Parameters:    Size  Location     Type
  timer_vaddr     1    wreg     unsigned char 
 Auto vars:     Size  Location     Type
  timer_vaddr     1   12[BANK0 ] unsigned char 
 Return value:  Size  Location     Type
                  2   93[None  ] int 
 Registers used:
		wreg, fsr2l, fsr2h, status,2, status,0, prodl, prodh, cstack
 Tracked objects:
		On entry : 
		On exit  : 
		Unchanged: 
 Data sizes:     COMRAM   BANK0   BANK1   BANK2   BANK3   BANK4   BANK5   BANK6   BANK7   BANK8   BANK9  BANK10  BANK11  BANK12  BANK13  BANK14  BANK15
      Params:         0       0       0       0       0       0       0       0       0       0       0       0       0       0       0       0       0
      Locals:         0       1       0       0       0       0       0       0       0       0       0       0       0       0       0       0       0
      Temps:          0       2       0       0       0       0       0       0       0       0       0       0       0       0       0       0       0
      Totals:         0       3       0       0       0       0       0       0       0       0       0       0       0       0       0       0       0
Total ram usage:        3 bytes
 Hardware stack levels used:    1
 Hardware stack levels required when called:    9
 This function calls:
		_initializeTaskList
 This function is called by:
		_system_initialize
 This function uses a non-reentrant model


 *************** function _initializeTaskList *****************
 Defined at:
		line 11 in file "task.c"
 Parameters:    Size  Location     Type
		None
 Auto vars:     Size  Location     Type
  i               2    8[BANK0 ] int 
 Return value:  Size  Location     Type
                  1    wreg      void 
 Registers used:
		wreg, fsr2l, fsr2h, status,2, status,0, prodl, prodh, cstack
 Tracked objects:
		On entry : 
		On exit  : 
		Unchanged: 
 Data sizes:     COMRAM   BANK0   BANK1   BANK2   BANK3   BANK4   BANK5   BANK6   BANK7   BANK8   BANK9  BANK10  BANK11  BANK12  BANK13  BANK14  BANK15
      Params:         0       0       0       0       0       0       0       0       0       0       0       0       0       0       0       0       0
      Locals:         0       2       0       0       0       0       0       0       0       0       0       0       0       0       0       0       0
      Temps:          0       0       0       0       0       0       0       0       0       0       0       0       0       0       0       0       0
      Totals:         0       2       0       0       0       0       0       0       0       0       0       0       0       0       0       0       0
Total ram usage:        2 bytes
 Hardware stack levels used:    1
 Hardware stack levels required when called:    8
 This function calls:
		___wmul
		_queueInitialize
 This function is called by:
		_start_timer
 This function uses a non-reentrant model


 *************** function _queueInitialize *****************
 Defined at:
		line 3 in file "ready_queue.c"
 Parameters:    Size  Location     Type
		None
 Auto vars:     Size  Location     Type
  i               2    6[BANK0 ] int 
 Return value:  Size  Location     Type
                  1    wreg      void 
 Registers used:
		wreg, fsr2l, fsr2h, status,2, status,0, prodl, prodh, cstack
 Tracked objects:
		On entry : 
		On exit  : 
		Unchanged: 
 Data sizes:     COMRAM   BANK0   BANK1   BANK2   BANK3   BANK4   BANK5   BANK6   BANK7   BANK8   BANK9  BANK10  BANK11  BANK12  BANK13  BANK14  BANK15
      Params:         0       0       0       0       0       0       0       0       0       0       0       0       0       0       0       0       0
      Locals:         0       2       0       0       0       0       0       0       0       0       0       0       0       0       0       0       0
      Temps:          0       0       0       0       0       0       0       0       0       0       0       0       0       0       0       0       0
      Totals:         0       2       0       0       0       0       0       0       0       0       0       0       0       0       0       0       0
Total ram usage:        2 bytes
 Hardware stack levels used:    1
 Hardware stack levels required when called:    7
 This function calls:
		___wmul
 This function is called by:
		_initializeTaskList
 This function uses a non-reentrant model


 *************** function _pin_initialize *****************
 Defined at:
		line 7 in file "mcc.c"
 Parameters:    Size  Location     Type
		None
 Auto vars:     Size  Location     Type
		None
 Return value:  Size  Location     Type
                  1    wreg      void 
 Registers used:
		wreg, status,2
 Tracked objects:
		On entry : 
		On exit  : 
		Unchanged: 
 Data sizes:     COMRAM   BANK0   BANK1   BANK2   BANK3   BANK4   BANK5   BANK6   BANK7   BANK8   BANK9  BANK10  BANK11  BANK12  BANK13  BANK14  BANK15
      Params:         0       0       0       0       0       0       0       0       0       0       0       0       0       0       0       0       0
      Locals:         0       0       0       0       0       0       0       0       0       0       0       0       0       0       0       0       0
      Temps:          0       0       0       0       0       0       0       0       0       0       0       0       0       0       0       0       0
      Totals:         0       0       0       0       0       0       0       0       0       0       0       0       0       0       0       0       0
Total ram usage:        0 bytes
 Hardware stack levels used:    1
 Hardware stack levels required when called:    6
 This function calls:
		Nothing
 This function is called by:
		_system_initialize
 This function uses a non-reentrant model


 *************** function _osc_initialize *****************
 Defined at:
		line 3 in file "mcc.c"
 Parameters:    Size  Location     Type
		None
 Auto vars:     Size  Location     Type
		None
 Return value:  Size  Location     Type
                  1    wreg      void 
 Registers used:
		wreg, status,2
 Tracked objects:
		On entry : 
		On exit  : 
		Unchanged: 
 Data sizes:     COMRAM   BANK0   BANK1   BANK2   BANK3   BANK4   BANK5   BANK6   BANK7   BANK8   BANK9  BANK10  BANK11  BANK12  BANK13  BANK14  BANK15
      Params:         0       0       0       0       0       0       0       0       0       0       0       0       0       0       0       0       0
      Locals:         0       0       0       0       0       0       0       0       0       0       0       0       0       0       0       0       0
      Temps:          0       0       0       0       0       0       0       0       0       0       0       0       0       0       0       0       0
      Totals:         0       0       0       0       0       0       0       0       0       0       0       0       0       0       0       0       0
Total ram usage:        0 bytes
 Hardware stack levels used:    1
 Hardware stack levels required when called:    6
 This function calls:
		Nothing
 This function is called by:
		_system_initialize
 This function uses a non-reentrant model


 *************** function _interrupt_initialize *****************
 Defined at:
		line 25 in file "mcc.c"
 Parameters:    Size  Location     Type
		None
 Auto vars:     Size  Location     Type
		None
 Return value:  Size  Location     Type
                  1    wreg      void 
 Registers used:
		None
 Tracked objects:
		On entry : 
		On exit  : 
		Unchanged: 
 Data sizes:     COMRAM   BANK0   BANK1   BANK2   BANK3   BANK4   BANK5   BANK6   BANK7   BANK8   BANK9  BANK10  BANK11  BANK12  BANK13  BANK14  BANK15
      Params:         0       0       0       0       0       0       0       0       0       0       0       0       0       0       0       0       0
      Locals:         0       0       0       0       0       0       0       0       0       0       0       0       0       0       0       0       0
      Temps:          0       0       0       0       0       0       0       0       0       0       0       0       0       0       0       0       0
      Totals:         0       0       0       0       0       0       0       0       0       0       0       0       0       0       0       0       0
Total ram usage:        0 bytes
 Hardware stack levels used:    1
 Hardware stack levels required when called:    6
 This function calls:
		Nothing
 This function is called by:
		_system_initialize
 This function uses a non-reentrant model


 *************** function _register_timer *****************
 Defined at:
		line 38 in file "clock.c"
 Parameters:    Size  Location     Type
  period          4   32[BANK0 ] unsigned long 
  delay           4   36[BANK0 ] unsigned long 
  callback        3   40[BANK0 ] PTR FTN()void 
		 -> blink_LED(1), 
  data            2   43[BANK0 ] PTR void 
		 -> RAM(3935), NULL(0), 
 Auto vars:     Size  Location     Type
		None
 Return value:  Size  Location     Type
                  1    wreg      unsigned char 
 Registers used:
		wreg, fsr1l, fsr1h, fsr2l, fsr2h, status,2, status,0, prodl, prodh, cstack
 Tracked objects:
		On entry : 
		On exit  : 
		Unchanged: 
 Data sizes:     COMRAM   BANK0   BANK1   BANK2   BANK3   BANK4   BANK5   BANK6   BANK7   BANK8   BANK9  BANK10  BANK11  BANK12  BANK13  BANK14  BANK15
      Params:         0      13       0       0       0       0       0       0       0       0       0       0       0       0       0       0       0
      Locals:         0       0       0       0       0       0       0       0       0       0       0       0       0       0       0       0       0
      Temps:          0       0       0       0       0       0       0       0       0       0       0       0       0       0       0       0       0
      Totals:         0      13       0       0       0       0       0       0       0       0       0       0       0       0       0       0       0
Total ram usage:       13 bytes
 Hardware stack levels used:    1
 Hardware stack levels required when called:    8
 This function calls:
		_addTask
 This function is called by:
		_main
 This function uses a non-reentrant model


 *************** function _addTask *****************
 Defined at:
		line 24 in file "task.c"
 Parameters:    Size  Location     Type
  period          4    6[BANK0 ] unsigned long 
  delay           4   10[BANK0 ] unsigned long 
  ptr             3   14[BANK0 ] PTR FTN()void 
		 -> blink_LED(1), 
  data            2   17[BANK0 ] PTR void 
		 -> RAM(3935), NULL(0), 
 Auto vars:     Size  Location     Type
  cur             2   29[BANK0 ] int 
  prev            2   27[BANK0 ] int 
  idx             1   31[BANK0 ] unsigned char 
 Return value:  Size  Location     Type
                  1    wreg      unsigned char 
 Registers used:
		wreg, fsr1l, fsr1h, fsr2l, fsr2h, status,2, status,0, prodl, prodh, cstack
 Tracked objects:
		On entry : 
		On exit  : 
		Unchanged: 
 Data sizes:     COMRAM   BANK0   BANK1   BANK2   BANK3   BANK4   BANK5   BANK6   BANK7   BANK8   BANK9  BANK10  BANK11  BANK12  BANK13  BANK14  BANK15
      Params:         0      13       0       0       0       0       0       0       0       0       0       0       0       0       0       0       0
      Locals:         0       5       0       0       0       0       0       0       0       0       0       0       0       0       0       0       0
      Temps:          0       8       0       0       0       0       0       0       0       0       0       0       0       0       0       0       0
      Totals:         0      26       0       0       0       0       0       0       0       0       0       0       0       0       0       0       0
Total ram usage:       26 bytes
 Hardware stack levels used:    1
 Hardware stack levels required when called:    7
 This function calls:
		___wmul
		_isFullList
 This function is called by:
		_register_timer
 This function uses a non-reentrant model


 *************** function _isFullList *****************
 Defined at:
		line 7 in file "task.c"
 Parameters:    Size  Location     Type
		None
 Auto vars:     Size  Location     Type
		None
 Return value:  Size  Location     Type
                  1    wreg      unsigned char 
 Registers used:
		wreg, status,2, status,0
 Tracked objects:
		On entry : 
		On exit  : 
		Unchanged: 
 Data sizes:     COMRAM   BANK0   BANK1   BANK2   BANK3   BANK4   BANK5   BANK6   BANK7   BANK8   BANK9  BANK10  BANK11  BANK12  BANK13  BANK14  BANK15
      Params:         0       0       0       0       0       0       0       0       0       0       0       0       0       0       0       0       0
      Locals:         0       0       0       0       0       0       0       0       0       0       0       0       0       0       0       0       0
      Temps:          0       0       0       0       0       0       0       0       0       0       0       0       0       0       0       0       0
      Totals:         0       0       0       0       0       0       0       0       0       0       0       0       0       0       0       0       0
Total ram usage:        0 bytes
 Hardware stack levels used:    1
 Hardware stack levels required when called:    6
 This function calls:
		Nothing
 This function is called by:
		_addTask
 This function uses a non-reentrant model


 *************** function _dispatch *****************
 Defined at:
		line 72 in file "clock.c"
 Parameters:    Size  Location     Type
		None
 Auto vars:     Size  Location     Type
		None
 Return value:  Size  Location     Type
                  1    wreg      void 
 Registers used:
		wreg, fsr0l, fsr0h, fsr1l, fsr1h, fsr2l, fsr2h, status,2, status,0, pclath, tosl, prodl, prodh, cstack
 Tracked objects:
		On entry : 
		On exit  : 
		Unchanged: 
 Data sizes:     COMRAM   BANK0   BANK1   BANK2   BANK3   BANK4   BANK5   BANK6   BANK7   BANK8   BANK9  BANK10  BANK11  BANK12  BANK13  BANK14  BANK15
      Params:         0       0       0       0       0       0       0       0       0       0       0       0       0       0       0       0       0
      Locals:         0       0       0       0       0       0       0       0       0       0       0       0       0       0       0       0       0
      Temps:          0       0       0       0       0       0       0       0       0       0       0       0       0       0       0       0       0
      Totals:         0       0       0       0       0       0       0       0       0       0       0       0       0       0       0       0       0
Total ram usage:        0 bytes
 Hardware stack levels used:    1
 Hardware stack levels required when called:   11
 This function calls:
		_selectReadyTask
 This function is called by:
		_main
 This function uses a non-reentrant model


 *************** function _selectReadyTask *****************
 Defined at:
		line 125 in file "task.c"
 Parameters:    Size  Location     Type
		None
 Auto vars:     Size  Location     Type
  node            5   20[BANK0 ] struct .
 Return value:  Size  Location     Type
                  1    wreg      void 
 Registers used:
		wreg, fsr0l, fsr0h, fsr1l, fsr1h, fsr2l, fsr2h, status,2, status,0, pclath, tosl, prodl, prodh, cstack
 Tracked objects:
		On entry : 
		On exit  : 
		Unchanged: 
 Data sizes:     COMRAM   BANK0   BANK1   BANK2   BANK3   BANK4   BANK5   BANK6   BANK7   BANK8   BANK9  BANK10  BANK11  BANK12  BANK13  BANK14  BANK15
      Params:         0       0       0       0       0       0       0       0       0       0       0       0       0       0       0       0       0
      Locals:         0       5       0       0       0       0       0       0       0       0       0       0       0       0       0       0       0
      Temps:          0       0       0       0       0       0       0       0       0       0       0       0       0       0       0       0       0
      Totals:         0       5       0       0       0       0       0       0       0       0       0       0       0       0       0       0       0
Total ram usage:        5 bytes
 Hardware stack levels used:    1
 Hardware stack levels required when called:   10
 This function calls:
		_blink_LED
		_dequeue
		_isEmptyQueue
 This function is called by:
		_dispatch
 This function uses a non-reentrant model


 *************** function _dequeue *****************
 Defined at:
		line 35 in file "ready_queue.c"
 Parameters:    Size  Location     Type
		None
 Auto vars:     Size  Location     Type
  temp            5   15[BANK0 ] struct .
  idx             2   13[BANK0 ] int 
 Return value:  Size  Location     Type
                  5    8[BANK0 ] struct .
 Registers used:
		wreg, fsr0l, fsr0h, fsr1l, fsr1h, fsr2l, fsr2h, status,2, status,0, prodl, prodh, cstack
 Tracked objects:
		On entry : 
		On exit  : 
		Unchanged: 
 Data sizes:     COMRAM   BANK0   BANK1   BANK2   BANK3   BANK4   BANK5   BANK6   BANK7   BANK8   BANK9  BANK10  BANK11  BANK12  BANK13  BANK14  BANK15
      Params:         0       5       0       0       0       0       0       0       0       0       0       0       0       0       0       0       0
      Locals:         0       7       0       0       0       0       0       0       0       0       0       0       0       0       0       0       0
      Temps:          0       0       0       0       0       0       0       0       0       0       0       0       0       0       0       0       0
      Totals:         0      12       0       0       0       0       0       0       0       0       0       0       0       0       0       0       0
Total ram usage:       12 bytes
 Hardware stack levels used:    1
 Hardware stack levels required when called:    9
 This function calls:
		___awmod
		___wmul
		_isEmptyQueue
 This function is called by:
		_selectReadyTask
 This function uses a non-reentrant model


 *************** function _isEmptyQueue *****************
 Defined at:
		line 18 in file "ready_queue.c"
 Parameters:    Size  Location     Type
		None
 Auto vars:     Size  Location     Type
		None
 Return value:  Size  Location     Type
                  1    wreg      unsigned char 
 Registers used:
		wreg, status,2, status,0, cstack
 Tracked objects:
		On entry : 
		On exit  : 
		Unchanged: 
 Data sizes:     COMRAM   BANK0   BANK1   BANK2   BANK3   BANK4   BANK5   BANK6   BANK7   BANK8   BANK9  BANK10  BANK11  BANK12  BANK13  BANK14  BANK15
      Params:         0       0       0       0       0       0       0       0       0       0       0       0       0       0       0       0       0
      Locals:         0       0       0       0       0       0       0       0       0       0       0       0       0       0       0       0       0
      Temps:          0       0       0       0       0       0       0       0       0       0       0       0       0       0       0       0       0
      Totals:         0       0       0       0       0       0       0       0       0       0       0       0       0       0       0       0       0
Total ram usage:        0 bytes
 Hardware stack levels used:    1
 Hardware stack levels required when called:    8
 This function calls:
		_getSizeQueue
 This function is called by:
		_dequeue
		_selectReadyTask
 This function uses a non-reentrant model


 *************** function _getSizeQueue *****************
 Defined at:
		line 10 in file "ready_queue.c"
 Parameters:    Size  Location     Type
		None
 Auto vars:     Size  Location     Type
		None
 Return value:  Size  Location     Type
                  1    wreg      unsigned char 
 Registers used:
		wreg, status,2, status,0, cstack
 Tracked objects:
		On entry : 
		On exit  : 
		Unchanged: 
 Data sizes:     COMRAM   BANK0   BANK1   BANK2   BANK3   BANK4   BANK5   BANK6   BANK7   BANK8   BANK9  BANK10  BANK11  BANK12  BANK13  BANK14  BANK15
      Params:         0       0       0       0       0       0       0       0       0       0       0       0       0       0       0       0       0
      Locals:         0       0       0       0       0       0       0       0       0       0       0       0       0       0       0       0       0
      Temps:          0       2       0       0       0       0       0       0       0       0       0       0       0       0       0       0       0
      Totals:         0       2       0       0       0       0       0       0       0       0       0       0       0       0       0       0       0
Total ram usage:        2 bytes
 Hardware stack levels used:    1
 Hardware stack levels required when called:    7
 This function calls:
		___awmod
 This function is called by:
		_isEmptyQueue
 This function uses a non-reentrant model


 *************** function ___awmod *****************
 Defined at:
		line 7 in file "C:\Program Files (x86)\Microchip\xc8\v2.10\pic\sources\c99\common\awmod.c"
 Parameters:    Size  Location     Type
  dividend        2    0[BANK0 ] int 
  divisor         2    2[BANK0 ] int 
 Auto vars:     Size  Location     Type
  sign            1    5[BANK0 ] unsigned char 
  counter         1    4[BANK0 ] unsigned char 
 Return value:  Size  Location     Type
                  2    0[BANK0 ] int 
 Registers used:
		wreg, status,2, status,0
 Tracked objects:
		On entry : 
		On exit  : 
		Unchanged: 
 Data sizes:     COMRAM   BANK0   BANK1   BANK2   BANK3   BANK4   BANK5   BANK6   BANK7   BANK8   BANK9  BANK10  BANK11  BANK12  BANK13  BANK14  BANK15
      Params:         0       4       0       0       0       0       0       0       0       0       0       0       0       0       0       0       0
      Locals:         0       2       0       0       0       0       0       0       0       0       0       0       0       0       0       0       0
      Temps:          0       0       0       0       0       0       0       0       0       0       0       0       0       0       0       0       0
      Totals:         0       6       0       0       0       0       0       0       0       0       0       0       0       0       0       0       0
Total ram usage:        6 bytes
 Hardware stack levels used:    1
 Hardware stack levels required when called:    6
 This function calls:
		Nothing
 This function is called by:
		_getSizeQueue
		_dequeue
 This function uses a non-reentrant model


 *************** function ___wmul *****************
 Defined at:
		line 15 in file "C:\Program Files (x86)\Microchip\xc8\v2.10\pic\sources\c99\common\Umul16.c"
 Parameters:    Size  Location     Type
  multiplier      2    0[BANK0 ] unsigned int 
  multiplicand    2    2[BANK0 ] unsigned int 
 Auto vars:     Size  Location     Type
  product         2    4[BANK0 ] unsigned int 
 Return value:  Size  Location     Type
                  2    0[BANK0 ] unsigned int 
 Registers used:
		wreg, status,2, status,0, prodl, prodh
 Tracked objects:
		On entry : 
		On exit  : 
		Unchanged: 
 Data sizes:     COMRAM   BANK0   BANK1   BANK2   BANK3   BANK4   BANK5   BANK6   BANK7   BANK8   BANK9  BANK10  BANK11  BANK12  BANK13  BANK14  BANK15
      Params:         0       4       0       0       0       0       0       0       0       0       0       0       0       0       0       0       0
      Locals:         0       2       0       0       0       0       0       0       0       0       0       0       0       0       0       0       0
      Temps:          0       0       0       0       0       0       0       0       0       0       0       0       0       0       0       0       0
      Totals:         0       6       0       0       0       0       0       0       0       0       0       0       0       0       0       0       0
Total ram usage:        6 bytes
 Hardware stack levels used:    1
 Hardware stack levels required when called:    6
 This function calls:
		Nothing
 This function is called by:
		_queueInitialize
		_dequeue
		_initializeTaskList
		_addTask
 This function uses a non-reentrant model


 *************** function _blink_LED *****************
 Defined at:
		line 51 in file "main.c"
 Parameters:    Size  Location     Type
  data            2    0[BANK0 ] PTR void 
		 -> RAM(3935), NULL(0), 
 Auto vars:     Size  Location     Type
  idx             1    6[BANK0 ] unsigned char 
 Return value:  Size  Location     Type
                  1    wreg      void 
 Registers used:
		wreg, fsr2l, fsr2h, status,2, status,0, prodl, prodh
 Tracked objects:
		On entry : 
		On exit  : 
		Unchanged: 
 Data sizes:     COMRAM   BANK0   BANK1   BANK2   BANK3   BANK4   BANK5   BANK6   BANK7   BANK8   BANK9  BANK10  BANK11  BANK12  BANK13  BANK14  BANK15
      Params:         0       2       0       0       0       0       0       0       0       0       0       0       0       0       0       0       0
      Locals:         0       1       0       0       0       0       0       0       0       0       0       0       0       0       0       0       0
      Temps:          0       4       0       0       0       0       0       0       0       0       0       0       0       0       0       0       0
      Totals:         0       7       0       0       0       0       0       0       0       0       0       0       0       0       0       0       0
Total ram usage:        7 bytes
 Hardware stack levels used:    1
 Hardware stack levels required when called:    6
 This function calls:
		Nothing
 This function is called by:
		_main
		_selectReadyTask
 This function uses a non-reentrant model


 *************** function _timer_interrupt *****************
 Defined at:
		line 53 in file "clock.c"
 Parameters:    Size  Location     Type
		None
 Auto vars:     Size  Location     Type
		None
 Return value:  Size  Location     Type
                  1    wreg      void 
 Registers used:
		wreg, fsr1l, fsr1h, fsr2l, fsr2h, status,2, status,0, prodl, prodh, cstack
 Tracked objects:
		On entry : 
		On exit  : 
		Unchanged: 
 Data sizes:     COMRAM   BANK0   BANK1   BANK2   BANK3   BANK4   BANK5   BANK6   BANK7   BANK8   BANK9  BANK10  BANK11  BANK12  BANK13  BANK14  BANK15
      Params:         0       0       0       0       0       0       0       0       0       0       0       0       0       0       0       0       0
      Locals:         0       0       0       0       0       0       0       0       0       0       0       0       0       0       0       0       0
      Temps:          6       0       0       0       0       0       0       0       0       0       0       0       0       0       0       0       0
      Totals:         6       0       0       0       0       0       0       0       0       0       0       0       0       0       0       0       0
Total ram usage:        6 bytes
 Hardware stack levels used:    1
 Hardware stack levels required when called:    5
 This function calls:
		_handleListHead
 This function is called by:
		Interrupt level 2
 This function uses a non-reentrant model


 *************** function _handleListHead *****************
 Defined at:
		line 91 in file "task.c"
 Parameters:    Size  Location     Type
		None
 Auto vars:     Size  Location     Type
  cur             2   35[COMRAM] int 
  prev            2   33[COMRAM] int 
  pos             2   37[COMRAM] int 
 Return value:  Size  Location     Type
                  1    wreg      void 
 Registers used:
		wreg, fsr1l, fsr1h, fsr2l, fsr2h, status,2, status,0, prodl, prodh, cstack
 Tracked objects:
		On entry : 
		On exit  : 
		Unchanged: 
 Data sizes:     COMRAM   BANK0   BANK1   BANK2   BANK3   BANK4   BANK5   BANK6   BANK7   BANK8   BANK9  BANK10  BANK11  BANK12  BANK13  BANK14  BANK15
      Params:         0       0       0       0       0       0       0       0       0       0       0       0       0       0       0       0       0
      Locals:        13       0       0       0       0       0       0       0       0       0       0       0       0       0       0       0       0
      Temps:         12       0       0       0       0       0       0       0       0       0       0       0       0       0       0       0       0
      Totals:        25       0       0       0       0       0       0       0       0       0       0       0       0       0       0       0       0
Total ram usage:       25 bytes
 Hardware stack levels used:    1
 Hardware stack levels required when called:    4
 This function calls:
		_enqueue
		_removeTask
		i2___wmul
 This function is called by:
		_timer_interrupt
 This function uses a non-reentrant model


 *************** function _removeTask *****************
 Defined at:
		line 67 in file "task.c"
 Parameters:    Size  Location     Type
  idx             1    wreg     unsigned char 
 Auto vars:     Size  Location     Type
  idx             1    5[COMRAM] unsigned char 
  pos             1    4[COMRAM] unsigned char 
 Return value:  Size  Location     Type
                  1    wreg      unsigned char 
 Registers used:
		wreg, fsr1l, fsr1h, fsr2l, fsr2h, status,2, status,0, prodl, prodh, cstack
 Tracked objects:
		On entry : 
		On exit  : 
		Unchanged: 
 Data sizes:     COMRAM   BANK0   BANK1   BANK2   BANK3   BANK4   BANK5   BANK6   BANK7   BANK8   BANK9  BANK10  BANK11  BANK12  BANK13  BANK14  BANK15
      Params:         0       0       0       0       0       0       0       0       0       0       0       0       0       0       0       0       0
      Locals:         2       0       0       0       0       0       0       0       0       0       0       0       0       0       0       0       0
      Temps:          4       0       0       0       0       0       0       0       0       0       0       0       0       0       0       0       0
      Totals:         6       0       0       0       0       0       0       0       0       0       0       0       0       0       0       0       0
Total ram usage:        6 bytes
 Hardware stack levels used:    1
 Hardware stack levels required when called:    1
 This function calls:
		_isEmptyList
 This function is called by:
		_handleListHead
		_remove_timer
 This function uses a non-reentrant model


 *************** function _isEmptyList *****************
 Defined at:
		line 3 in file "task.c"
 Parameters:    Size  Location     Type
		None
 Auto vars:     Size  Location     Type
		None
 Return value:  Size  Location     Type
                  1    wreg      unsigned char 
 Registers used:
		wreg, status,2
 Tracked objects:
		On entry : 
		On exit  : 
		Unchanged: 
 Data sizes:     COMRAM   BANK0   BANK1   BANK2   BANK3   BANK4   BANK5   BANK6   BANK7   BANK8   BANK9  BANK10  BANK11  BANK12  BANK13  BANK14  BANK15
      Params:         0       0       0       0       0       0       0       0       0       0       0       0       0       0       0       0       0
      Locals:         0       0       0       0       0       0       0       0       0       0       0       0       0       0       0       0       0
      Temps:          0       0       0       0       0       0       0       0       0       0       0       0       0       0       0       0       0
      Totals:         0       0       0       0       0       0       0       0       0       0       0       0       0       0       0       0       0
Total ram usage:        0 bytes
 Hardware stack levels used:    1
 This function calls:
		Nothing
 This function is called by:
		_removeTask
 This function uses a non-reentrant model


 *************** function _enqueue *****************
 Defined at:
		line 24 in file "ready_queue.c"
 Parameters:    Size  Location     Type
  ptr             3    9[COMRAM] PTR FTN()void 
		 -> NULL(0), blink_LED(1), 
  data            2   12[COMRAM] PTR void 
		 -> RAM(3935), NULL(0), 
 Auto vars:     Size  Location     Type
		None
 Return value:  Size  Location     Type
                  1    wreg      unsigned char 
 Registers used:
		wreg, fsr2l, fsr2h, status,2, status,0, prodl, prodh, cstack
 Tracked objects:
		On entry : 
		On exit  : 
		Unchanged: 
 Data sizes:     COMRAM   BANK0   BANK1   BANK2   BANK3   BANK4   BANK5   BANK6   BANK7   BANK8   BANK9  BANK10  BANK11  BANK12  BANK13  BANK14  BANK15
      Params:         5       0       0       0       0       0       0       0       0       0       0       0       0       0       0       0       0
      Locals:         0       0       0       0       0       0       0       0       0       0       0       0       0       0       0       0       0
      Temps:          0       0       0       0       0       0       0       0       0       0       0       0       0       0       0       0       0
      Totals:         5       0       0       0       0       0       0       0       0       0       0       0       0       0       0       0       0
Total ram usage:        5 bytes
 Hardware stack levels used:    1
 Hardware stack levels required when called:    3
 This function calls:
		_isFullQueue
		i2___awmod
		i2___wmul
 This function is called by:
		_handleListHead
 This function uses a non-reentrant model


 *************** function i2___wmul *****************
 Defined at:
		line 15 in file "C:\Program Files (x86)\Microchip\xc8\v2.10\pic\sources\c99\common\Umul16.c"
 Parameters:    Size  Location     Type
  multiplier      2    0[COMRAM] unsigned int 
  multiplicand    2    2[COMRAM] unsigned int 
 Auto vars:     Size  Location     Type
  __wmul          2    4[COMRAM] unsigned int 
 Return value:  Size  Location     Type
                  2    0[COMRAM] unsigned int 
 Registers used:
		wreg, status,2, status,0, prodl, prodh
 Tracked objects:
		On entry : 
		On exit  : 
		Unchanged: 
 Data sizes:     COMRAM   BANK0   BANK1   BANK2   BANK3   BANK4   BANK5   BANK6   BANK7   BANK8   BANK9  BANK10  BANK11  BANK12  BANK13  BANK14  BANK15
      Params:         4       0       0       0       0       0       0       0       0       0       0       0       0       0       0       0       0
      Locals:         2       0       0       0       0       0       0       0       0       0       0       0       0       0       0       0       0
      Temps:          0       0       0       0       0       0       0       0       0       0       0       0       0       0       0       0       0
      Totals:         6       0       0       0       0       0       0       0       0       0       0       0       0       0       0       0       0
Total ram usage:        6 bytes
 Hardware stack levels used:    1
 This function calls:
		Nothing
 This function is called by:
		_enqueue
		_handleListHead
 This function uses a non-reentrant model


 *************** function _isFullQueue *****************
 Defined at:
		line 14 in file "ready_queue.c"
 Parameters:    Size  Location     Type
		None
 Auto vars:     Size  Location     Type
		None
 Return value:  Size  Location     Type
                  1    wreg      unsigned char 
 Registers used:
		wreg, status,2, status,0, cstack
 Tracked objects:
		On entry : 
		On exit  : 
		Unchanged: 
 Data sizes:     COMRAM   BANK0   BANK1   BANK2   BANK3   BANK4   BANK5   BANK6   BANK7   BANK8   BANK9  BANK10  BANK11  BANK12  BANK13  BANK14  BANK15
      Params:         0       0       0       0       0       0       0       0       0       0       0       0       0       0       0       0       0
      Locals:         0       0       0       0       0       0       0       0       0       0       0       0       0       0       0       0       0
      Temps:          1       0       0       0       0       0       0       0       0       0       0       0       0       0       0       0       0
      Totals:         1       0       0       0       0       0       0       0       0       0       0       0       0       0       0       0       0
Total ram usage:        1 bytes
 Hardware stack levels used:    1
 Hardware stack levels required when called:    2
 This function calls:
		i2_getSizeQueue
 This function is called by:
		_enqueue
 This function uses a non-reentrant model


 *************** function i2_getSizeQueue *****************
 Defined at:
		line 10 in file "ready_queue.c"
 Parameters:    Size  Location     Type
		None
 Auto vars:     Size  Location     Type
		None
 Return value:  Size  Location     Type
                  1    wreg      unsigned char 
 Registers used:
		wreg, status,2, status,0, cstack
 Tracked objects:
		On entry : 
		On exit  : 
		Unchanged: 
 Data sizes:     COMRAM   BANK0   BANK1   BANK2   BANK3   BANK4   BANK5   BANK6   BANK7   BANK8   BANK9  BANK10  BANK11  BANK12  BANK13  BANK14  BANK15
      Params:         0       0       0       0       0       0       0       0       0       0       0       0       0       0       0       0       0
      Locals:         0       0       0       0       0       0       0       0       0       0       0       0       0       0       0       0       0
      Temps:          2       0       0       0       0       0       0       0       0       0       0       0       0       0       0       0       0
      Totals:         2       0       0       0       0       0       0       0       0       0       0       0       0       0       0       0       0
Total ram usage:        2 bytes
 Hardware stack levels used:    1
 Hardware stack levels required when called:    1
 This function calls:
		i2___awmod
 This function is called by:
		_isFullQueue
 This function uses a non-reentrant model


 *************** function i2___awmod *****************
 Defined at:
		line 7 in file "C:\Program Files (x86)\Microchip\xc8\v2.10\pic\sources\c99\common\awmod.c"
 Parameters:    Size  Location     Type
  dividend        2    0[COMRAM] int 
  divisor         2    2[COMRAM] int 
 Auto vars:     Size  Location     Type
  __awmod         1    5[COMRAM] unsigned char 
  __awmod         1    4[COMRAM] unsigned char 
 Return value:  Size  Location     Type
                  2    0[COMRAM] int 
 Registers used:
		wreg, status,2, status,0
 Tracked objects:
		On entry : 
		On exit  : 
		Unchanged: 
 Data sizes:     COMRAM   BANK0   BANK1   BANK2   BANK3   BANK4   BANK5   BANK6   BANK7   BANK8   BANK9  BANK10  BANK11  BANK12  BANK13  BANK14  BANK15
      Params:         4       0       0       0       0       0       0       0       0       0       0       0       0       0       0       0       0
      Locals:         2       0       0       0       0       0       0       0       0       0       0       0       0       0       0       0       0
      Temps:          0       0       0       0       0       0       0       0       0       0       0       0       0       0       0       0       0
      Totals:         6       0       0       0       0       0       0       0       0       0       0       0       0       0       0       0       0
Total ram usage:        6 bytes
 Hardware stack levels used:    1
 This function calls:
		Nothing
 This function is called by:
		_enqueue
		i2_getSizeQueue
 This function uses a non-reentrant model



MODULE INFORMATION

Module		Function		Class		Link	Load	Size
clock.c
		_timer_interrupt		CODE           	0008	0000	183
		_start_timer   		CODE           	134E	0000	151
		_register_timer		CODE           	152E	0000	59
		_dispatch      		CODE           	16DE	0000	7

clock.c estimated size: 400

task.c
		_isEmptyList   		CODE           	16B2	0000	25
		_handleListHead		CODE           	0012	0000	1361
		_removeTask    		CODE           	0D32	0000	429
		_initializeTaskList		CODE           	0EDE	0000	275
		_addTask       		CODE           	0562	0000	1053
		_selectReadyTask		CODE           	1468	0000	101
		_isFullList    		CODE           	1698	0000	27

task.c estimated size: 3271

shared
		i2___wmul      		CODE           	1618	0000	39
		__initialization		CODE           	14CC	0000	89
		i2___awmod     		CODE           	1152	0000	177
		i2_getSizeQueue		CODE           	15F0	0000	41

shared estimated size: 346

mcc.c
		_system_initialize		CODE           	167E	0000	27
		_osc_initialize		CODE           	16D2	0000	7
		_pin_initialize		CODE           	163E	0000	37
		_interrupt_initialize		CODE           	16D8	0000	7

mcc.c estimated size: 78

C:\Program Files (x86)\Microchip\xc8\v2.10\pic\sources\c99\common\Umul16.c
		___wmul        		CODE           	15C8	0000	41

C:\Program Files (x86)\Microchip\xc8\v2.10\pic\sources\c99\common\Umul16.c estimated size: 41

ready_queue.c
		_getSizeQueue  		CODE           	159C	0000	45
		_isFullQueue   		CODE           	1662	0000	29
		_dequeue       		CODE           	12AC	0000	163
		_isEmptyQueue  		CODE           	1568	0000	53
		_enqueue       		CODE           	1202	0000	171
		_queueInitialize		CODE           	13E4	0000	133

ready_queue.c estimated size: 594

C:\Program Files (x86)\Microchip\xc8\v2.10\pic\sources\c99\common\awmod.c
		___awmod       		CODE           	0FF0	0000	179

C:\Program Files (x86)\Microchip\xc8\v2.10\pic\sources\c99\common\awmod.c estimated size: 179

main.c
		_main          		CODE           	097E	0000	481
		_blink_LED     		CODE           	0B5E	0000	469

main.c estimated size: 950

