Microchip MPLAB XC8 Compiler V2.10 ()

Linker command line:

-W-3 --edf=C:\Program Files (x86)\Microchip\xc8\v2.10\pic\dat\en_msgs.txt \
  -cs -h+dist/default/production\LTD_system.X.production.sym \
  --cmf=dist/default/production\LTD_system.X.production.cmf -z -Q18F8722 \
  -oC:\Users\Tuan\AppData\Local\Temp\s7qs.2 --defsym=__MPLAB_BUILD=1 \
  -Mdist/default/production/LTD_system.X.production.map -E1 -ver=XC8 \
  --acfsm=1493 -ASTACK=0290h-0F5Fh -pstack=STACK -ACODE=00h-01FFFFh \
  -ACONST=00h-01FFFFh -ASMALLCONST=01000h-010FFhx496 \
  -AMEDIUMCONST=01000h-0FFFFh,011000h-01FFFFh -ACOMRAM=01h-05Fh \
  -AABS1=00h-0F5Fh -ABIGRAM=01h-0F5Fh \
  -ARAM=060h-0FFh,0100h-01FFhx14,0F00h-0F5Fh -ABANK0=060h-0FFh \
  -ABANK1=0100h-01FFh -ABANK2=0200h-02FFh -ABANK3=0300h-03FFh \
  -ABANK4=0400h-04FFh -ABANK5=0500h-05FFh -ABANK6=0600h-06FFh \
  -ABANK7=0700h-07FFh -ABANK8=0800h-08FFh -ABANK9=0900h-09FFh \
  -ABANK10=0A00h-0AFFh -ABANK11=0B00h-0BFFh -ABANK12=0C00h-0CFFh \
  -ABANK13=0D00h-0DFFh -ABANK14=0E00h-0EFFh -ABANK15=0F00h-0F5Fh \
  -ASFR=0F60h-0FFFh -preset_vec=00h,intcode=08h,intcodelo,powerup,init \
  -pramtop=01000h -psmallconst=SMALLCONST -pmediumconst=MEDIUMCONST \
  -pconst=CONST -AFARRAM=00h-00h -ACONFIG=0300000h-030000Dh -pconfig=CONFIG \
  -AIDLOC=0200000h-0200007h -pidloc=IDLOC -AEEDATA=0F00000h-0F003FFh \
  -peeprom_data=EEDATA \
  -prdata=COMRAM,nvrram=COMRAM,nvbit=COMRAM,rbss=COMRAM,rbit=COMRAM \
  -pfarbss=FARRAM,fardata=FARRAM,nvFARRAM=FARRAM \
  -pintsave_regs=BIGRAM,bigbss=BIGRAM,bigdata=BIGRAM -pbss=RAM \
  -pidata=CODE,irdata=CODE,ibigdata=CODE,ifardata=CODE -prparam=COMRAM \
  C:\Users\Tuan\AppData\Local\Temp\s7qs.o \
  dist/default/production\LTD_system.X.production.o 

Object code version is 3.11

Machine type is 18F8722

Call graph: (short form)




                Name                               Link     Load   Length Selector   Space Scale
C:\Users\Tuan\AppData\Local\Temp\s7qs.o
                init                                  E        E        4        4       0
                reset_vec                             0        0        4        0       0
                idloc                            200000   200000        8   200000       0
                config                           300000   300000        E   300000       0
dist/default/production\LTD_system.X.production.o
                intcode                               8        8        6        4       0
                temp                                 3C       3C        1        1       1
                smallconst                         1000     1000       86      800       0
                text56                             2E6E     2E6E       B0      843       0
                text55                             36F8     36F8       2A      843       0
                text54                             37FA     37FA       1C      843       0
                text53                             3772     3772       26      843       0
                text52                             2F1E     2F1E       AC      843       0
                text51                             3848     3848       18      843       0
                text50                             26BA     26BA      198      843       0
                intcode_body                       1086     1086      560      843       0
                text48                             3222     3222       6A      843       0
                text47                             37BC     37BC       20      843       0
                text46                             352C     352C       42      843       0
                text45                             362C     362C       3E      843       0
                text44                             34EA     34EA       42      843       0
                text43                             35AE     35AE       40      843       0
                text42                             34A8     34A8       42      843       0
                text41                             35EE     35EE       3E      843       0
                text40                             2B84     2B84       C6      843       0
                text39                             2D0C     2D0C       B2      843       0
                text38                             3872     3872       12      843       0
                text37                             345A     345A       4E      843       0
                text36                             38B2     38B2        4      843       0
                text35                             38AE     38AE        4      843       0
                text34                             356E     356E       40      843       0
                text33                             38AA     38AA        4      843       0
                text32                             38A6     38A6        4      843       0
                text31                             15E6     15E6      3F4      843       0
                text30                             2DBE     2DBE       B0      843       0
                text29                             3884     3884        C      843       0
                text28                             306C     306C       9C      843       0
                text27                             374A     374A       28      843       0
                text26                             36CC     36CC       2C      843       0
                text25                             366A     366A       36      843       0
                text24                             2FCA     2FCA       A2      843       0
                text23                             3408     3408       52      843       0
                text22                             33B6     33B6       52      843       0
                text21                             1D7A     1D7A      340      843       0
                text20                             2C4A     2C4A       C2      843       0
                text19                             2AA4     2AA4       E0      843       0
                text18                             2852     2852      144      843       0
                text17                             36A0     36A0       2C      843       0
                text16                             32F0     32F0       64      843       0
                text15                             3816     3816       1A      843       0
                text14                             19DA     19DA      3A0      843       0
                text13                             3830     3830       18      843       0
                text12                             2520     2520      19A      843       0
                text11                             20BA     20BA      2C4      843       0
                text10                             3860     3860       12      843       0
                text9                              37DC     37DC       1E      843       0
                text8                              328C     328C       64      843       0
                text7                              38A0     38A0        6      843       0
                text6                              389A     389A        6      843       0
                text5                              3798     3798       24      843       0
                text4                              319E     319E       84      843       0
                text3                              2996     2996      10E      843       0
                text2                              3108     3108       96      843       0
                text1                              3722     3722       28      843       0
                text0                              237E     237E      1A2      843       0
                cstackCOMRAM                          1        1       33        1       1
                cstackBANK0                          9C       9C       2E       60       1
                bssBIGRAM                           164      164      12C      164       1
                bssBANK1                            100      100       64      100       1
                dataBANK0                            CA       CA        A       60       1
                bssBANK0                             60       60       3C       60       1
                bssCOMRAM                            34       34        8        1       1
                cinit                              3354     3354       62      843       0
                idataBANK0                         3890     3890        A      843       0

TOTAL           Name                               Link     Load   Length     Space
        CLASS   STACK          

        CLASS   CODE           
                intcode                               8        8        6         0
                init                                  E        E        4         0
                reset_vec                             0        0        4         0
                text56                             2E6E     2E6E       B0         0
                text55                             36F8     36F8       2A         0
                text54                             37FA     37FA       1C         0
                text53                             3772     3772       26         0
                text52                             2F1E     2F1E       AC         0
                text51                             3848     3848       18         0
                text50                             26BA     26BA      198         0
                intcode_body                       1086     1086      560         0
                text48                             3222     3222       6A         0
                text47                             37BC     37BC       20         0
                text46                             352C     352C       42         0
                text45                             362C     362C       3E         0
                text44                             34EA     34EA       42         0
                text43                             35AE     35AE       40         0
                text42                             34A8     34A8       42         0
                text41                             35EE     35EE       3E         0
                text40                             2B84     2B84       C6         0
                text39                             2D0C     2D0C       B2         0
                text38                             3872     3872       12         0
                text37                             345A     345A       4E         0
                text36                             38B2     38B2        4         0
                text35                             38AE     38AE        4         0
                text34                             356E     356E       40         0
                text33                             38AA     38AA        4         0
                text32                             38A6     38A6        4         0
                text31                             15E6     15E6      3F4         0
                text30                             2DBE     2DBE       B0         0
                text29                             3884     3884        C         0
                text28                             306C     306C       9C         0
                text27                             374A     374A       28         0
                text26                             36CC     36CC       2C         0
                text25                             366A     366A       36         0
                text24                             2FCA     2FCA       A2         0
                text23                             3408     3408       52         0
                text22                             33B6     33B6       52         0
                text21                             1D7A     1D7A      340         0
                text20                             2C4A     2C4A       C2         0
                text19                             2AA4     2AA4       E0         0
                text18                             2852     2852      144         0
                text17                             36A0     36A0       2C         0
                text16                             32F0     32F0       64         0
                text15                             3816     3816       1A         0
                text14                             19DA     19DA      3A0         0
                text13                             3830     3830       18         0
                text12                             2520     2520      19A         0
                text11                             20BA     20BA      2C4         0
                text10                             3860     3860       12         0
                text9                              37DC     37DC       1E         0
                text8                              328C     328C       64         0
                text7                              38A0     38A0        6         0
                text6                              389A     389A        6         0
                text5                              3798     3798       24         0
                text4                              319E     319E       84         0
                text3                              2996     2996      10E         0
                text2                              3108     3108       96         0
                text1                              3722     3722       28         0
                text0                              237E     237E      1A2         0
                cinit                              3354     3354       62         0
                idataBANK0                         3890     3890        A         0

        CLASS   CONST          

        CLASS   SMALLCONST     
                smallconst                         1000     1000       86         0

        CLASS   MEDIUMCONST    

        CLASS   COMRAM         
                temp                                 3C       3C        1         1
                cstackCOMRAM                          1        1       33         1
                bssCOMRAM                            34       34        8         1

        CLASS   ABS1           

        CLASS   BIGRAM         
                bssBIGRAM                           164      164      12C         1

        CLASS   RAM            

        CLASS   BANK0          
                cstackBANK0                          9C       9C       2E         1
                dataBANK0                            CA       CA        A         1
                bssBANK0                             60       60       3C         1

        CLASS   BANK1          
                bssBANK1                            100      100       64         1

        CLASS   BANK2          

        CLASS   BANK3          

        CLASS   BANK4          

        CLASS   BANK5          

        CLASS   BANK6          

        CLASS   BANK7          

        CLASS   BANK8          

        CLASS   BANK9          

        CLASS   BANK10         

        CLASS   BANK11         

        CLASS   BANK12         

        CLASS   BANK13         

        CLASS   BANK14         

        CLASS   BANK15         

        CLASS   SFR            

        CLASS   FARRAM         

        CLASS   CONFIG         
                config                           300000   300000        E         0

        CLASS   IDLOC          
                idloc                            200000   200000        8         0

        CLASS   EEDATA         



SEGMENTS        Name                           Load    Length   Top    Selector   Space  Class

                reset_vec                      000000  000004  000004         0       0  CODE    
                cstackCOMRAM                   000001  00003C  00003D         1       1  COMRAM  
                intcode                        000008  00000A  000012         4       0  CODE    
                bssBANK0                       000060  000074  0000D4        60       1  BANK0   
                bssBANK1                       000100  000064  000164       100       1  BANK1   
                bssBIGRAM                      000164  00012C  000290       164       1  BIGRAM  
                smallconst                     001000  000086  001086       800       0  SMALLCON
                intcode_body                   001086  002830  0038B6       843       0  CODE    
                idloc                          200000  000008  200008    200000       0  IDLOC   
                config                         300000  00000E  30000E    300000       0  CONFIG  


UNUSED ADDRESS RANGES

        Name                Unused          Largest block    Delta
        BANK0            0000D4-0000FF               2C
        BANK10           000A00-000AFF              100
        BANK11           000B00-000BFF              100
        BANK12           000C00-000CFF              100
        BANK13           000D00-000DFF              100
        BANK14           000E00-000EFF              100
        BANK15           000F00-000F5F               60
        BANK2            000290-0002FF               70
        BANK3            000300-0003FF              100
        BANK4            000400-0004FF              100
        BANK5            000500-0005FF              100
        BANK6            000600-0006FF              100
        BANK7            000700-0007FF              100
        BANK8            000800-0008FF              100
        BANK9            000900-0009FF              100
        BIGRAM           00003D-00005F               23
                         0000D4-0000FF               2C
                         000290-000F5F              CD0
        CODE             000004-000007                4
                         000012-000FFF              FEE
                         0038B6-01FFFF            1C74A
        COMRAM           00003D-00005F               23
        CONST            000004-000007                4
                         000012-000FFF              FEE
                         0038B6-01FFFF            1C74A
        EEDATA           F00000-F003FF              400
        MEDIUMCONST      0038B6-00FFFF             C74A
                         011000-01FFFF             F000
        RAM              0000D4-0000FF               2C
                         000290-000F5F              100
        SFR              000F60-000FFF               A0
        SMALLCONST       0038B6-01FFFF              100
        STACK            000290-000F5F              CD0

                                  Symbol Table

?___awdiv                         cstackBANK0  00009C
?___awmod                         cstackBANK0  00009C
?___wmul                          cstackBANK0  00009C
?_dequeue                         cstackBANK0  0000A4
?_get_time                        cstackBANK0  00009C
?_readButtonRA5                   cstackBANK0  00009C
?_readButtonRB0                   cstackBANK0  00009C
?i2___awmod                       cstackCOMRAM 000001
?i2___wmul                        cstackCOMRAM 000001
LCDMoveCursor@line                cstackBANK0  0000A3
LCDMoveCursor@pos                 cstackBANK0  0000A2
LCDMoveCursor@position            cstackBANK0  0000A6
LCDPrint@line                     cstackBANK0  0000AA
LCDPrint@pos                      cstackBANK0  0000A7
LCDPrint@ptr                      cstackBANK0  0000A8
LCDPrintChar@ch                   cstackBANK0  0000A8
LCDPrintChar@line                 cstackBANK0  0000A9
LCDPrintChar@pos                  cstackBANK0  0000A7
LCDPutChar@ch                     cstackBANK0  0000A1
LCDPutInst@ch                     cstackBANK0  0000A1
LCDPutStr@ptr                     cstackBANK0  0000A2
LTD_process@humid                 cstackBANK0  0000B1
LTD_process@temp                  cstackBANK0  0000AF
Port_BBSPIInit@port_dir           cstackBANK0  00009F
SendByteBBSPI@bitcount            cstackBANK0  00009D
SendByteBBSPI@input               cstackBANK0  00009E
SendByteBBSPI@output              cstackBANK0  00009C
WritePort_BBSPI@a                 cstackBANK0  00009F
WritePort_BBSPI@port_add          cstackBANK0  0000A0
_ADCON1                           (abs)        000FC1
_CCP4CON                          (abs)        000F73
_CCPR4L                           (abs)        000F74
_INTCONbits                       (abs)        000FF2
_InitBBSPI                        text10       003860
_LATA                             (abs)        000F89
_LATAbits                         (abs)        000F89
_LATB                             (abs)        000F8A
_LATC                             (abs)        000F8B
_LATCbits                         (abs)        000F8B
_LATD                             (abs)        000F8C
_LATDbits                         (abs)        000F8C
_LATFbits                         (abs)        000F8E
_LCDInit                          text8        00328C
_LCDMoveCursor                    text45       00362C
_LCDMoveCursor$733                cstackBANK0  0000A4
_LCDPrint                         text42       0034A8
_LCDPrintChar                     text41       0035EE
_LCDPutChar                       text44       0034EA
_LCDPutInst                       text46       00352C
_LCDPutStr                        text43       0035AE
_LTD_process                      text31       0015E6
_OSCCON                           (abs)        000FD3
_PIE1bits                         (abs)        000F9D
_PIR1bits                         (abs)        000F9E
_PORTAbits                        (abs)        000F80
_PORTBbits                        (abs)        000F81
_PORTDbits                        (abs)        000F83
_PR2                              (abs)        000FCB
_Port_BBSPIInit                   text9        0037DC
_RA5_pressed                      bssBANK0     00009B
_RB0_pressed                      bssBANK0     00009A
_SendByteBBSPI                    text48       003222
_T0CON                            (abs)        000FD5
_T1CON                            (abs)        000FCD
_T2CON                            (abs)        000FCA
_T2CONbits                        (abs)        000FCA
_TMR0L                            (abs)        000FD6
_TMR1H                            (abs)        000FCF
_TMR1L                            (abs)        000FCE
_TMR2                             (abs)        000FCC
_TRISA                            (abs)        000F92
_TRISAbits                        (abs)        000F92
_TRISB                            (abs)        000F93
_TRISC                            (abs)        000F94
_TRISCbits                        (abs)        000F94
_TRISD                            (abs)        000F95
_TRISDbits                        (abs)        000F95
_TRISFbits                        (abs)        000F97
_TRISGbits                        (abs)        000F98
_WritePort_BBSPI                  text47       0037BC
__CFG_BOREN$OFF                   (abs)        000000
__CFG_FCMEN$OFF                   (abs)        000000
__CFG_IESO$OFF                    (abs)        000000
__CFG_LVP$OFF                     (abs)        000000
__CFG_MCLRE$ON                    (abs)        000000
__CFG_OSC$INTIO7                  (abs)        000000
__CFG_PWRT$OFF                    (abs)        000000
__CFG_WDT$OFF                     (abs)        000000
__CFG_XINST$OFF                   (abs)        000000
__HRAM                            (abs)        000000
__Habs1                           abs1         000000
__Hbank0                          bank0        000000
__Hbank1                          bank1        000000
__Hbank10                         bank10       000000
__Hbank11                         bank11       000000
__Hbank12                         bank12       000000
__Hbank13                         bank13       000000
__Hbank14                         bank14       000000
__Hbank15                         bank15       000000
__Hbank2                          bank2        000000
__Hbank3                          bank3        000000
__Hbank4                          bank4        000000
__Hbank5                          bank5        000000
__Hbank6                          bank6        000000
__Hbank7                          bank7        000000
__Hbank8                          bank8        000000
__Hbank9                          bank9        000000
__Hbigbss                         bigbss       000000
__Hbigdata                        bigdata      000000
__Hbigram                         bigram       000000
__Hbss                            bss          000000
__HbssBANK0                       bssBANK0     000000
__HbssBANK1                       bssBANK1     000000
__HbssBIGRAM                      bssBIGRAM    000000
__HbssCOMRAM                      bssCOMRAM    000000
__Hcinit                          cinit        000000
__Hclrtext                        clrtext      000000
__Hcomram                         comram       000000
__Hconfig                         config       30000E
__Hconst                          const        000000
__HcstackBANK0                    cstackBANK0  000000
__HcstackCOMRAM                   cstackCOMRAM 000000
__Hdata                           data         000000
__HdataBANK0                      dataBANK0    000000
__Heeprom_data                    eeprom_data  000000
__Hfarbss                         farbss       000000
__Hfardata                        fardata      000000
__Hibigdata                       ibigdata     000000
__Hidata                          idata        000000
__HidataBANK0                     idataBANK0   000000
__Hidloc                          idloc        200008
__Hifardata                       ifardata     000000
__Hinit                           init         000012
__Hintcode                        intcode      00000E
__Hintcode_body                   intcode_body 000000
__Hintcodelo                      intcodelo    00000E
__Hintentry                       intentry     000000
__Hintret                         intret       000000
__Hintsave_regs                   intsave_regs 000000
__Hirdata                         irdata       000000
__Hmediumconst                    mediumconst  000000
__HnvFARRAM                       nvFARRAM     000000
__Hnvbit                          nvbit        000000
__Hnvrram                         nvrram       000000
__Hparam                          rparam       000000
__Hpowerup                        powerup      00000E
__Hram                            ram          000000
__Hramtop                         ramtop       001000
__Hrbit                           rbit         000000
__Hrbss                           rbss         000000
__Hrdata                          rdata        000000
__Hreset_vec                      reset_vec    000004
__Hrparam                         rparam       000000
__Hsfr                            sfr          000000
__Hsmallconst                     smallconst   001086
__Hspace_0                        (abs)        30000E
__Hspace_1                        (abs)        000290
__Hspace_2                        (abs)        000000
__Hstack                          stack        000000
__Hstruct                         struct       000000
__Htemp                           temp         00003D
__Htext                           text         000000
__Htext0                          text0        000000
__Htext1                          text1        000000
__Htext10                         text10       000000
__Htext11                         text11       000000
__Htext12                         text12       000000
__Htext13                         text13       000000
__Htext14                         text14       000000
__Htext15                         text15       000000
__Htext16                         text16       000000
__Htext17                         text17       000000
__Htext18                         text18       000000
__Htext19                         text19       000000
__Htext2                          text2        000000
__Htext20                         text20       000000
__Htext21                         text21       000000
__Htext22                         text22       000000
__Htext23                         text23       000000
__Htext24                         text24       000000
__Htext25                         text25       000000
__Htext26                         text26       000000
__Htext27                         text27       000000
__Htext28                         text28       000000
__Htext29                         text29       000000
__Htext3                          text3        000000
__Htext30                         text30       000000
__Htext31                         text31       000000
__Htext32                         text32       000000
__Htext33                         text33       000000
__Htext34                         text34       000000
__Htext35                         text35       000000
__Htext36                         text36       000000
__Htext37                         text37       000000
__Htext38                         text38       000000
__Htext39                         text39       000000
__Htext4                          text4        000000
__Htext40                         text40       000000
__Htext41                         text41       000000
__Htext42                         text42       000000
__Htext43                         text43       000000
__Htext44                         text44       000000
__Htext45                         text45       000000
__Htext46                         text46       000000
__Htext47                         text47       000000
__Htext48                         text48       000000
__Htext5                          text5        000000
__Htext50                         text50       000000
__Htext51                         text51       000000
__Htext52                         text52       000000
__Htext53                         text53       000000
__Htext54                         text54       000000
__Htext55                         text55       000000
__Htext56                         text56       000000
__Htext57                         text57       000000
__Htext6                          text6        000000
__Htext7                          text7        000000
__Htext8                          text8        000000
__Htext9                          text9        000000
__LRAM                            (abs)        000001
__Labs1                           abs1         000000
__Lbank0                          bank0        000000
__Lbank1                          bank1        000000
__Lbank10                         bank10       000000
__Lbank11                         bank11       000000
__Lbank12                         bank12       000000
__Lbank13                         bank13       000000
__Lbank14                         bank14       000000
__Lbank15                         bank15       000000
__Lbank2                          bank2        000000
__Lbank3                          bank3        000000
__Lbank4                          bank4        000000
__Lbank5                          bank5        000000
__Lbank6                          bank6        000000
__Lbank7                          bank7        000000
__Lbank8                          bank8        000000
__Lbank9                          bank9        000000
__Lbigbss                         bigbss       000000
__Lbigdata                        bigdata      000000
__Lbigram                         bigram       000000
__Lbss                            bss          000000
__LbssBANK0                       bssBANK0     000000
__LbssBANK1                       bssBANK1     000000
__LbssBIGRAM                      bssBIGRAM    000000
__LbssCOMRAM                      bssCOMRAM    000000
__Lcinit                          cinit        000000
__Lclrtext                        clrtext      000000
__Lcomram                         comram       000000
__Lconfig                         config       300000
__Lconst                          const        000000
__LcstackBANK0                    cstackBANK0  000000
__LcstackCOMRAM                   cstackCOMRAM 000000
__Ldata                           data         000000
__LdataBANK0                      dataBANK0    000000
__Leeprom_data                    eeprom_data  000000
__Lfarbss                         farbss       000000
__Lfardata                        fardata      000000
__Libigdata                       ibigdata     000000
__Lidata                          idata        000000
__LidataBANK0                     idataBANK0   000000
__Lidloc                          idloc        200000
__Lifardata                       ifardata     000000
__Linit                           init         00000E
__Lintcode                        intcode      000008
__Lintcode_body                   intcode_body 000000
__Lintcodelo                      intcodelo    00000E
__Lintentry                       intentry     000000
__Lintret                         intret       000000
__Lintsave_regs                   intsave_regs 000000
__Lirdata                         irdata       000000
__Lmediumconst                    mediumconst  000000
__LnvFARRAM                       nvFARRAM     000000
__Lnvbit                          nvbit        000000
__Lnvrram                         nvrram       000000
__Lparam                          rparam       000000
__Lpowerup                        powerup      00000E
__Lram                            ram          000000
__Lramtop                         ramtop       001000
__Lrbit                           rbit         000000
__Lrbss                           rbss         000000
__Lrdata                          rdata        000000
__Lreset_vec                      reset_vec    000000
__Lrparam                         rparam       000000
__Lsfr                            sfr          000000
__Lsmallconst                     smallconst   001000
__Lspace_0                        (abs)        000000
__Lspace_1                        (abs)        000000
__Lspace_2                        (abs)        000000
__Lstack                          stack        000000
__Lstruct                         struct       000000
__Ltemp                           temp         00003C
__Ltext                           text         000000
__Ltext0                          text0        000000
__Ltext1                          text1        000000
__Ltext10                         text10       000000
__Ltext11                         text11       000000
__Ltext12                         text12       000000
__Ltext13                         text13       000000
__Ltext14                         text14       000000
__Ltext15                         text15       000000
__Ltext16                         text16       000000
__Ltext17                         text17       000000
__Ltext18                         text18       000000
__Ltext19                         text19       000000
__Ltext2                          text2        000000
__Ltext20                         text20       000000
__Ltext21                         text21       000000
__Ltext22                         text22       000000
__Ltext23                         text23       000000
__Ltext24                         text24       000000
__Ltext25                         text25       000000
__Ltext26                         text26       000000
__Ltext27                         text27       000000
__Ltext28                         text28       000000
__Ltext29                         text29       000000
__Ltext3                          text3        000000
__Ltext30                         text30       000000
__Ltext31                         text31       000000
__Ltext32                         text32       000000
__Ltext33                         text33       000000
__Ltext34                         text34       000000
__Ltext35                         text35       000000
__Ltext36                         text36       000000
__Ltext37                         text37       000000
__Ltext38                         text38       000000
__Ltext39                         text39       000000
__Ltext4                          text4        000000
__Ltext40                         text40       000000
__Ltext41                         text41       000000
__Ltext42                         text42       000000
__Ltext43                         text43       000000
__Ltext44                         text44       000000
__Ltext45                         text45       000000
__Ltext46                         text46       000000
__Ltext47                         text47       000000
__Ltext48                         text48       000000
__Ltext5                          text5        000000
__Ltext50                         text50       000000
__Ltext51                         text51       000000
__Ltext52                         text52       000000
__Ltext53                         text53       000000
__Ltext54                         text54       000000
__Ltext55                         text55       000000
__Ltext56                         text56       000000
__Ltext57                         text57       000000
__Ltext6                          text6        000000
__Ltext7                          text7        000000
__Ltext8                          text8        000000
__Ltext9                          text9        000000
__S0                              (abs)        30000E
__S1                              (abs)        000290
__S2                              (abs)        000000
___awdiv                          text40       002B84
___awdiv@counter                  cstackBANK0  0000A0
___awdiv@dividend                 cstackBANK0  00009C
___awdiv@divisor                  cstackBANK0  00009E
___awdiv@quotient                 cstackBANK0  0000A2
___awdiv@sign                     cstackBANK0  0000A1
___awmod                          text39       002D0C
___awmod@counter                  cstackBANK0  0000A0
___awmod@dividend                 cstackBANK0  00009C
___awmod@divisor                  cstackBANK0  00009E
___awmod@sign                     cstackBANK0  0000A1
___extmem_base                    (abs)        020000
___inthi_sp                       stack        000000
___intlo_sp                       stack        000000
___param_bank                     (abs)        000000
___rparam_used                    (abs)        000001
___sp                             stack        000000
___wmul                           text27       00374A
___wmul@multiplicand              cstackBANK0  00009E
___wmul@multiplier                cstackBANK0  00009C
___wmul@product                   cstackBANK0  0000A0
__accesstop                       (abs)        000060
__activetblptr                    (abs)        000003
__end_of_InitBBSPI                text10       003872
__end_of_LCDInit                  text8        0032F0
__end_of_LCDMoveCursor            text45       00366A
__end_of_LCDPrint                 text42       0034EA
__end_of_LCDPrintChar             text41       00362C
__end_of_LCDPutChar               text44       00352C
__end_of_LCDPutInst               text46       00356E
__end_of_LCDPutStr                text43       0035EE
__end_of_LTD_process              text31       0019DA
__end_of_Port_BBSPIInit           text9        0037FA
__end_of_SendByteBBSPI            text48       00328C
__end_of_WritePort_BBSPI          text47       0037DC
__end_of___awdiv                  text40       002C4A
__end_of___awmod                  text39       002DBE
__end_of___wmul                   text27       003772
__end_of__initialization          cinit        0033AC
__end_of_changeState              text30       002E6E
__end_of_check_humid_to_turn_fan  text28       003108
__end_of_dequeue                  text24       00306C
__end_of_dispatch                 text16       003354
__end_of_enqueue                  text52       002FCA
__end_of_getByte                  text19       002B84
__end_of_getSizeQueue             text26       0036F8
__end_of_get_time                 text38       003884
__end_of_handleButton             text21       0020BA
__end_of_initializeTaskList       text3        002AA4
__end_of_interrupt_initialize     text7        0038A6
__end_of_isEmptyList              text13       003848
__end_of_isEmptyQueue             text25       0036A0
__end_of_isFullList               text15       003830
__end_of_isFullQueue              text54       003816
__end_of_main                     text0        002520
__end_of_osc_initialize           text6        0038A0
__end_of_pin_initialize           text5        0037BC
__end_of_print_temp_and_humid     text20       002D0C
__end_of_queueInitialize          text4        003222
__end_of_readButtonRA5            text23       00345A
__end_of_readButtonRB0            text22       003408
__end_of_readDHT                  text18       002996
__end_of_readTempAndHumid         text17       0036CC
__end_of_register_timer           text14       001D7A
__end_of_remove_timer             text12       0026BA
__end_of_set_speed_fan3           text29       003890
__end_of_set_time_process         text11       00237E
__end_of_start_timer              text2        00319E
__end_of_system_initialize        text1        00374A
__end_of_timer_interrupt          intcode_body 0015E6
__end_of_turn_off_fan             text37       0034A8
__end_of_turn_off_heat_pump       text36       0038B6
__end_of_turn_off_heater          text35       0038B2
__end_of_turn_on_fan              text34       0035AE
__end_of_turn_on_heat_pump        text33       0038AE
__end_of_turn_on_heater           text32       0038AA
__end_ofi2___awmod                text56       002F1E
__end_ofi2___wmul                 text53       003798
__end_ofi2_getSizeQueue           text55       003722
__end_ofi2_isEmptyList            text51       003860
__end_ofi2_remove_timer           text50       002852
__initialization                  cinit        003354
__mediumconst                     mediumconst  000000
__pbssBANK0                       bssBANK0     000060
__pbssBANK1                       bssBANK1     000100
__pbssBIGRAM                      bssBIGRAM    000164
__pbssCOMRAM                      bssCOMRAM    000034
__pcinit                          cinit        003354
__pcstackBANK0                    cstackBANK0  00009C
__pcstackCOMRAM                   cstackCOMRAM 000001
__pdataBANK0                      dataBANK0    0000CA
__pidataBANK0                     idataBANK0   003890
__pintcode                        intcode      000008
__pintcode_body                   intcode_body 001086
__psmallconst                     smallconst   001000
__ptext0                          text0        00237E
__ptext1                          text1        003722
__ptext10                         text10       003860
__ptext11                         text11       0020BA
__ptext12                         text12       002520
__ptext13                         text13       003830
__ptext14                         text14       0019DA
__ptext15                         text15       003816
__ptext16                         text16       0032F0
__ptext17                         text17       0036A0
__ptext18                         text18       002852
__ptext19                         text19       002AA4
__ptext2                          text2        003108
__ptext20                         text20       002C4A
__ptext21                         text21       001D7A
__ptext22                         text22       0033B6
__ptext23                         text23       003408
__ptext24                         text24       002FCA
__ptext25                         text25       00366A
__ptext26                         text26       0036CC
__ptext27                         text27       00374A
__ptext28                         text28       00306C
__ptext29                         text29       003884
__ptext3                          text3        002996
__ptext30                         text30       002DBE
__ptext31                         text31       0015E6
__ptext32                         text32       0038A6
__ptext33                         text33       0038AA
__ptext34                         text34       00356E
__ptext35                         text35       0038AE
__ptext36                         text36       0038B2
__ptext37                         text37       00345A
__ptext38                         text38       003872
__ptext39                         text39       002D0C
__ptext4                          text4        00319E
__ptext40                         text40       002B84
__ptext41                         text41       0035EE
__ptext42                         text42       0034A8
__ptext43                         text43       0035AE
__ptext44                         text44       0034EA
__ptext45                         text45       00362C
__ptext46                         text46       00352C
__ptext47                         text47       0037BC
__ptext48                         text48       003222
__ptext5                          text5        003798
__ptext50                         text50       0026BA
__ptext51                         text51       003848
__ptext52                         text52       002F1E
__ptext53                         text53       003772
__ptext54                         text54       0037FA
__ptext55                         text55       0036F8
__ptext56                         text56       002E6E
__ptext57                         text57       000000
__ptext6                          text6        00389A
__ptext7                          text7        0038A0
__ptext8                          text8        00328C
__ptext9                          text9        0037DC
__ramtop                          ramtop       001000
__size_of_InitBBSPI               (abs)        000000
__size_of_LCDInit                 (abs)        000000
__size_of_LCDMoveCursor           (abs)        000000
__size_of_LCDPrint                (abs)        000000
__size_of_LCDPrintChar            (abs)        000000
__size_of_LCDPutChar              (abs)        000000
__size_of_LCDPutInst              (abs)        000000
__size_of_LCDPutStr               (abs)        000000
__size_of_LTD_process             (abs)        000000
__size_of_Port_BBSPIInit          (abs)        000000
__size_of_SendByteBBSPI           (abs)        000000
__size_of_WritePort_BBSPI         (abs)        000000
__size_of___awdiv                 (abs)        000000
__size_of___awmod                 (abs)        000000
__size_of___wmul                  (abs)        000000
__size_of_changeState             (abs)        000000
__size_of_check_humid_to_turn_fan (abs)        000000
__size_of_dequeue                 (abs)        000000
__size_of_dispatch                (abs)        000000
__size_of_enqueue                 (abs)        000000
__size_of_getByte                 (abs)        000000
__size_of_getSizeQueue            (abs)        000000
__size_of_get_time                (abs)        000000
__size_of_handleButton            (abs)        000000
__size_of_initializeTaskList      (abs)        000000
__size_of_interrupt_initialize    (abs)        000000
__size_of_isEmptyList             (abs)        000000
__size_of_isEmptyQueue            (abs)        000000
__size_of_isFullList              (abs)        000000
__size_of_isFullQueue             (abs)        000000
__size_of_main                    (abs)        000000
__size_of_osc_initialize          (abs)        000000
__size_of_pin_initialize          (abs)        000000
__size_of_print_temp_and_humid    (abs)        000000
__size_of_queueInitialize         (abs)        000000
__size_of_readButtonRA5           (abs)        000000
__size_of_readButtonRB0           (abs)        000000
__size_of_readDHT                 (abs)        000000
__size_of_readTempAndHumid        (abs)        000000
__size_of_register_timer          (abs)        000000
__size_of_remove_timer            (abs)        000000
__size_of_set_speed_fan3          (abs)        000000
__size_of_set_time_process        (abs)        000000
__size_of_start_timer             (abs)        000000
__size_of_system_initialize       (abs)        000000
__size_of_timer_interrupt         (abs)        000000
__size_of_turn_off_fan            (abs)        000000
__size_of_turn_off_heat_pump      (abs)        000000
__size_of_turn_off_heater         (abs)        000000
__size_of_turn_on_fan             (abs)        000000
__size_of_turn_on_heat_pump       (abs)        000000
__size_of_turn_on_heater          (abs)        000000
__size_ofi2___awmod               (abs)        000000
__size_ofi2___wmul                (abs)        000000
__size_ofi2_getSizeQueue          (abs)        000000
__size_ofi2_isEmptyList           (abs)        000000
__size_ofi2_remove_timer          (abs)        000000
__smallconst                      smallconst   001000
_changeState                      text30       002DBE
_check_humid_to_turn_fan          text28       00306C
_check_timeout                    bssBANK0     000088
_count                            bssCOMRAM    000038
_countRA5                         bssBANK0     000080
_countRA5_1                       bssBANK0     00007C
_countRB0                         bssBANK0     000078
_countRB0_1                       bssBANK0     000074
_dequeue                          text24       002FCA
_dispatch                         text16       0032F0
_enqueue                          text52       002F1E
_firstReadRA5                     dataBANK0    0000D3
_firstReadRB0                     dataBANK0    0000D1
_flag_change_state                bssBANK0     000095
_front                            dataBANK0    0000CC
_getByte                          text19       002AA4
_getSizeQueue                     text26       0036CC
_get_time                         text38       003872
_handleButton                     text21       001D7A
_head                             bssBANK0     000090
_humidity_dht11                   bssBANK0     00008C
_humidity_value                   bssBANK0     000099
_initializeTaskList               text3        002996
_interrupt_initialize             text7        0038A0
_isEmptyList                      text13       003830
_isEmptyQueue                     text25       00366A
_isFullList                       text15       003816
_isFullQueue                      text54       0037FA
_isSet                            bssBANK0     000094
_ledVal                           bssCOMRAM    00003A
_main                             text0        00237E
_num_task                         bssBANK0     000091
_osc_initialize                   text6        00389A
_period                           dataBANK0    0000CE
_pin_initialize                   text5        003798
_prev_time_ms                     bssCOMRAM    000034
_print_temp_and_humid             text20       002C4A
_queueInitialize                  text4        00319E
_readButtonRA5                    text23       003408
_readButtonRB0                    text22       0033B6
_readDHT                          text18       002852
_readTempAndHumid                 text17       0036A0
_ready_queue                      bssBANK1     000100
_rear                             dataBANK0    0000CA
_register_timer                   text14       0019DA
_remove_timer                     text12       002520
_secondReadRA5                    dataBANK0    0000D2
_secondReadRB0                    dataBANK0    0000D0
_set_speed_fan3                   text29       003884
_set_time_process                 text11       0020BA
_start_timer                      text2        003108
_state                            bssBANK0     000097
_stateRA5                         bssBANK0     000093
_stateRB0                         bssBANK0     000092
_state_settime                    bssBANK0     000096
_system_initialize                text1        003722
_task_id                          bssBANK0     000060
_task_list                        bssBIGRAM    000164
_temperature_dht11                bssBANK0     00008E
_temperature_value                bssBANK0     000098
_time_ms                          bssBANK0     000084
_timer_interrupt                  intcode      000008
_timer_interrupt$2170             cstackCOMRAM 000025
_timer_interrupt$2175             cstackCOMRAM 000028
_timer_interrupt$2176             cstackCOMRAM 00002A
_turn_off_fan                     text37       00345A
_turn_off_heat_pump               text36       0038B2
_turn_off_heater                  text35       0038AE
_turn_on_fan                      text34       00356E
_turn_on_heat_pump                text33       0038AA
_turn_on_heater                   text32       0038A6
_value                            bssCOMRAM    00003B
btemp                             temp         00003C
check_humid_to_turn_fan@humid     cstackBANK0  0000AB
dequeue@idx                       cstackBANK0  0000A9
dequeue@temp                      cstackBANK0  0000AB
dispatch@node                     cstackBANK0  0000B0
end_of_initialization             cinit        0033AC
enqueue@data_ptr                  cstackCOMRAM 00000D
enqueue@ptr                       cstackCOMRAM 00000A
getByte@i                         cstackBANK0  00009E
getByte@j                         cstackBANK0  0000A1
getByte@timeOut                   cstackBANK0  00009F
handleButton@checkRA5             cstackBANK0  0000A2
handleButton@checkRB0             cstackBANK0  0000A4
handleButton@data_ptr             cstackBANK0  00009E
i2___awmod                        text56       002E6E
i2___awmod@counter                cstackCOMRAM 000005
i2___awmod@dividend               cstackCOMRAM 000001
i2___awmod@divisor                cstackCOMRAM 000003
i2___awmod@sign                   cstackCOMRAM 000006
i2___wmul                         text53       003772
i2___wmul@multiplicand            cstackCOMRAM 000003
i2___wmul@multiplier              cstackCOMRAM 000001
i2___wmul@product                 cstackCOMRAM 000005
i2_getSizeQueue                   text55       0036F8
i2_isEmptyList                    text51       003848
i2_remove_timer                   text50       0026BA
i2remove_timer@id                 cstackCOMRAM 000005
i2remove_timer@pos                cstackCOMRAM 000006
initializeTaskList@i              cstackBANK0  0000A4
int$flags                         temp         00003C
int_func                          intcode_body 001086
intlevel0                         text         000000
intlevel1                         text         000000
intlevel2                         text         000000
intlevel3                         text         000000
queueInitialize@i                 cstackBANK0  0000A2
readDHT@checkSum                  cstackBANK0  0000A4
readDHT@timeOut                   cstackBANK0  0000A5
register_timer@callback           cstackBANK0  0000AA
register_timer@cur                cstackBANK0  0000BF
register_timer@data_ptr           cstackBANK0  0000AD
register_timer@delay              cstackBANK0  0000A6
register_timer@idx                cstackBANK0  0000C1
register_timer@period             cstackBANK0  0000A2
register_timer@prev               cstackBANK0  0000BB
register_timer@sum                cstackBANK0  0000BD
remove_timer@id                   cstackBANK0  0000A1
remove_timer@pos                  cstackBANK0  0000A0
set_speed_fan3@dutyCycle          cstackBANK0  00009C
set_time_process@temp             cstackBANK0  0000C4
set_time_process@temp_156         cstackBANK0  0000C6
stackhi                           (abs)        000F5F
stacklo                           (abs)        000290
start                             init         00000E
start_initialization              cinit        003354
start_timer@timer_vaddr           cstackBANK0  0000A8
timer_interrupt@cur               cstackCOMRAM 000030
timer_interrupt@pos               cstackCOMRAM 000032
timer_interrupt@prev              cstackCOMRAM 00002C
timer_interrupt@sum               cstackCOMRAM 00002E
ttemp5                            temp         00003D
ttemp6                            temp         000040
ttemp7                            temp         000044
turn_off_fan@idx                  cstackBANK0  00009C
turn_on_fan@idx                   cstackBANK0  00009C
wtemp8                            temp         00003D


FUNCTION INFORMATION:

 *************** function _main *****************
 Defined at:
		line 157 in file "main.c"
 Parameters:    Size  Location     Type
		None
 Auto vars:     Size  Location     Type
		None
 Return value:  Size  Location     Type
                  1    wreg      void 
 Registers used:
		wreg, fsr0l, fsr0h, fsr1l, fsr1h, fsr2l, fsr2h, status,2, status,0, pclath, tosl, tblptrl, tblptrh, tblptru, prodl, prodh, cstack
 Tracked objects:
		On entry : 
		On exit  : 
		Unchanged: 
 Data sizes:     COMRAM   BANK0   BANK1   BANK2   BANK3   BANK4   BANK5   BANK6   BANK7   BANK8   BANK9  BANK10  BANK11  BANK12  BANK13  BANK14  BANK15
      Params:         0       0       0       0       0       0       0       0       0       0       0       0       0       0       0       0       0
      Locals:         0       0       0       0       0       0       0       0       0       0       0       0       0       0       0       0       0
      Temps:          0       2       0       0       0       0       0       0       0       0       0       0       0       0       0       0       0
      Totals:         0       2       0       0       0       0       0       0       0       0       0       0       0       0       0       0       0
Total ram usage:        2 bytes
 Hardware stack levels required when called:   12
 This function calls:
		_LCDPrint
		_LCDPutInst
		_LTD_process
		_dispatch
		_register_timer
		_set_time_process
		_system_initialize
 This function is called by:
		Startup code after reset
 This function uses a non-reentrant model


 *************** function _system_initialize *****************
 Defined at:
		line 41 in file "mcc.c"
 Parameters:    Size  Location     Type
		None
 Auto vars:     Size  Location     Type
		None
 Return value:  Size  Location     Type
                  1    wreg      void 
 Registers used:
		wreg, fsr2l, fsr2h, status,2, status,0, prodl, prodh, cstack
 Tracked objects:
		On entry : 
		On exit  : 
		Unchanged: 
 Data sizes:     COMRAM   BANK0   BANK1   BANK2   BANK3   BANK4   BANK5   BANK6   BANK7   BANK8   BANK9  BANK10  BANK11  BANK12  BANK13  BANK14  BANK15
      Params:         0       0       0       0       0       0       0       0       0       0       0       0       0       0       0       0       0
      Locals:         0       0       0       0       0       0       0       0       0       0       0       0       0       0       0       0       0
      Temps:          0       0       0       0       0       0       0       0       0       0       0       0       0       0       0       0       0
      Totals:         0       0       0       0       0       0       0       0       0       0       0       0       0       0       0       0       0
Total ram usage:        0 bytes
 Hardware stack levels used:    1
 Hardware stack levels required when called:    9
 This function calls:
		_LCDInit
		_interrupt_initialize
		_osc_initialize
		_pin_initialize
		_start_timer
 This function is called by:
		_main
 This function uses a non-reentrant model


 *************** function _start_timer *****************
 Defined at:
		line 83 in file "clock.c"
 Parameters:    Size  Location     Type
  timer_vaddr     1    wreg     unsigned char 
 Auto vars:     Size  Location     Type
  timer_vaddr     1   12[BANK0 ] unsigned char 
 Return value:  Size  Location     Type
                  2  347[None  ] int 
 Registers used:
		wreg, fsr2l, fsr2h, status,2, status,0, prodl, prodh, cstack
 Tracked objects:
		On entry : 
		On exit  : 
		Unchanged: 
 Data sizes:     COMRAM   BANK0   BANK1   BANK2   BANK3   BANK4   BANK5   BANK6   BANK7   BANK8   BANK9  BANK10  BANK11  BANK12  BANK13  BANK14  BANK15
      Params:         0       0       0       0       0       0       0       0       0       0       0       0       0       0       0       0       0
      Locals:         0       1       0       0       0       0       0       0       0       0       0       0       0       0       0       0       0
      Temps:          0       2       0       0       0       0       0       0       0       0       0       0       0       0       0       0       0
      Totals:         0       3       0       0       0       0       0       0       0       0       0       0       0       0       0       0       0
Total ram usage:        3 bytes
 Hardware stack levels used:    1
 Hardware stack levels required when called:    8
 This function calls:
		_initializeTaskList
 This function is called by:
		_system_initialize
 This function uses a non-reentrant model


 *************** function _initializeTaskList *****************
 Defined at:
		line 60 in file "clock.c"
 Parameters:    Size  Location     Type
		None
 Auto vars:     Size  Location     Type
  i               2    8[BANK0 ] int 
 Return value:  Size  Location     Type
                  1    wreg      void 
 Registers used:
		wreg, fsr2l, fsr2h, status,2, status,0, prodl, prodh, cstack
 Tracked objects:
		On entry : 
		On exit  : 
		Unchanged: 
 Data sizes:     COMRAM   BANK0   BANK1   BANK2   BANK3   BANK4   BANK5   BANK6   BANK7   BANK8   BANK9  BANK10  BANK11  BANK12  BANK13  BANK14  BANK15
      Params:         0       0       0       0       0       0       0       0       0       0       0       0       0       0       0       0       0
      Locals:         0       2       0       0       0       0       0       0       0       0       0       0       0       0       0       0       0
      Temps:          0       0       0       0       0       0       0       0       0       0       0       0       0       0       0       0       0
      Totals:         0       2       0       0       0       0       0       0       0       0       0       0       0       0       0       0       0
Total ram usage:        2 bytes
 Hardware stack levels used:    1
 Hardware stack levels required when called:    7
 This function calls:
		___wmul
		_queueInitialize
 This function is called by:
		_start_timer
 This function uses a non-reentrant model


 *************** function _queueInitialize *****************
 Defined at:
		line 8 in file "clock.c"
 Parameters:    Size  Location     Type
		None
 Auto vars:     Size  Location     Type
  i               2    6[BANK0 ] int 
 Return value:  Size  Location     Type
                  1    wreg      void 
 Registers used:
		wreg, fsr2l, fsr2h, status,2, status,0, prodl, prodh, cstack
 Tracked objects:
		On entry : 
		On exit  : 
		Unchanged: 
 Data sizes:     COMRAM   BANK0   BANK1   BANK2   BANK3   BANK4   BANK5   BANK6   BANK7   BANK8   BANK9  BANK10  BANK11  BANK12  BANK13  BANK14  BANK15
      Params:         0       0       0       0       0       0       0       0       0       0       0       0       0       0       0       0       0
      Locals:         0       2       0       0       0       0       0       0       0       0       0       0       0       0       0       0       0
      Temps:          0       0       0       0       0       0       0       0       0       0       0       0       0       0       0       0       0
      Totals:         0       2       0       0       0       0       0       0       0       0       0       0       0       0       0       0       0
Total ram usage:        2 bytes
 Hardware stack levels used:    1
 Hardware stack levels required when called:    6
 This function calls:
		___wmul
 This function is called by:
		_initializeTaskList
 This function uses a non-reentrant model


 *************** function _pin_initialize *****************
 Defined at:
		line 7 in file "mcc.c"
 Parameters:    Size  Location     Type
		None
 Auto vars:     Size  Location     Type
		None
 Return value:  Size  Location     Type
                  1    wreg      void 
 Registers used:
		wreg, status,2
 Tracked objects:
		On entry : 
		On exit  : 
		Unchanged: 
 Data sizes:     COMRAM   BANK0   BANK1   BANK2   BANK3   BANK4   BANK5   BANK6   BANK7   BANK8   BANK9  BANK10  BANK11  BANK12  BANK13  BANK14  BANK15
      Params:         0       0       0       0       0       0       0       0       0       0       0       0       0       0       0       0       0
      Locals:         0       0       0       0       0       0       0       0       0       0       0       0       0       0       0       0       0
      Temps:          0       0       0       0       0       0       0       0       0       0       0       0       0       0       0       0       0
      Totals:         0       0       0       0       0       0       0       0       0       0       0       0       0       0       0       0       0
Total ram usage:        0 bytes
 Hardware stack levels used:    1
 Hardware stack levels required when called:    5
 This function calls:
		Nothing
 This function is called by:
		_system_initialize
 This function uses a non-reentrant model


 *************** function _osc_initialize *****************
 Defined at:
		line 3 in file "mcc.c"
 Parameters:    Size  Location     Type
		None
 Auto vars:     Size  Location     Type
		None
 Return value:  Size  Location     Type
                  1    wreg      void 
 Registers used:
		wreg, status,2
 Tracked objects:
		On entry : 
		On exit  : 
		Unchanged: 
 Data sizes:     COMRAM   BANK0   BANK1   BANK2   BANK3   BANK4   BANK5   BANK6   BANK7   BANK8   BANK9  BANK10  BANK11  BANK12  BANK13  BANK14  BANK15
      Params:         0       0       0       0       0       0       0       0       0       0       0       0       0       0       0       0       0
      Locals:         0       0       0       0       0       0       0       0       0       0       0       0       0       0       0       0       0
      Temps:          0       0       0       0       0       0       0       0       0       0       0       0       0       0       0       0       0
      Totals:         0       0       0       0       0       0       0       0       0       0       0       0       0       0       0       0       0
Total ram usage:        0 bytes
 Hardware stack levels used:    1
 Hardware stack levels required when called:    5
 This function calls:
		Nothing
 This function is called by:
		_system_initialize
 This function uses a non-reentrant model


 *************** function _interrupt_initialize *****************
 Defined at:
		line 35 in file "mcc.c"
 Parameters:    Size  Location     Type
		None
 Auto vars:     Size  Location     Type
		None
 Return value:  Size  Location     Type
                  1    wreg      void 
 Registers used:
		None
 Tracked objects:
		On entry : 
		On exit  : 
		Unchanged: 
 Data sizes:     COMRAM   BANK0   BANK1   BANK2   BANK3   BANK4   BANK5   BANK6   BANK7   BANK8   BANK9  BANK10  BANK11  BANK12  BANK13  BANK14  BANK15
      Params:         0       0       0       0       0       0       0       0       0       0       0       0       0       0       0       0       0
      Locals:         0       0       0       0       0       0       0       0       0       0       0       0       0       0       0       0       0
      Temps:          0       0       0       0       0       0       0       0       0       0       0       0       0       0       0       0       0
      Totals:         0       0       0       0       0       0       0       0       0       0       0       0       0       0       0       0       0
Total ram usage:        0 bytes
 Hardware stack levels used:    1
 Hardware stack levels required when called:    5
 This function calls:
		Nothing
 This function is called by:
		_system_initialize
 This function uses a non-reentrant model


 *************** function _LCDInit *****************
 Defined at:
		line 45 in file "lcd.c"
 Parameters:    Size  Location     Type
		None
 Auto vars:     Size  Location     Type
		None
 Return value:  Size  Location     Type
                  1    wreg      void 
 Registers used:
		wreg, status,2, status,0, cstack
 Tracked objects:
		On entry : 
		On exit  : 
		Unchanged: 
 Data sizes:     COMRAM   BANK0   BANK1   BANK2   BANK3   BANK4   BANK5   BANK6   BANK7   BANK8   BANK9  BANK10  BANK11  BANK12  BANK13  BANK14  BANK15
      Params:         0       0       0       0       0       0       0       0       0       0       0       0       0       0       0       0       0
      Locals:         0       0       0       0       0       0       0       0       0       0       0       0       0       0       0       0       0
      Temps:          0       1       0       0       0       0       0       0       0       0       0       0       0       0       0       0       0
      Totals:         0       1       0       0       0       0       0       0       0       0       0       0       0       0       0       0       0
Total ram usage:        1 bytes
 Hardware stack levels used:    1
 Hardware stack levels required when called:    8
 This function calls:
		_InitBBSPI
		_LCDPutInst
		_Port_BBSPIInit
		_WritePort_BBSPI
 This function is called by:
		_system_initialize
 This function uses a non-reentrant model


 *************** function _Port_BBSPIInit *****************
 Defined at:
		line 123 in file "lcd.c"
 Parameters:    Size  Location     Type
  port_dir        1    wreg     unsigned char 
 Auto vars:     Size  Location     Type
  port_dir        1    3[BANK0 ] unsigned char 
 Return value:  Size  Location     Type
                  1    wreg      void 
 Registers used:
		wreg, status,2, status,0, cstack
 Tracked objects:
		On entry : 
		On exit  : 
		Unchanged: 
 Data sizes:     COMRAM   BANK0   BANK1   BANK2   BANK3   BANK4   BANK5   BANK6   BANK7   BANK8   BANK9  BANK10  BANK11  BANK12  BANK13  BANK14  BANK15
      Params:         0       0       0       0       0       0       0       0       0       0       0       0       0       0       0       0       0
      Locals:         0       1       0       0       0       0       0       0       0       0       0       0       0       0       0       0       0
      Temps:          0       0       0       0       0       0       0       0       0       0       0       0       0       0       0       0       0
      Totals:         0       1       0       0       0       0       0       0       0       0       0       0       0       0       0       0       0
Total ram usage:        1 bytes
 Hardware stack levels used:    1
 Hardware stack levels required when called:    6
 This function calls:
		_SendByteBBSPI
 This function is called by:
		_LCDInit
 This function uses a non-reentrant model


 *************** function _InitBBSPI *****************
 Defined at:
		line 70 in file "lcd.c"
 Parameters:    Size  Location     Type
		None
 Auto vars:     Size  Location     Type
		None
 Return value:  Size  Location     Type
                  1    wreg      void 
 Registers used:
		None
 Tracked objects:
		On entry : 
		On exit  : 
		Unchanged: 
 Data sizes:     COMRAM   BANK0   BANK1   BANK2   BANK3   BANK4   BANK5   BANK6   BANK7   BANK8   BANK9  BANK10  BANK11  BANK12  BANK13  BANK14  BANK15
      Params:         0       0       0       0       0       0       0       0       0       0       0       0       0       0       0       0       0
      Locals:         0       0       0       0       0       0       0       0       0       0       0       0       0       0       0       0       0
      Temps:          0       0       0       0       0       0       0       0       0       0       0       0       0       0       0       0       0
      Totals:         0       0       0       0       0       0       0       0       0       0       0       0       0       0       0       0       0
Total ram usage:        0 bytes
 Hardware stack levels used:    1
 Hardware stack levels required when called:    5
 This function calls:
		Nothing
 This function is called by:
		_LCDInit
 This function uses a non-reentrant model


 *************** function _set_time_process *****************
 Defined at:
		line 27 in file "main.c"
 Parameters:    Size  Location     Type
		None
 Auto vars:     Size  Location     Type
  temp            2   42[BANK0 ] int 
  temp            2   40[BANK0 ] int 
 Return value:  Size  Location     Type
                  1    wreg      void 
 Registers used:
		wreg, fsr1l, fsr1h, fsr2l, fsr2h, status,2, status,0, tblptrl, tblptrh, tblptru, prodl, prodh, cstack
 Tracked objects:
		On entry : 
		On exit  : 
		Unchanged: 
 Data sizes:     COMRAM   BANK0   BANK1   BANK2   BANK3   BANK4   BANK5   BANK6   BANK7   BANK8   BANK9  BANK10  BANK11  BANK12  BANK13  BANK14  BANK15
      Params:         0       0       0       0       0       0       0       0       0       0       0       0       0       0       0       0       0
      Locals:         0       4       0       0       0       0       0       0       0       0       0       0       0       0       0       0       0
      Temps:          0       2       0       0       0       0       0       0       0       0       0       0       0       0       0       0       0
      Totals:         0       6       0       0       0       0       0       0       0       0       0       0       0       0       0       0       0
Total ram usage:        6 bytes
 Hardware stack levels used:    1
 Hardware stack levels required when called:   10
 This function calls:
		_LCDPrint
		_LCDPrintChar
		_LCDPutInst
		___awdiv
		___awmod
		_register_timer
		_remove_timer
 This function is called by:
		_main
 This function uses a non-reentrant model


 *************** function _remove_timer *****************
 Defined at:
		line 155 in file "clock.c"
 Parameters:    Size  Location     Type
  id              1    wreg     unsigned char 
 Auto vars:     Size  Location     Type
  id              1    5[BANK0 ] unsigned char 
  pos             1    4[BANK0 ] unsigned char 
 Return value:  Size  Location     Type
                  2   10[None  ] int 
 Registers used:
		wreg, fsr1l, fsr1h, fsr2l, fsr2h, status,2, status,0, prodl, prodh, cstack
 Tracked objects:
		On entry : 
		On exit  : 
		Unchanged: 
 Data sizes:     COMRAM   BANK0   BANK1   BANK2   BANK3   BANK4   BANK5   BANK6   BANK7   BANK8   BANK9  BANK10  BANK11  BANK12  BANK13  BANK14  BANK15
      Params:         0       0       0       0       0       0       0       0       0       0       0       0       0       0       0       0       0
      Locals:         0       2       0       0       0       0       0       0       0       0       0       0       0       0       0       0       0
      Temps:          0       4       0       0       0       0       0       0       0       0       0       0       0       0       0       0       0
      Totals:         0       6       0       0       0       0       0       0       0       0       0       0       0       0       0       0       0
Total ram usage:        6 bytes
 Hardware stack levels used:    1
 Hardware stack levels required when called:    6
 This function calls:
		_isEmptyList
 This function is called by:
		_set_time_process
 This function uses a non-reentrant model


 *************** function _isEmptyList *****************
 Defined at:
		line 73 in file "clock.c"
 Parameters:    Size  Location     Type
		None
 Auto vars:     Size  Location     Type
		None
 Return value:  Size  Location     Type
                  1    wreg      unsigned char 
 Registers used:
		wreg, status,2
 Tracked objects:
		On entry : 
		On exit  : 
		Unchanged: 
 Data sizes:     COMRAM   BANK0   BANK1   BANK2   BANK3   BANK4   BANK5   BANK6   BANK7   BANK8   BANK9  BANK10  BANK11  BANK12  BANK13  BANK14  BANK15
      Params:         0       0       0       0       0       0       0       0       0       0       0       0       0       0       0       0       0
      Locals:         0       0       0       0       0       0       0       0       0       0       0       0       0       0       0       0       0
      Temps:          0       0       0       0       0       0       0       0       0       0       0       0       0       0       0       0       0
      Totals:         0       0       0       0       0       0       0       0       0       0       0       0       0       0       0       0       0
Total ram usage:        0 bytes
 Hardware stack levels used:    1
 Hardware stack levels required when called:    5
 This function calls:
		Nothing
 This function is called by:
		_remove_timer
 This function uses a non-reentrant model


 *************** function _register_timer *****************
 Defined at:
		line 116 in file "clock.c"
 Parameters:    Size  Location     Type
  period          4    6[BANK0 ] unsigned long 
  delay           4   10[BANK0 ] unsigned long 
  callback        3   14[BANK0 ] PTR FTN(PTR void ,)void 
		 -> print_temp_and_humid(1), readTempAndHumid(1), check_humid_to_turn_fan(1), handleButton(1), 
		 -> changeState(1), 
  data_ptr        2   17[BANK0 ] PTR void 
		 -> NULL(0), 
 Auto vars:     Size  Location     Type
  cur             2   35[BANK0 ] int 
  prev            2   31[BANK0 ] int 
  sum             2   33[BANK0 ] int 
  idx             1   37[BANK0 ] unsigned char 
 Return value:  Size  Location     Type
                  1    wreg      unsigned char 
 Registers used:
		wreg, fsr2l, fsr2h, status,2, status,0, prodl, prodh, cstack
 Tracked objects:
		On entry : 
		On exit  : 
		Unchanged: 
 Data sizes:     COMRAM   BANK0   BANK1   BANK2   BANK3   BANK4   BANK5   BANK6   BANK7   BANK8   BANK9  BANK10  BANK11  BANK12  BANK13  BANK14  BANK15
      Params:         0      13       0       0       0       0       0       0       0       0       0       0       0       0       0       0       0
      Locals:         0       7       0       0       0       0       0       0       0       0       0       0       0       0       0       0       0
      Temps:          0      12       0       0       0       0       0       0       0       0       0       0       0       0       0       0       0
      Totals:         0      32       0       0       0       0       0       0       0       0       0       0       0       0       0       0       0
Total ram usage:       32 bytes
 Hardware stack levels used:    1
 Hardware stack levels required when called:    6
 This function calls:
		___wmul
		_isFullList
 This function is called by:
		_set_time_process
		_main
 This function uses a non-reentrant model


 *************** function _isFullList *****************
 Defined at:
		line 77 in file "clock.c"
 Parameters:    Size  Location     Type
		None
 Auto vars:     Size  Location     Type
		None
 Return value:  Size  Location     Type
                  1    wreg      unsigned char 
 Registers used:
		wreg, status,2, status,0
 Tracked objects:
		On entry : 
		On exit  : 
		Unchanged: 
 Data sizes:     COMRAM   BANK0   BANK1   BANK2   BANK3   BANK4   BANK5   BANK6   BANK7   BANK8   BANK9  BANK10  BANK11  BANK12  BANK13  BANK14  BANK15
      Params:         0       0       0       0       0       0       0       0       0       0       0       0       0       0       0       0       0
      Locals:         0       0       0       0       0       0       0       0       0       0       0       0       0       0       0       0       0
[...]
		On exit  : 
		Unchanged: 
 Data sizes:     COMRAM   BANK0   BANK1   BANK2   BANK3   BANK4   BANK5   BANK6   BANK7   BANK8   BANK9  BANK10  BANK11  BANK12  BANK13  BANK14  BANK15
      Params:         0       0       0       0       0       0       0       0       0       0       0       0       0       0       0       0       0
      Locals:         0       1       0       0       0       0       0       0       0       0       0       0       0       0       0       0       0
      Temps:          0       0       0       0       0       0       0       0       0       0       0       0       0       0       0       0       0
      Totals:         0       1       0       0       0       0       0       0       0       0       0       0       0       0       0       0       0
Total ram usage:        1 bytes
 Hardware stack levels used:    1
 Hardware stack levels required when called:    7
 This function calls:
		_WritePort_BBSPI
 This function is called by:
		_set_time_process
		_LTD_process
		_main
		_LCDInit
		_LCDMoveCursor
 This function uses a non-reentrant model


 *************** function _WritePort_BBSPI *****************
 Defined at:
		line 144 in file "lcd.c"
 Parameters:    Size  Location     Type
  port_add        1    wreg     unsigned char 
  a               1    3[BANK0 ] unsigned char 
 Auto vars:     Size  Location     Type
  port_add        1    4[BANK0 ] unsigned char 
 Return value:  Size  Location     Type
                  1    wreg      void 
 Registers used:
		wreg, status,2, status,0, cstack
 Tracked objects:
		On entry : 
		On exit  : 
		Unchanged: 
 Data sizes:     COMRAM   BANK0   BANK1   BANK2   BANK3   BANK4   BANK5   BANK6   BANK7   BANK8   BANK9  BANK10  BANK11  BANK12  BANK13  BANK14  BANK15
      Params:         0       1       0       0       0       0       0       0       0       0       0       0       0       0       0       0       0
      Locals:         0       1       0       0       0       0       0       0       0       0       0       0       0       0       0       0       0
      Temps:          0       0       0       0       0       0       0       0       0       0       0       0       0       0       0       0       0
      Totals:         0       2       0       0       0       0       0       0       0       0       0       0       0       0       0       0       0
Total ram usage:        2 bytes
 Hardware stack levels used:    1
 Hardware stack levels required when called:    6
 This function calls:
		_SendByteBBSPI
 This function is called by:
		_LCDInit
		_LCDPutChar
		_LCDPutInst
 This function uses a non-reentrant model


 *************** function _SendByteBBSPI *****************
 Defined at:
		line 91 in file "lcd.c"
 Parameters:    Size  Location     Type
  output          1    wreg     unsigned char 
 Auto vars:     Size  Location     Type
  output          1    0[BANK0 ] unsigned char 
  input           1    2[BANK0 ] unsigned char 
  bitcount        1    1[BANK0 ] unsigned char 
 Return value:  Size  Location     Type
                  1    wreg      void 
 Registers used:
		wreg, status,2, status,0
 Tracked objects:
		On entry : 
		On exit  : 
		Unchanged: 
 Data sizes:     COMRAM   BANK0   BANK1   BANK2   BANK3   BANK4   BANK5   BANK6   BANK7   BANK8   BANK9  BANK10  BANK11  BANK12  BANK13  BANK14  BANK15
      Params:         0       0       0       0       0       0       0       0       0       0       0       0       0       0       0       0       0
      Locals:         0       3       0       0       0       0       0       0       0       0       0       0       0       0       0       0       0
      Temps:          0       0       0       0       0       0       0       0       0       0       0       0       0       0       0       0       0
      Totals:         0       3       0       0       0       0       0       0       0       0       0       0       0       0       0       0       0
Total ram usage:        3 bytes
 Hardware stack levels used:    1
 Hardware stack levels required when called:    5
 This function calls:
		Nothing
 This function is called by:
		_Port_BBSPIInit
		_WritePort_BBSPI
 This function uses a non-reentrant model


 *************** function _timer_interrupt *****************
 Defined at:
		line 197 in file "clock.c"
 Parameters:    Size  Location     Type
		None
 Auto vars:     Size  Location     Type
  cur             2   47[COMRAM] int 
  prev            2   43[COMRAM] int 
  sum             2   45[COMRAM] int 
  pos             2   49[COMRAM] int 
 Return value:  Size  Location     Type
                  1    wreg      void 
 Registers used:
		wreg, fsr1l, fsr1h, fsr2l, fsr2h, status,2, status,0, prodl, prodh, cstack
 Tracked objects:
		On entry : 
		On exit  : 
		Unchanged: 
 Data sizes:     COMRAM   BANK0   BANK1   BANK2   BANK3   BANK4   BANK5   BANK6   BANK7   BANK8   BANK9  BANK10  BANK11  BANK12  BANK13  BANK14  BANK15
      Params:         0       0       0       0       0       0       0       0       0       0       0       0       0       0       0       0       0
      Locals:        15       0       0       0       0       0       0       0       0       0       0       0       0       0       0       0       0
      Temps:         22       0       0       0       0       0       0       0       0       0       0       0       0       0       0       0       0
      Totals:        37       0       0       0       0       0       0       0       0       0       0       0       0       0       0       0       0
Total ram usage:       37 bytes
 Hardware stack levels used:    1
 Hardware stack levels required when called:    4
 This function calls:
		_enqueue
		i2___wmul
		i2_remove_timer
 This function is called by:
		Interrupt level 2
 This function uses a non-reentrant model


 *************** function i2_remove_timer *****************
 Defined at:
		line 155 in file "clock.c"
 Parameters:    Size  Location     Type
  id              1    wreg     unsigned char 
 Auto vars:     Size  Location     Type
  id              1    4[COMRAM] unsigned char 
  remove_timer    1    5[COMRAM] unsigned char 
 Return value:  Size  Location     Type
                  2    0[None  ] int 
 Registers used:
		wreg, fsr1l, fsr1h, fsr2l, fsr2h, status,2, status,0, prodl, prodh, cstack
 Tracked objects:
		On entry : 
		On exit  : 
		Unchanged: 
 Data sizes:     COMRAM   BANK0   BANK1   BANK2   BANK3   BANK4   BANK5   BANK6   BANK7   BANK8   BANK9  BANK10  BANK11  BANK12  BANK13  BANK14  BANK15
      Params:         0       0       0       0       0       0       0       0       0       0       0       0       0       0       0       0       0
      Locals:         2       0       0       0       0       0       0       0       0       0       0       0       0       0       0       0       0
      Temps:          4       0       0       0       0       0       0       0       0       0       0       0       0       0       0       0       0
      Totals:         6       0       0       0       0       0       0       0       0       0       0       0       0       0       0       0       0
Total ram usage:        6 bytes
 Hardware stack levels used:    1
 Hardware stack levels required when called:    1
 This function calls:
		i2_isEmptyList
 This function is called by:
		_timer_interrupt
 This function uses a non-reentrant model


 *************** function i2_isEmptyList *****************
 Defined at:
		line 73 in file "clock.c"
 Parameters:    Size  Location     Type
		None
 Auto vars:     Size  Location     Type
		None
 Return value:  Size  Location     Type
                  1    wreg      unsigned char 
 Registers used:
		wreg, status,2
 Tracked objects:
		On entry : 
		On exit  : 
		Unchanged: 
 Data sizes:     COMRAM   BANK0   BANK1   BANK2   BANK3   BANK4   BANK5   BANK6   BANK7   BANK8   BANK9  BANK10  BANK11  BANK12  BANK13  BANK14  BANK15
      Params:         0       0       0       0       0       0       0       0       0       0       0       0       0       0       0       0       0
      Locals:         0       0       0       0       0       0       0       0       0       0       0       0       0       0       0       0       0
      Temps:          0       0       0       0       0       0       0       0       0       0       0       0       0       0       0       0       0
      Totals:         0       0       0       0       0       0       0       0       0       0       0       0       0       0       0       0       0
Total ram usage:        0 bytes
 Hardware stack levels used:    1
 This function calls:
		Nothing
 This function is called by:
		i2_remove_timer
 This function uses a non-reentrant model


 *************** function _enqueue *****************
 Defined at:
		line 29 in file "clock.c"
 Parameters:    Size  Location     Type
  ptr             3    9[COMRAM] PTR FTN(PTR void ,)void 
		 -> print_temp_and_humid(1), readTempAndHumid(1), check_humid_to_turn_fan(1), handleButton(1), 
		 -> NULL(0), changeState(1), 
  data_ptr        2   12[COMRAM] PTR void 
		 -> NULL(0), 
 Auto vars:     Size  Location     Type
		None
 Return value:  Size  Location     Type
                  1    wreg      unsigned char 
 Registers used:
		wreg, fsr2l, fsr2h, status,2, status,0, prodl, prodh, cstack
 Tracked objects:
		On entry : 
		On exit  : 
		Unchanged: 
 Data sizes:     COMRAM   BANK0   BANK1   BANK2   BANK3   BANK4   BANK5   BANK6   BANK7   BANK8   BANK9  BANK10  BANK11  BANK12  BANK13  BANK14  BANK15
      Params:         5       0       0       0       0       0       0       0       0       0       0       0       0       0       0       0       0
      Locals:         0       0       0       0       0       0       0       0       0       0       0       0       0       0       0       0       0
      Temps:          0       0       0       0       0       0       0       0       0       0       0       0       0       0       0       0       0
      Totals:         5       0       0       0       0       0       0       0       0       0       0       0       0       0       0       0       0
Total ram usage:        5 bytes
 Hardware stack levels used:    1
 Hardware stack levels required when called:    3
 This function calls:
		_isFullQueue
		i2___awmod
		i2___wmul
 This function is called by:
		_timer_interrupt
 This function uses a non-reentrant model


 *************** function i2___wmul *****************
 Defined at:
		line 15 in file "C:\Program Files (x86)\Microchip\xc8\v2.10\pic\sources\c99\common\Umul16.c"
 Parameters:    Size  Location     Type
  multiplier      2    0[COMRAM] unsigned int 
  multiplicand    2    2[COMRAM] unsigned int 
 Auto vars:     Size  Location     Type
  __wmul          2    4[COMRAM] unsigned int 
 Return value:  Size  Location     Type
                  2    0[COMRAM] unsigned int 
 Registers used:
		wreg, status,2, status,0, prodl, prodh
 Tracked objects:
		On entry : 
		On exit  : 
		Unchanged: 
 Data sizes:     COMRAM   BANK0   BANK1   BANK2   BANK3   BANK4   BANK5   BANK6   BANK7   BANK8   BANK9  BANK10  BANK11  BANK12  BANK13  BANK14  BANK15
      Params:         4       0       0       0       0       0       0       0       0       0       0       0       0       0       0       0       0
      Locals:         2       0       0       0       0       0       0       0       0       0       0       0       0       0       0       0       0
      Temps:          0       0       0       0       0       0       0       0       0       0       0       0       0       0       0       0       0
      Totals:         6       0       0       0       0       0       0       0       0       0       0       0       0       0       0       0       0
Total ram usage:        6 bytes
 Hardware stack levels used:    1
 This function calls:
		Nothing
 This function is called by:
		_enqueue
		_timer_interrupt
 This function uses a non-reentrant model


 *************** function _isFullQueue *****************
 Defined at:
		line 19 in file "clock.c"
 Parameters:    Size  Location     Type
		None
 Auto vars:     Size  Location     Type
		None
 Return value:  Size  Location     Type
                  1    wreg      unsigned char 
 Registers used:
		wreg, status,2, status,0, cstack
 Tracked objects:
		On entry : 
		On exit  : 
		Unchanged: 
 Data sizes:     COMRAM   BANK0   BANK1   BANK2   BANK3   BANK4   BANK5   BANK6   BANK7   BANK8   BANK9  BANK10  BANK11  BANK12  BANK13  BANK14  BANK15
      Params:         0       0       0       0       0       0       0       0       0       0       0       0       0       0       0       0       0
      Locals:         0       0       0       0       0       0       0       0       0       0       0       0       0       0       0       0       0
      Temps:          1       0       0       0       0       0       0       0       0       0       0       0       0       0       0       0       0
      Totals:         1       0       0       0       0       0       0       0       0       0       0       0       0       0       0       0       0
Total ram usage:        1 bytes
 Hardware stack levels used:    1
 Hardware stack levels required when called:    2
 This function calls:
		i2_getSizeQueue
 This function is called by:
		_enqueue
 This function uses a non-reentrant model


 *************** function i2_getSizeQueue *****************
 Defined at:
		line 15 in file "clock.c"
 Parameters:    Size  Location     Type
		None
 Auto vars:     Size  Location     Type
		None
 Return value:  Size  Location     Type
                  1    wreg      unsigned char 
 Registers used:
		wreg, status,2, status,0, cstack
 Tracked objects:
		On entry : 
		On exit  : 
		Unchanged: 
 Data sizes:     COMRAM   BANK0   BANK1   BANK2   BANK3   BANK4   BANK5   BANK6   BANK7   BANK8   BANK9  BANK10  BANK11  BANK12  BANK13  BANK14  BANK15
      Params:         0       0       0       0       0       0       0       0       0       0       0       0       0       0       0       0       0
      Locals:         0       0       0       0       0       0       0       0       0       0       0       0       0       0       0       0       0
      Temps:          2       0       0       0       0       0       0       0       0       0       0       0       0       0       0       0       0
      Totals:         2       0       0       0       0       0       0       0       0       0       0       0       0       0       0       0       0
Total ram usage:        2 bytes
 Hardware stack levels used:    1
 Hardware stack levels required when called:    1
 This function calls:
		i2___awmod
 This function is called by:
		_isFullQueue
 This function uses a non-reentrant model


 *************** function i2___awmod *****************
 Defined at:
		line 7 in file "C:\Program Files (x86)\Microchip\xc8\v2.10\pic\sources\c99\common\awmod.c"
 Parameters:    Size  Location     Type
  dividend        2    0[COMRAM] int 
  divisor         2    2[COMRAM] int 
 Auto vars:     Size  Location     Type
  __awmod         1    5[COMRAM] unsigned char 
  __awmod         1    4[COMRAM] unsigned char 
 Return value:  Size  Location     Type
                  2    0[COMRAM] int 
 Registers used:
		wreg, status,2, status,0
 Tracked objects:
		On entry : 
		On exit  : 
		Unchanged: 
 Data sizes:     COMRAM   BANK0   BANK1   BANK2   BANK3   BANK4   BANK5   BANK6   BANK7   BANK8   BANK9  BANK10  BANK11  BANK12  BANK13  BANK14  BANK15
      Params:         4       0       0       0       0       0       0       0       0       0       0       0       0       0       0       0       0
      Locals:         2       0       0       0       0       0       0       0       0       0       0       0       0       0       0       0       0
      Temps:          0       0       0       0       0       0       0       0       0       0       0       0       0       0       0       0       0
      Totals:         6       0       0       0       0       0       0       0       0       0       0       0       0       0       0       0       0
Total ram usage:        6 bytes
 Hardware stack levels used:    1
 This function calls:
		Nothing
 This function is called by:
		_enqueue
		i2_getSizeQueue
 This function uses a non-reentrant model



MODULE INFORMATION

Module		Function		Class		Link	Load	Size
clock.c
		_getSizeQueue  		CODE           	36CC	0000	45
		_timer_interrupt		CODE           	0008	0000	1383
		_remove_timer  		CODE           	2520	0000	411
		_isFullQueue   		CODE           	37FA	0000	29
		_start_timer   		CODE           	3108	0000	151
		_dequeue       		CODE           	2FCA	0000	163
		_register_timer		CODE           	19DA	0000	929
		_isEmptyList   		CODE           	3830	0000	25
		_isEmptyQueue  		CODE           	366A	0000	55
		_enqueue       		CODE           	2F1E	0000	173
		_initializeTaskList		CODE           	2996	0000	271
		_get_time      		CODE           	3872	0000	19
		_dispatch      		CODE           	32F0	0000	101
		_isFullList    		CODE           	3816	0000	27
		_queueInitialize		CODE           	319E	0000	133

clock.c estimated size: 3915

C:\Program Files (x86)\Microchip\xc8\v2.10\pic\sources\c99\common\awdiv.c
		___awdiv       		CODE           	2B84	0000	199

C:\Program Files (x86)\Microchip\xc8\v2.10\pic\sources\c99\common\awdiv.c estimated size: 199

buttons.c
		_handleButton  		CODE           	1D7A	0000	833
		_readButtonRB0 		CODE           	33B6	0000	83
		_readButtonRA5 		CODE           	3408	0000	83

buttons.c estimated size: 999

shared
		i2___wmul      		CODE           	3772	0000	39
		__initialization		CODE           	3354	0000	89
		i2___awmod     		CODE           	2E6E	0000	177
		i2_isEmptyList 		CODE           	3848	0000	25
		i2_remove_timer		CODE           	26BA	0000	409
		i2_getSizeQueue		CODE           	36F8	0000	43

shared estimated size: 782

mcc.c
		_check_humid_to_turn_fan		CODE           	306C	0000	157
		_system_initialize		CODE           	3722	0000	41
		_osc_initialize		CODE           	389A	0000	7
		_changeState   		CODE           	2DBE	0000	177
		_pin_initialize		CODE           	3798	0000	37
		_print_temp_and_humid		CODE           	2C4A	0000	195
		_interrupt_initialize		CODE           	38A0	0000	7

mcc.c estimated size: 621

lcd.c
		_LCDMoveCursor 		CODE           	362C	0000	63
		_LCDPutStr     		CODE           	35AE	0000	65
		_LCDPutChar    		CODE           	34EA	0000	67
		_SendByteBBSPI 		CODE           	3222	0000	107
		_LCDInit       		CODE           	328C	0000	101
		_LCDPutInst    		CODE           	352C	0000	67
		_LCDPrint      		CODE           	34A8	0000	67
		_LCDPrintChar  		CODE           	35EE	0000	63
		_WritePort_BBSPI		CODE           	37BC	0000	33
		_InitBBSPI     		CODE           	3860	0000	19
		_Port_BBSPIInit		CODE           	37DC	0000	31

lcd.c estimated size: 683

LTDtasks.c
		_turn_on_fan   		CODE           	356E	0000	65
		_turn_off_heater		CODE           	38AE	0000	5
		_set_speed_fan3		CODE           	3884	0000	13
		_turn_off_heat_pump		CODE           	38B2	0000	5
		_turn_on_heater		CODE           	38A6	0000	5
		_turn_on_heat_pump		CODE           	38AA	0000	5
		_turn_off_fan  		CODE           	345A	0000	79

LTDtasks.c estimated size: 177

C:\Program Files (x86)\Microchip\xc8\v2.10\pic\sources\c99\common\Umul16.c
		___wmul        		CODE           	374A	0000	41

C:\Program Files (x86)\Microchip\xc8\v2.10\pic\sources\c99\common\Umul16.c estimated size: 41

dht11.c
		_getByte       		CODE           	2AA4	0000	225
		_readDHT       		CODE           	2852	0000	325
		_readTempAndHumid		CODE           	36A0	0000	45

dht11.c estimated size: 595

C:\Program Files (x86)\Microchip\xc8\v2.10\pic\sources\c99\common\awmod.c
		___awmod       		CODE           	2D0C	0000	179

C:\Program Files (x86)\Microchip\xc8\v2.10\pic\sources\c99\common\awmod.c estimated size: 179

main.c
		_main          		CODE           	237E	0000	419
		_LTD_process   		CODE           	15E6	0000	1013
		_set_time_process		CODE           	20BA	0000	709

main.c estimated size: 2141

